ARM Linker, 4.1 [Build 791] [Professional]

==============================================================================

Section Cross References

    system_stm32f10x.o(.text) refers to system_stm32f10x.o(.data) for SystemCoreClock
    startup_stm32f10x_hd.o(STACK) refers (Special) to heapauxi.o(.text) for __use_two_region_memory
    startup_stm32f10x_hd.o(HEAP) refers (Special) to heapauxi.o(.text) for __use_two_region_memory
    startup_stm32f10x_hd.o(RESET) refers (Special) to heapauxi.o(.text) for __use_two_region_memory
    startup_stm32f10x_hd.o(RESET) refers to startup_stm32f10x_hd.o(STACK) for __initial_sp
    startup_stm32f10x_hd.o(RESET) refers to startup_stm32f10x_hd.o(.text) for Reset_Handler
    startup_stm32f10x_hd.o(RESET) refers to stm32f10x_it.o(.text) for NMI_Handler
    startup_stm32f10x_hd.o(.text) refers (Special) to heapauxi.o(.text) for __use_two_region_memory
    startup_stm32f10x_hd.o(.text) refers to system_stm32f10x.o(.text) for SystemInit
    startup_stm32f10x_hd.o(.text) refers to __main.o(!!!main) for __main
    startup_stm32f10x_hd.o(.text) refers to startup_stm32f10x_hd.o(HEAP) for Heap_Mem
    startup_stm32f10x_hd.o(.text) refers to startup_stm32f10x_hd.o(STACK) for Stack_Mem
    stm32f10x_adc.o(.text) refers to stm32f10x_rcc.o(.text) for RCC_APB2PeriphResetCmd
    stm32f10x_bkp.o(.text) refers to stm32f10x_rcc.o(.text) for RCC_BackupResetCmd
    stm32f10x_can.o(.text) refers to stm32f10x_rcc.o(.text) for RCC_APB1PeriphResetCmd
    stm32f10x_cec.o(.text) refers to stm32f10x_rcc.o(.text) for RCC_APB1PeriphResetCmd
    stm32f10x_dac.o(.text) refers to stm32f10x_rcc.o(.text) for RCC_APB1PeriphResetCmd
    stm32f10x_gpio.o(.text) refers to stm32f10x_rcc.o(.text) for RCC_APB2PeriphResetCmd
    stm32f10x_i2c.o(.text) refers to stm32f10x_rcc.o(.text) for RCC_APB1PeriphResetCmd
    stm32f10x_pwr.o(.text) refers to stm32f10x_rcc.o(.text) for RCC_APB1PeriphResetCmd
    stm32f10x_rcc.o(.text) refers to stm32f10x_rcc.o(.data) for APBAHBPrescTable
    stm32f10x_spi.o(.text) refers to stm32f10x_rcc.o(.text) for RCC_APB2PeriphResetCmd
    stm32f10x_tim.o(.text) refers to stm32f10x_rcc.o(.text) for RCC_APB2PeriphResetCmd
    stm32f10x_usart.o(.text) refers to stm32f10x_rcc.o(.text) for RCC_APB2PeriphResetCmd
    stm32f10x_wwdg.o(.text) refers to stm32f10x_rcc.o(.text) for RCC_APB1PeriphResetCmd
    main.o(.text) refers to hw_config.o(.text) for Set_System
    main.o(.text) refers to usb_init.o(.text) for USB_Init
    main.o(.text) refers to usb_endp.o(.data) for count_out
    main.o(.text) refers to usb_pwr.o(.data) for bDeviceState
    main.o(.text) refers to usb_endp.o(.bss) for buffer_out
    stm32f10x_it.o(.text) refers to stm32f10x_usart.o(.text) for USART_GetITStatus
    stm32f10x_it.o(.text) refers to hw_config.o(.text) for USART_To_USB_Send_Data
    stm32f10x_it.o(.text) refers to usb_istr.o(.text) for USB_Istr
    hw_config.o(.text) refers to stm32f10x_rcc.o(.text) for RCC_DeInit
    hw_config.o(.text) refers to stm32f10x_flash.o(.text) for FLASH_PrefetchBufferCmd
    hw_config.o(.text) refers to stm32f10x_gpio.o(.text) for GPIO_Init
    hw_config.o(.text) refers to misc.o(.text) for NVIC_SetVectorTable
    hw_config.o(.text) refers to stm32f10x_usart.o(.text) for USART_Init
    hw_config.o(.text) refers to usb_mem.o(.text) for UserToPMABufferCopy
    hw_config.o(.text) refers to usb_regs.o(.text) for SetEPTxCount
    hw_config.o(.text) refers to hw_config.o(.data) for HSEStartUpStatus
    hw_config.o(.text) refers to usb_pwr.o(.data) for bDeviceState
    hw_config.o(.text) refers to usb_init.o(.bss) for Device_Info
    hw_config.o(.text) refers to hw_config.o(.bss) for USART_InitStructure
    hw_config.o(.text) refers to usb_prop.o(.data) for linecoding
    hw_config.o(.text) refers to usb_endp.o(.data) for count_in
    hw_config.o(.text) refers to usb_desc.o(.data) for Virtual_Com_Port_StringSerial
    usb_endp.o(.text) refers to usb_regs.o(.text) for GetEPRxCount
    usb_endp.o(.text) refers to usb_mem.o(.text) for PMAToUserBufferCopy
    usb_endp.o(.text) refers to usb_endp.o(.data) for count_out
    usb_endp.o(.text) refers to usb_endp.o(.bss) for buffer_out
    usb_istr.o(.text) refers to usb_int.o(.text) for CTR_LP
    usb_istr.o(.text) refers to usb_istr.o(.data) for wIstr
    usb_istr.o(.text) refers to usb_init.o(.data) for wInterrupt_Mask
    usb_istr.o(.text) refers to usb_prop.o(.data) for Device_Property
    usb_istr.o(.data) refers to usb_endp.o(.text) for EP1_IN_Callback
    usb_istr.o(.data) refers to usb_core.o(.text) for NOP_Process
    usb_prop.o(.text) refers to hw_config.o(.text) for Get_SerialNum
    usb_prop.o(.text) refers to usb_pwr.o(.text) for PowerOn
    usb_prop.o(.text) refers to usb_regs.o(.text) for SetBTABLE
    usb_prop.o(.text) refers to usb_core.o(.text) for SetDeviceAddress
    usb_prop.o(.text) refers to usb_init.o(.data) for pInformation
    usb_prop.o(.text) refers to usb_pwr.o(.data) for bDeviceState
    usb_prop.o(.text) refers to usb_desc.o(.constdata) for Virtual_Com_Port_ConfigDescriptor
    usb_prop.o(.text) refers to usb_prop.o(.data) for Device_Property
    usb_prop.o(.text) refers to usb_init.o(.bss) for Device_Info
    usb_prop.o(.data) refers to usb_prop.o(.text) for Virtual_Com_Port_init
    usb_prop.o(.data) refers to usb_core.o(.text) for NOP_Process
    usb_prop.o(.data) refers to usb_desc.o(.constdata) for Virtual_Com_Port_DeviceDescriptor
    usb_prop.o(.data) refers to usb_desc.o(.data) for Virtual_Com_Port_StringSerial
    usb_pwr.o(.text) refers to hw_config.o(.text) for USB_Cable_Config
    usb_pwr.o(.text) refers to usb_init.o(.data) for wInterrupt_Mask
    usb_pwr.o(.text) refers to usb_pwr.o(.data) for ResumeS
    pwm.o(.text) refers to stm32f10x_rcc.o(.text) for RCC_APB1PeriphClockCmd
    pwm.o(.text) refers to stm32f10x_gpio.o(.text) for GPIO_Init
    pwm.o(.text) refers to stm32f10x_tim.o(.text) for TIM_TimeBaseInit
    usb_core.o(.text) refers to usb_regs.o(.text) for ClearDTOG_TX
    usb_core.o(.text) refers to usb_init.o(.data) for pInformation
    usb_core.o(.text) refers to usb_prop.o(.data) for Device_Table
    usb_core.o(.text) refers to usb_core.o(.data) for StatusInfo
    usb_core.o(.text) refers to usb_mem.o(.text) for PMAToUserBufferCopy
    usb_core.o(.text) refers to usb_int.o(.data) for SaveRState
    usb_init.o(.text) refers to usb_init.o(.bss) for Device_Info
    usb_init.o(.text) refers to usb_init.o(.data) for pInformation
    usb_init.o(.text) refers to usb_prop.o(.data) for Device_Property
    usb_int.o(.text) refers to usb_core.o(.text) for In0_Process
    usb_int.o(.text) refers to usb_istr.o(.data) for wIstr
    usb_int.o(.text) refers to usb_init.o(.data) for EPindex
    usb_int.o(.text) refers to usb_int.o(.data) for SaveRState
    __main.o(!!!main) refers to rtentry.o(.ARM.Collect$$rtentry$$00000000) for __rt_entry
    rtentry.o(.ARM.Collect$$rtentry$$00000000) refers (Special) to rtentry2.o(.ARM.Collect$$rtentry$$0000000A) for __rt_entry_li
    rtentry.o(.ARM.Collect$$rtentry$$00000000) refers (Special) to rtentry2.o(.ARM.Collect$$rtentry$$0000000D) for __rt_entry_main
    rtentry.o(.ARM.Collect$$rtentry$$00000000) refers (Special) to rtentry2.o(.ARM.Collect$$rtentry$$0000000C) for __rt_entry_postli_1
    rtentry.o(.ARM.Collect$$rtentry$$00000000) refers (Special) to rtentry2.o(.ARM.Collect$$rtentry$$00000009) for __rt_entry_postsh_1
    rtentry.o(.ARM.Collect$$rtentry$$00000000) refers (Special) to rtentry2.o(.ARM.Collect$$rtentry$$00000002) for __rt_entry_presh_1
    rtentry.o(.ARM.Collect$$rtentry$$00000000) refers (Special) to rtentry4.o(.ARM.Collect$$rtentry$$00000004) for __rt_entry_sh
    rtentry2.o(.ARM.Collect$$rtentry$$00000008) refers to boardinit2.o(.text) for _platform_post_stackheap_init
    rtentry2.o(.ARM.Collect$$rtentry$$0000000A) refers to libinit.o(.ARM.Collect$$libinit$$00000000) for __rt_lib_init
    rtentry2.o(.ARM.Collect$$rtentry$$0000000B) refers to boardinit3.o(.text) for _platform_post_lib_init
    rtentry2.o(.ARM.Collect$$rtentry$$0000000D) refers to main.o(.text) for main
    rtentry2.o(.ARM.Collect$$rtentry$$0000000D) refers to exit.o(.text) for exit
    rtentry2.o(.ARM.exidx) refers to rtentry2.o(.ARM.Collect$$rtentry$$00000001) for .ARM.Collect$$rtentry$$00000001
    rtentry2.o(.ARM.exidx) refers to rtentry2.o(.ARM.Collect$$rtentry$$00000008) for .ARM.Collect$$rtentry$$00000008
    rtentry2.o(.ARM.exidx) refers to rtentry2.o(.ARM.Collect$$rtentry$$0000000A) for .ARM.Collect$$rtentry$$0000000A
    rtentry2.o(.ARM.exidx) refers to rtentry2.o(.ARM.Collect$$rtentry$$0000000B) for .ARM.Collect$$rtentry$$0000000B
    rtentry2.o(.ARM.exidx) refers to rtentry2.o(.ARM.Collect$$rtentry$$0000000D) for .ARM.Collect$$rtentry$$0000000D
    rtentry4.o(.ARM.Collect$$rtentry$$00000004) refers to sys_stackheap_outer.o(.text) for __user_setup_stackheap
    rtentry4.o(.ARM.exidx) refers to rtentry4.o(.ARM.Collect$$rtentry$$00000004) for .ARM.Collect$$rtentry$$00000004
    sys_stackheap_outer.o(.text) refers to libspace.o(.text) for __user_perproc_libspace
    sys_stackheap_outer.o(.text) refers to startup_stm32f10x_hd.o(.text) for __user_initial_stackheap
    exit.o(.text) refers to rtexit.o(.ARM.Collect$$rtexit$$00000000) for __rt_exit
    libinit.o(.ARM.Collect$$libinit$$00000000) refers (Special) to libinit2.o(.ARM.Collect$$libinit$$0000002A) for __rt_lib_init_alloca_1
    libinit.o(.ARM.Collect$$libinit$$00000000) refers (Special) to libinit2.o(.ARM.Collect$$libinit$$00000028) for __rt_lib_init_argv_1
    libinit.o(.ARM.Collect$$libinit$$00000000) refers (Special) to libinit2.o(.ARM.Collect$$libinit$$00000017) for __rt_lib_init_atexit_1
    libinit.o(.ARM.Collect$$libinit$$00000000) refers (Special) to libinit2.o(.ARM.Collect$$libinit$$0000001D) for __rt_lib_init_clock_1
    libinit.o(.ARM.Collect$$libinit$$00000000) refers (Special) to libinit2.o(.ARM.Collect$$libinit$$0000002E) for __rt_lib_init_cpp_1
    libinit.o(.ARM.Collect$$libinit$$00000000) refers (Special) to libinit2.o(.ARM.Collect$$libinit$$0000002C) for __rt_lib_init_exceptions_1
    libinit.o(.ARM.Collect$$libinit$$00000000) refers (Special) to libinit2.o(.ARM.Collect$$libinit$$0000001B) for __rt_lib_init_fp_trap_1
    libinit.o(.ARM.Collect$$libinit$$00000000) refers (Special) to libinit2.o(.ARM.Collect$$libinit$$0000001F) for __rt_lib_init_getenv_1
    libinit.o(.ARM.Collect$$libinit$$00000000) refers (Special) to libinit2.o(.ARM.Collect$$libinit$$00000006) for __rt_lib_init_heap_1
    libinit.o(.ARM.Collect$$libinit$$00000000) refers (Special) to libinit2.o(.ARM.Collect$$libinit$$0000000D) for __rt_lib_init_lc_collate_1
    libinit.o(.ARM.Collect$$libinit$$00000000) refers (Special) to libinit2.o(.ARM.Collect$$libinit$$0000000F) for __rt_lib_init_lc_ctype_1
    libinit.o(.ARM.Collect$$libinit$$00000000) refers (Special) to libinit2.o(.ARM.Collect$$libinit$$00000011) for __rt_lib_init_lc_monetary_1
    libinit.o(.ARM.Collect$$libinit$$00000000) refers (Special) to libinit2.o(.ARM.Collect$$libinit$$00000013) for __rt_lib_init_lc_numeric_1
    libinit.o(.ARM.Collect$$libinit$$00000000) refers (Special) to libinit2.o(.ARM.Collect$$libinit$$00000015) for __rt_lib_init_lc_time_1
    libinit.o(.ARM.Collect$$libinit$$00000000) refers (Special) to libinit2.o(.ARM.Collect$$libinit$$0000000A) for __rt_lib_init_rand_1
    libinit.o(.ARM.Collect$$libinit$$00000000) refers (Special) to libinit2.o(.ARM.Collect$$libinit$$0000002F) for __rt_lib_init_return
    libinit.o(.ARM.Collect$$libinit$$00000000) refers (Special) to libinit2.o(.ARM.Collect$$libinit$$00000019) for __rt_lib_init_signal_1
    libinit.o(.ARM.Collect$$libinit$$00000000) refers (Special) to libinit2.o(.ARM.Collect$$libinit$$00000021) for __rt_lib_init_stdio_1
    libinit.o(.ARM.Collect$$libinit$$00000000) refers (Special) to libinit2.o(.ARM.Collect$$libinit$$00000008) for __rt_lib_init_user_alloc_1
    libinit.o(.ARM.Collect$$libinit$$00000000) refers to fpinit.o(x$fpl$fpinit) for _fp_init
    libspace.o(.text) refers to libspace.o(.bss) for __libspace_start
    rtexit.o(.ARM.Collect$$rtexit$$00000000) refers (Special) to rtexit2.o(.ARM.Collect$$rtexit$$00000004) for __rt_exit_exit
    rtexit.o(.ARM.Collect$$rtexit$$00000000) refers (Special) to rtexit2.o(.ARM.Collect$$rtexit$$00000003) for __rt_exit_ls
    rtexit.o(.ARM.Collect$$rtexit$$00000000) refers (Special) to rtexit2.o(.ARM.Collect$$rtexit$$00000002) for __rt_exit_prels_1
    rtexit.o(.ARM.exidx) refers (Special) to rtexit2.o(.ARM.Collect$$rtexit$$00000004) for __rt_exit_exit
    rtexit.o(.ARM.exidx) refers (Special) to rtexit2.o(.ARM.Collect$$rtexit$$00000003) for __rt_exit_ls
    rtexit.o(.ARM.exidx) refers (Special) to rtexit2.o(.ARM.Collect$$rtexit$$00000002) for __rt_exit_prels_1
    rtexit.o(.ARM.exidx) refers to rtexit.o(.ARM.Collect$$rtexit$$00000000) for .ARM.Collect$$rtexit$$00000000
    libinit2.o(.ARM.Collect$$libinit$$0000000C) refers to libinit2.o(.ARM.Collect$$libinit$$0000000B) for .ARM.Collect$$libinit$$0000000B
    libinit2.o(.ARM.Collect$$libinit$$0000000E) refers to libinit2.o(.ARM.Collect$$libinit$$0000000B) for .ARM.Collect$$libinit$$0000000B
    libinit2.o(.ARM.Collect$$libinit$$00000010) refers to libinit2.o(.ARM.Collect$$libinit$$0000000B) for .ARM.Collect$$libinit$$0000000B
    libinit2.o(.ARM.Collect$$libinit$$00000012) refers to libinit2.o(.ARM.Collect$$libinit$$0000000B) for .ARM.Collect$$libinit$$0000000B
    libinit2.o(.ARM.Collect$$libinit$$00000014) refers to libinit2.o(.ARM.Collect$$libinit$$0000000B) for .ARM.Collect$$libinit$$0000000B
    libinit2.o(.ARM.Collect$$libinit$$00000022) refers to argv_veneer.o(.emb_text) for __ARM_argv_veneer
    libinit2.o(.ARM.Collect$$libinit$$00000023) refers to argv_veneer.o(.emb_text) for __ARM_argv_veneer
    fpinit.o(x$fpl$fpinit) refers to rt_fp_status_addr_intlibspace.o(.text) for __rt_fp_status_addr
    rtexit2.o(.ARM.Collect$$rtexit$$00000003) refers to libshutdown.o(.ARM.Collect$$libshutdown$$00000000) for __rt_lib_shutdown
    rtexit2.o(.ARM.Collect$$rtexit$$00000004) refers to sys_exit.o(.text) for _sys_exit
    rtexit2.o(.ARM.exidx) refers to rtexit2.o(.ARM.Collect$$rtexit$$00000001) for .ARM.Collect$$rtexit$$00000001
    rtexit2.o(.ARM.exidx) refers to rtexit2.o(.ARM.Collect$$rtexit$$00000003) for .ARM.Collect$$rtexit$$00000003
    rtexit2.o(.ARM.exidx) refers to rtexit2.o(.ARM.Collect$$rtexit$$00000004) for .ARM.Collect$$rtexit$$00000004
    rt_fp_status_addr.o(.text) refers to rt_fp_status_addr.o(.bss) for __rt_fp_status_addr_data
    rt_fp_status_addr_intlibspace.o(.text) refers to libspace.o(.bss) for __libspace_start
    argv_veneer.o(.emb_text) refers to no_argv.o(.text) for __ARM_get_argv
    sys_exit.o(.text) refers (Special) to use_no_semi.o(.text) for __I$use$semihosting
    sys_exit.o(.text) refers (Special) to indicate_semi.o(.text) for __semihosting_library_function
    _get_argv_nomalloc.o(.text) refers (Special) to hrguard.o(.text) for __heap_region$guard
    _get_argv_nomalloc.o(.text) refers to defsig_rtmem_outer.o(.text) for __rt_SIGRTMEM
    _get_argv_nomalloc.o(.text) refers to sys_command.o(.text) for _sys_command_string
    libshutdown.o(.ARM.Collect$$libshutdown$$00000000) refers (Special) to libshutdown2.o(.ARM.Collect$$libshutdown$$00000006) for __rt_lib_shutdown_fp_trap_1
    libshutdown.o(.ARM.Collect$$libshutdown$$00000000) refers (Special) to libshutdown2.o(.ARM.Collect$$libshutdown$$0000000E) for __rt_lib_shutdown_heap_1
    libshutdown.o(.ARM.Collect$$libshutdown$$00000000) refers (Special) to libshutdown2.o(.ARM.Collect$$libshutdown$$0000000F) for __rt_lib_shutdown_return
    libshutdown.o(.ARM.Collect$$libshutdown$$00000000) refers (Special) to libshutdown2.o(.ARM.Collect$$libshutdown$$00000009) for __rt_lib_shutdown_signal_1
    libshutdown.o(.ARM.Collect$$libshutdown$$00000000) refers (Special) to libshutdown2.o(.ARM.Collect$$libshutdown$$00000003) for __rt_lib_shutdown_stdio_1
    libshutdown.o(.ARM.Collect$$libshutdown$$00000000) refers (Special) to libshutdown2.o(.ARM.Collect$$libshutdown$$0000000B) for __rt_lib_shutdown_user_alloc_1
    sys_command.o(.text) refers (Special) to use_no_semi.o(.text) for __I$use$semihosting
    sys_command.o(.text) refers (Special) to indicate_semi.o(.text) for __semihosting_library_function
    defsig_rtmem_outer.o(.text) refers to defsig_rtmem_inner.o(.text) for __rt_SIGRTMEM_inner
    defsig_rtmem_outer.o(.text) refers to defsig_exit.o(.text) for __sig_exit
    defsig_rtmem_formal.o(.text) refers to rt_raise.o(.text) for __rt_raise
    rt_raise.o(.text) refers to __raise.o(.text) for __raise
    rt_raise.o(.text) refers to sys_exit.o(.text) for _sys_exit
    defsig_exit.o(.text) refers to sys_exit.o(.text) for _sys_exit
    defsig_rtmem_inner.o(.text) refers to defsig_general.o(.text) for __default_signal_display
    __raise.o(.text) refers to defsig.o(CL$$defsig) for __default_signal_handler
    defsig_general.o(.text) refers to sys_wrch.o(.text) for _ttywrch
    sys_wrch.o(.text) refers (Special) to use_no_semi.o(.text) for __I$use$semihosting
    sys_wrch.o(.text) refers (Special) to indicate_semi.o(.text) for __semihosting_library_function
    defsig.o(CL$$defsig) refers to defsig_rtmem_inner.o(.text) for __rt_SIGRTMEM_inner
    defsig_abrt_inner.o(.text) refers to defsig_general.o(.text) for __default_signal_display
    defsig_fpe_inner.o(.text) refers to defsig_general.o(.text) for __default_signal_display
    defsig_rtred_inner.o(.text) refers to defsig_general.o(.text) for __default_signal_display
    defsig_stak_inner.o(.text) refers to defsig_general.o(.text) for __default_signal_display
    defsig_pvfn_inner.o(.text) refers to defsig_general.o(.text) for __default_signal_display
    defsig_cppl_inner.o(.text) refers to defsig_general.o(.text) for __default_signal_display
    defsig_segv_inner.o(.text) refers to defsig_general.o(.text) for __default_signal_display
    defsig_other.o(.text) refers to defsig_general.o(.text) for __default_signal_display


==============================================================================

Removing Unused input sections from the image.

    Removing core_cm3.o(.emb_text), (32 bytes).
    Removing stm32f10x_adc.o(.text), (1240 bytes).
    Removing stm32f10x_bkp.o(.text), (188 bytes).
    Removing stm32f10x_can.o(.text), (2752 bytes).
    Removing stm32f10x_cec.o(.text), (328 bytes).
    Removing stm32f10x_crc.o(.text), (80 bytes).
    Removing stm32f10x_dac.o(.text), (412 bytes).
    Removing stm32f10x_dbgmcu.o(.text), (52 bytes).
    Removing stm32f10x_dma.o(.text), (592 bytes).
    Removing stm32f10x_exti.o(.text), (328 bytes).
    Removing stm32f10x_fsmc.o(.text), (1672 bytes).
    Removing stm32f10x_i2c.o(.text), (1130 bytes).
    Removing stm32f10x_iwdg.o(.text), (68 bytes).
    Removing stm32f10x_pwr.o(.text), (220 bytes).
    Removing stm32f10x_rtc.o(.text), (376 bytes).
    Removing stm32f10x_sdio.o(.text), (548 bytes).
    Removing stm32f10x_spi.o(.text), (912 bytes).
    Removing stm32f10x_tim.o(.text), (4048 bytes).
    Removing stm32f10x_wwdg.o(.text), (136 bytes).
    Removing pwm.o(.text), (176 bytes).

20 unused section(s) (total 15290 bytes) removed from the image.

==============================================================================

Image Symbol Table

    Local Symbols

    Symbol Name                              Value     Ov Type        Size  Object(Section)

    ../../angel/boardlib.s                   0x00000000   Number         0  boardinit1.o ABSOLUTE
    ../../angel/boardlib.s                   0x00000000   Number         0  boardshut.o ABSOLUTE
    ../../angel/boardlib.s                   0x00000000   Number         0  boardinit3.o ABSOLUTE
    ../../angel/boardlib.s                   0x00000000   Number         0  boardinit2.o ABSOLUTE
    ../../angel/dczerorl2.s                  0x00000000   Number         0  __dczerorl2.o ABSOLUTE
    ../../angel/handlers.s                   0x00000000   Number         0  __scatter_zi.o ABSOLUTE
    ../../angel/kernel.s                     0x00000000   Number         0  rtexit.o ABSOLUTE
    ../../angel/kernel.s                     0x00000000   Number         0  rtentry4.o ABSOLUTE
    ../../angel/kernel.s                     0x00000000   Number         0  rtentry.o ABSOLUTE
    ../../angel/kernel.s                     0x00000000   Number         0  rtexit2.o ABSOLUTE
    ../../angel/kernel.s                     0x00000000   Number         0  rtentry2.o ABSOLUTE
    ../../angel/rt.s                         0x00000000   Number         0  rt_raise.o ABSOLUTE
    ../../angel/rt.s                         0x00000000   Number         0  rt_fp_status_addr.o ABSOLUTE
    ../../angel/rt.s                         0x00000000   Number         0  rt_fp_status_addr_intlibspace.o ABSOLUTE
    ../../angel/scatter.s                    0x00000000   Number         0  __scatter.o ABSOLUTE
    ../../angel/startup.s                    0x00000000   Number         0  __main.o ABSOLUTE
    ../../angel/sys.s                        0x00000000   Number         0  sys_stackheap_outer.o ABSOLUTE
    ../../angel/sys.s                        0x00000000   Number         0  use_no_semi.o ABSOLUTE
    ../../angel/sys.s                        0x00000000   Number         0  indicate_semi.o ABSOLUTE
    ../../angel/sys.s                        0x00000000   Number         0  libspace.o ABSOLUTE
    ../../angel/sysapp.c                     0x00000000   Number         0  sys_exit.o ABSOLUTE
    ../../angel/sysapp.c                     0x00000000   Number         0  sys_command.o ABSOLUTE
    ../../angel/sysapp.c                     0x00000000   Number         0  sys_wrch.o ABSOLUTE
    ../../armsys.c                           0x00000000   Number         0  no_argv.o ABSOLUTE
    ../../armsys.c                           0x00000000   Number         0  _get_argv_nomalloc.o ABSOLUTE
    ../../armsys.c                           0x00000000   Number         0  argv_veneer.o ABSOLUTE
    ../../armsys.c                           0x00000000   Number         0  argv_veneer.o ABSOLUTE
    ../../fpinit.s                           0x00000000   Number         0  fpinit.o ABSOLUTE
    ../../heapalloc.c                        0x00000000   Number         0  hrguard.o ABSOLUTE
    ../../heapaux.c                          0x00000000   Number         0  heapauxi.o ABSOLUTE
    ../../libinit.s                          0x00000000   Number         0  libinit2.o ABSOLUTE
    ../../libinit.s                          0x00000000   Number         0  libshutdown.o ABSOLUTE
    ../../libinit.s                          0x00000000   Number         0  libinit.o ABSOLUTE
    ../../libinit.s                          0x00000000   Number         0  libshutdown2.o ABSOLUTE
    ../../signal.c                           0x00000000   Number         0  defsig_fpe_inner.o ABSOLUTE
    ../../signal.c                           0x00000000   Number         0  defsig_rtmem_formal.o ABSOLUTE
    ../../signal.c                           0x00000000   Number         0  defsig_rtmem_outer.o ABSOLUTE
    ../../signal.c                           0x00000000   Number         0  defsig_other.o ABSOLUTE
    ../../signal.c                           0x00000000   Number         0  defsig_segv_inner.o ABSOLUTE
    ../../signal.c                           0x00000000   Number         0  defsig_cppl_inner.o ABSOLUTE
    ../../signal.c                           0x00000000   Number         0  defsig_pvfn_inner.o ABSOLUTE
    ../../signal.c                           0x00000000   Number         0  defsig_stak_inner.o ABSOLUTE
    ../../signal.c                           0x00000000   Number         0  defsig_rtred_inner.o ABSOLUTE
    ../../signal.c                           0x00000000   Number         0  defsig_abrt_inner.o ABSOLUTE
    ../../signal.c                           0x00000000   Number         0  defsig_general.o ABSOLUTE
    ../../signal.c                           0x00000000   Number         0  __raise.o ABSOLUTE
    ../../signal.c                           0x00000000   Number         0  defsig_rtmem_inner.o ABSOLUTE
    ../../signal.c                           0x00000000   Number         0  defsig_exit.o ABSOLUTE
    ../../signal.s                           0x00000000   Number         0  defsig.o ABSOLUTE
    ../../stdlib.c                           0x00000000   Number         0  exit.o ABSOLUTE
    ..\\startup\\core_cm3.c                  0x00000000   Number         0  core_cm3.o ABSOLUTE
    ..\mine\pwm.c                            0x00000000   Number         0  pwm.o ABSOLUTE
    ..\periphlib\src\misc.c                  0x00000000   Number         0  misc.o ABSOLUTE
    ..\periphlib\src\stm32f10x_adc.c         0x00000000   Number         0  stm32f10x_adc.o ABSOLUTE
    ..\periphlib\src\stm32f10x_bkp.c         0x00000000   Number         0  stm32f10x_bkp.o ABSOLUTE
    ..\periphlib\src\stm32f10x_can.c         0x00000000   Number         0  stm32f10x_can.o ABSOLUTE
    ..\periphlib\src\stm32f10x_cec.c         0x00000000   Number         0  stm32f10x_cec.o ABSOLUTE
    ..\periphlib\src\stm32f10x_crc.c         0x00000000   Number         0  stm32f10x_crc.o ABSOLUTE
    ..\periphlib\src\stm32f10x_dac.c         0x00000000   Number         0  stm32f10x_dac.o ABSOLUTE
    ..\periphlib\src\stm32f10x_dbgmcu.c      0x00000000   Number         0  stm32f10x_dbgmcu.o ABSOLUTE
    ..\periphlib\src\stm32f10x_dma.c         0x00000000   Number         0  stm32f10x_dma.o ABSOLUTE
    ..\periphlib\src\stm32f10x_exti.c        0x00000000   Number         0  stm32f10x_exti.o ABSOLUTE
    ..\periphlib\src\stm32f10x_flash.c       0x00000000   Number         0  stm32f10x_flash.o ABSOLUTE
    ..\periphlib\src\stm32f10x_fsmc.c        0x00000000   Number         0  stm32f10x_fsmc.o ABSOLUTE
    ..\periphlib\src\stm32f10x_gpio.c        0x00000000   Number         0  stm32f10x_gpio.o ABSOLUTE
    ..\periphlib\src\stm32f10x_i2c.c         0x00000000   Number         0  stm32f10x_i2c.o ABSOLUTE
    ..\periphlib\src\stm32f10x_iwdg.c        0x00000000   Number         0  stm32f10x_iwdg.o ABSOLUTE
    ..\periphlib\src\stm32f10x_pwr.c         0x00000000   Number         0  stm32f10x_pwr.o ABSOLUTE
    ..\periphlib\src\stm32f10x_rcc.c         0x00000000   Number         0  stm32f10x_rcc.o ABSOLUTE
    ..\periphlib\src\stm32f10x_rtc.c         0x00000000   Number         0  stm32f10x_rtc.o ABSOLUTE
    ..\periphlib\src\stm32f10x_sdio.c        0x00000000   Number         0  stm32f10x_sdio.o ABSOLUTE
    ..\periphlib\src\stm32f10x_spi.c         0x00000000   Number         0  stm32f10x_spi.o ABSOLUTE
    ..\periphlib\src\stm32f10x_tim.c         0x00000000   Number         0  stm32f10x_tim.o ABSOLUTE
    ..\periphlib\src\stm32f10x_usart.c       0x00000000   Number         0  stm32f10x_usart.o ABSOLUTE
    ..\periphlib\src\stm32f10x_wwdg.c        0x00000000   Number         0  stm32f10x_wwdg.o ABSOLUTE
    ..\startup\core_cm3.c                    0x00000000   Number         0  core_cm3.o ABSOLUTE
    ..\startup\startup\startup_stm32f10x_hd.s 0x00000000   Number         0  startup_stm32f10x_hd.o ABSOLUTE
    ..\startup\system_stm32f10x.c            0x00000000   Number         0  system_stm32f10x.o ABSOLUTE
    ..\usb\library\src\usb_core.c            0x00000000   Number         0  usb_core.o ABSOLUTE
    ..\usb\library\src\usb_init.c            0x00000000   Number         0  usb_init.o ABSOLUTE
    ..\usb\library\src\usb_int.c             0x00000000   Number         0  usb_int.o ABSOLUTE
    ..\usb\library\src\usb_mem.c             0x00000000   Number         0  usb_mem.o ABSOLUTE
    ..\usb\library\src\usb_regs.c            0x00000000   Number         0  usb_regs.o ABSOLUTE
    ..\usb\source\hw_config.c                0x00000000   Number         0  hw_config.o ABSOLUTE
    ..\usb\source\usb_desc.c                 0x00000000   Number         0  usb_desc.o ABSOLUTE
    ..\usb\source\usb_endp.c                 0x00000000   Number         0  usb_endp.o ABSOLUTE
    ..\usb\source\usb_istr.c                 0x00000000   Number         0  usb_istr.o ABSOLUTE
    ..\usb\source\usb_prop.c                 0x00000000   Number         0  usb_prop.o ABSOLUTE
    ..\usb\source\usb_pwr.c                  0x00000000   Number         0  usb_pwr.o ABSOLUTE
    ..\user\main.c                           0x00000000   Number         0  main.o ABSOLUTE
    ..\user\stm32f10x_it.c                   0x00000000   Number         0  stm32f10x_it.o ABSOLUTE
    dc.s                                     0x00000000   Number         0  dc.o ABSOLUTE
    RESET                                    0x08000000   Section      304  startup_stm32f10x_hd.o(RESET)
    !!!main                                  0x08000130   Section        8  __main.o(!!!main)
    !!!scatter                               0x08000138   Section       52  __scatter.o(!!!scatter)
    !!dczerorl2                              0x0800016c   Section       90  __dczerorl2.o(!!dczerorl2)
    !!handler_zi                             0x080001c8   Section       28  __scatter_zi.o(!!handler_zi)
    .ARM.Collect$$libinit$$00000000          0x080001e4   Section        6  libinit.o(.ARM.Collect$$libinit$$00000000)
    .ARM.Collect$$libinit$$00000006          0x080001ea   Section        0  libinit2.o(.ARM.Collect$$libinit$$00000006)
    .ARM.Collect$$libinit$$00000008          0x080001ea   Section        0  libinit2.o(.ARM.Collect$$libinit$$00000008)
    .ARM.Collect$$libinit$$0000000A          0x080001ea   Section        0  libinit2.o(.ARM.Collect$$libinit$$0000000A)
    .ARM.Collect$$libinit$$0000000D          0x080001ea   Section        0  libinit2.o(.ARM.Collect$$libinit$$0000000D)
    .ARM.Collect$$libinit$$0000000F          0x080001ea   Section        0  libinit2.o(.ARM.Collect$$libinit$$0000000F)
    .ARM.Collect$$libinit$$00000011          0x080001ea   Section        0  libinit2.o(.ARM.Collect$$libinit$$00000011)
    .ARM.Collect$$libinit$$00000013          0x080001ea   Section        0  libinit2.o(.ARM.Collect$$libinit$$00000013)
    .ARM.Collect$$libinit$$00000015          0x080001ea   Section        0  libinit2.o(.ARM.Collect$$libinit$$00000015)
    .ARM.Collect$$libinit$$00000017          0x080001ea   Section        0  libinit2.o(.ARM.Collect$$libinit$$00000017)
    .ARM.Collect$$libinit$$00000019          0x080001ea   Section        0  libinit2.o(.ARM.Collect$$libinit$$00000019)
    .ARM.Collect$$libinit$$0000001B          0x080001ea   Section        0  libinit2.o(.ARM.Collect$$libinit$$0000001B)
    .ARM.Collect$$libinit$$0000001D          0x080001ea   Section        0  libinit2.o(.ARM.Collect$$libinit$$0000001D)
    .ARM.Collect$$libinit$$0000001F          0x080001ea   Section        0  libinit2.o(.ARM.Collect$$libinit$$0000001F)
    .ARM.Collect$$libinit$$00000021          0x080001ea   Section        0  libinit2.o(.ARM.Collect$$libinit$$00000021)
    .ARM.Collect$$libinit$$00000028          0x080001ea   Section        0  libinit2.o(.ARM.Collect$$libinit$$00000028)
    .ARM.Collect$$libinit$$0000002A          0x080001ea   Section        0  libinit2.o(.ARM.Collect$$libinit$$0000002A)
    .ARM.Collect$$libinit$$0000002C          0x080001ea   Section        0  libinit2.o(.ARM.Collect$$libinit$$0000002C)
    .ARM.Collect$$libinit$$0000002E          0x080001ea   Section        0  libinit2.o(.ARM.Collect$$libinit$$0000002E)
    .ARM.Collect$$libinit$$0000002F          0x080001ea   Section        2  libinit2.o(.ARM.Collect$$libinit$$0000002F)
    .ARM.Collect$$libshutdown$$00000000      0x080001ec   Section        2  libshutdown.o(.ARM.Collect$$libshutdown$$00000000)
    .ARM.Collect$$libshutdown$$00000003      0x080001ee   Section        0  libshutdown2.o(.ARM.Collect$$libshutdown$$00000003)
    .ARM.Collect$$libshutdown$$00000006      0x080001ee   Section        0  libshutdown2.o(.ARM.Collect$$libshutdown$$00000006)
    .ARM.Collect$$libshutdown$$00000009      0x080001ee   Section        0  libshutdown2.o(.ARM.Collect$$libshutdown$$00000009)
    .ARM.Collect$$libshutdown$$0000000B      0x080001ee   Section        0  libshutdown2.o(.ARM.Collect$$libshutdown$$0000000B)
    .ARM.Collect$$libshutdown$$0000000E      0x080001ee   Section        0  libshutdown2.o(.ARM.Collect$$libshutdown$$0000000E)
    .ARM.Collect$$libshutdown$$0000000F      0x080001ee   Section        2  libshutdown2.o(.ARM.Collect$$libshutdown$$0000000F)
    .ARM.Collect$$rtentry$$00000000          0x080001f0   Section        0  rtentry.o(.ARM.Collect$$rtentry$$00000000)
    .ARM.Collect$$rtentry$$00000002          0x080001f0   Section        0  rtentry2.o(.ARM.Collect$$rtentry$$00000002)
    .ARM.Collect$$rtentry$$00000004          0x080001f0   Section        6  rtentry4.o(.ARM.Collect$$rtentry$$00000004)
    .ARM.Collect$$rtentry$$00000009          0x080001f6   Section        0  rtentry2.o(.ARM.Collect$$rtentry$$00000009)
    .ARM.Collect$$rtentry$$0000000A          0x080001f6   Section        4  rtentry2.o(.ARM.Collect$$rtentry$$0000000A)
    .ARM.Collect$$rtentry$$0000000C          0x080001fa   Section        0  rtentry2.o(.ARM.Collect$$rtentry$$0000000C)
    .ARM.Collect$$rtentry$$0000000D          0x080001fa   Section        8  rtentry2.o(.ARM.Collect$$rtentry$$0000000D)
    .ARM.Collect$$rtexit$$00000000           0x08000202   Section        2  rtexit.o(.ARM.Collect$$rtexit$$00000000)
    .ARM.Collect$$rtexit$$00000002           0x08000204   Section        0  rtexit2.o(.ARM.Collect$$rtexit$$00000002)
    .ARM.Collect$$rtexit$$00000003           0x08000204   Section        4  rtexit2.o(.ARM.Collect$$rtexit$$00000003)
    .ARM.Collect$$rtexit$$00000004           0x08000208   Section        6  rtexit2.o(.ARM.Collect$$rtexit$$00000004)
    .text                                    0x08000210   Section        0  system_stm32f10x.o(.text)
    SetSysClockTo72                          0x08000211   Thumb Code   200  system_stm32f10x.o(.text)
    SetSysClock                              0x080002d9   Thumb Code     8  system_stm32f10x.o(.text)
    .text                                    0x080003f0   Section       64  startup_stm32f10x_hd.o(.text)
    .text                                    0x08000430   Section        0  misc.o(.text)
    .text                                    0x08000530   Section        0  stm32f10x_flash.o(.text)
    .text                                    0x08000b98   Section        0  stm32f10x_gpio.o(.text)
    .text                                    0x08000f44   Section        0  stm32f10x_rcc.o(.text)
    .text                                    0x08001358   Section        0  stm32f10x_usart.o(.text)
    .text                                    0x08001800   Section        0  main.o(.text)
    .text                                    0x08001844   Section        0  stm32f10x_it.o(.text)
    .text                                    0x08001880   Section        0  hw_config.o(.text)
    .text                                    0x08001c2c   Section        0  usb_endp.o(.text)
    .text                                    0x08001c68   Section        0  usb_istr.o(.text)
    .text                                    0x08001ce0   Section        0  usb_prop.o(.text)
    .text                                    0x08001f64   Section        0  usb_pwr.o(.text)
    .text                                    0x080020d4   Section        0  usb_core.o(.text)
    DataStageOut                             0x080024a3   Thumb Code   218  usb_core.o(.text)
    DataStageIn                              0x0800257d   Thumb Code   190  usb_core.o(.text)
    NoData_Setup0                            0x0800263b   Thumb Code   324  usb_core.o(.text)
    Data_Setup0                              0x0800277f   Thumb Code   682  usb_core.o(.text)
    .text                                    0x08002c38   Section        0  usb_init.o(.text)
    .text                                    0x08002c78   Section        0  usb_int.o(.text)
    .text                                    0x08003020   Section        0  usb_mem.o(.text)
    .text                                    0x08003088   Section        0  usb_regs.o(.text)
    .text                                    0x08003834   Section        0  heapauxi.o(.text)
    .text                                    0x0800383a   Section       74  sys_stackheap_outer.o(.text)
    .text                                    0x08003884   Section        0  exit.o(.text)
    .text                                    0x08003890   Section        8  libspace.o(.text)
    .text                                    0x08003898   Section        8  rt_fp_status_addr_intlibspace.o(.text)
    .text                                    0x080038a0   Section        0  sys_exit.o(.text)
    .text                                    0x080038ac   Section        2  use_no_semi.o(.text)
    .text                                    0x080038ae   Section        0  indicate_semi.o(.text)
    x$fpl$fpinit                             0x080038ae   Section       14  fpinit.o(x$fpl$fpinit)
    .constdata                               0x080038bc   Section      177  usb_desc.o(.constdata)
    .data                                    0x20000000   Section       20  system_stm32f10x.o(.data)
    .data                                    0x20000014   Section       20  stm32f10x_rcc.o(.data)
    APBAHBPrescTable                         0x20000014   Data          16  stm32f10x_rcc.o(.data)
    ADCPrescTable                            0x20000024   Data           4  stm32f10x_rcc.o(.data)
    .data                                    0x20000028   Section        1  hw_config.o(.data)
    .data                                    0x20000029   Section       26  usb_desc.o(.data)
    .data                                    0x20000044   Section        8  usb_endp.o(.data)
    .data                                    0x2000004c   Section       62  usb_istr.o(.data)
    .data                                    0x2000008c   Section      148  usb_prop.o(.data)
    .data                                    0x20000120   Section        7  usb_pwr.o(.data)
    .data                                    0x20000128   Section        4  usb_core.o(.data)
    .data                                    0x2000012c   Section       20  usb_init.o(.data)
    .data                                    0x20000140   Section        4  usb_int.o(.data)
    .bss                                     0x20000144   Section       80  hw_config.o(.bss)
    .bss                                     0x20000194   Section       64  usb_endp.o(.bss)
    .bss                                     0x200001d4   Section       28  usb_init.o(.bss)
    .bss                                     0x200001f0   Section       96  libspace.o(.bss)
    HEAP                                     0x20000250   Section      512  startup_stm32f10x_hd.o(HEAP)
    Heap_Mem                                 0x20000250   Data         512  startup_stm32f10x_hd.o(HEAP)
    STACK                                    0x20000450   Section     1024  startup_stm32f10x_hd.o(STACK)
    Stack_Mem                                0x20000450   Data        1024  startup_stm32f10x_hd.o(STACK)
    __initial_sp                             0x20000850   Data           0  startup_stm32f10x_hd.o(STACK)

    Global Symbols

    Symbol Name                              Value     Ov Type        Size  Object(Section)

    BuildAttributes$$THM_ISAv4$P$D$K$B$S$PE$A:L22UL41UL21$X:L11$S22US41US21$IEEE1$IW$USESV6$~STKCKD$USESV7$~SHL$OSPACE$ROPI$EBA8$UX$STANDARDLIB$REQ8$PRES8$EABIv2 0x00000000   Number         0  anon$$obj.o ABSOLUTE
    __ARM_use_no_argv                        0x00000000   Number         0  main.o ABSOLUTE
    __ARM_exceptions_init                     - Undefined Weak Reference
    __alloca_initialize                       - Undefined Weak Reference
    __cpp_initialize__aeabi_                  - Undefined Weak Reference
    __cxa_finalize                            - Undefined Weak Reference
    __rt_locale                               - Undefined Weak Reference
    __sigvec_lookup                           - Undefined Weak Reference
    _atexit_init                              - Undefined Weak Reference
    _call_atexit_fns                          - Undefined Weak Reference
    _clock_init                               - Undefined Weak Reference
    _fp_trap_init                             - Undefined Weak Reference
    _fp_trap_shutdown                         - Undefined Weak Reference
    _get_lc_collate                           - Undefined Weak Reference
    _get_lc_ctype                             - Undefined Weak Reference
    _get_lc_monetary                          - Undefined Weak Reference
    _get_lc_numeric                           - Undefined Weak Reference
    _get_lc_time                              - Undefined Weak Reference
    _getenv_init                              - Undefined Weak Reference
    _handle_redirection                       - Undefined Weak Reference
    _init_alloc                               - Undefined Weak Reference
    _init_user_alloc                          - Undefined Weak Reference
    _initio                                   - Undefined Weak Reference
    _rand_init                                - Undefined Weak Reference
    _signal_finish                            - Undefined Weak Reference
    _signal_init                              - Undefined Weak Reference
    _terminate_alloc                          - Undefined Weak Reference
    _terminate_user_alloc                     - Undefined Weak Reference
    _terminateio                              - Undefined Weak Reference
    __Vectors_Size                           0x00000130   Number         0  startup_stm32f10x_hd.o ABSOLUTE
    __Vectors                                0x08000000   Data           4  startup_stm32f10x_hd.o(RESET)
    __Vectors_End                            0x08000130   Data           0  startup_stm32f10x_hd.o(RESET)
    __main                                   0x08000131   Thumb Code     8  __main.o(!!!main)
    __scatterload                            0x08000139   Thumb Code     0  __scatter.o(!!!scatter)
    __scatterload_rt2                        0x08000139   Thumb Code    44  __scatter.o(!!!scatter)
    __scatterload_rt2_thumb_only             0x08000139   Thumb Code     0  __scatter.o(!!!scatter)
    __scatterload_null                       0x08000147   Thumb Code     0  __scatter.o(!!!scatter)
    __decompress                             0x0800016d   Thumb Code    90  __dczerorl2.o(!!dczerorl2)
    __decompress1                            0x0800016d   Thumb Code     0  __dczerorl2.o(!!dczerorl2)
    __scatterload_zeroinit                   0x080001c9   Thumb Code    28  __scatter_zi.o(!!handler_zi)
    __rt_lib_init                            0x080001e5   Thumb Code     0  libinit.o(.ARM.Collect$$libinit$$00000000)
    __rt_lib_init_alloca_1                   0x080001eb   Thumb Code     0  libinit2.o(.ARM.Collect$$libinit$$0000002A)
    __rt_lib_init_argv_1                     0x080001eb   Thumb Code     0  libinit2.o(.ARM.Collect$$libinit$$00000028)
    __rt_lib_init_atexit_1                   0x080001eb   Thumb Code     0  libinit2.o(.ARM.Collect$$libinit$$00000017)
    __rt_lib_init_clock_1                    0x080001eb   Thumb Code     0  libinit2.o(.ARM.Collect$$libinit$$0000001D)
    __rt_lib_init_cpp_1                      0x080001eb   Thumb Code     0  libinit2.o(.ARM.Collect$$libinit$$0000002E)
    __rt_lib_init_exceptions_1               0x080001eb   Thumb Code     0  libinit2.o(.ARM.Collect$$libinit$$0000002C)
    __rt_lib_init_fp_trap_1                  0x080001eb   Thumb Code     0  libinit2.o(.ARM.Collect$$libinit$$0000001B)
    __rt_lib_init_getenv_1                   0x080001eb   Thumb Code     0  libinit2.o(.ARM.Collect$$libinit$$0000001F)
    __rt_lib_init_heap_1                     0x080001eb   Thumb Code     0  libinit2.o(.ARM.Collect$$libinit$$00000006)
    __rt_lib_init_lc_collate_1               0x080001eb   Thumb Code     0  libinit2.o(.ARM.Collect$$libinit$$0000000D)
    __rt_lib_init_lc_ctype_1                 0x080001eb   Thumb Code     0  libinit2.o(.ARM.Collect$$libinit$$0000000F)
    __rt_lib_init_lc_monetary_1              0x080001eb   Thumb Code     0  libinit2.o(.ARM.Collect$$libinit$$00000011)
    __rt_lib_init_lc_numeric_1               0x080001eb   Thumb Code     0  libinit2.o(.ARM.Collect$$libinit$$00000013)
    __rt_lib_init_lc_time_1                  0x080001eb   Thumb Code     0  libinit2.o(.ARM.Collect$$libinit$$00000015)
    __rt_lib_init_rand_1                     0x080001eb   Thumb Code     0  libinit2.o(.ARM.Collect$$libinit$$0000000A)
    __rt_lib_init_return                     0x080001eb   Thumb Code     0  libinit2.o(.ARM.Collect$$libinit$$0000002F)
    __rt_lib_init_signal_1                   0x080001eb   Thumb Code     0  libinit2.o(.ARM.Collect$$libinit$$00000019)
    __rt_lib_init_stdio_1                    0x080001eb   Thumb Code     0  libinit2.o(.ARM.Collect$$libinit$$00000021)
    __rt_lib_init_user_alloc_1               0x080001eb   Thumb Code     0  libinit2.o(.ARM.Collect$$libinit$$00000008)
    __rt_lib_shutdown                        0x080001ed   Thumb Code     0  libshutdown.o(.ARM.Collect$$libshutdown$$00000000)
    __rt_lib_shutdown_fp_trap_1              0x080001ef   Thumb Code     0  libshutdown2.o(.ARM.Collect$$libshutdown$$00000006)
    __rt_lib_shutdown_heap_1                 0x080001ef   Thumb Code     0  libshutdown2.o(.ARM.Collect$$libshutdown$$0000000E)
    __rt_lib_shutdown_return                 0x080001ef   Thumb Code     0  libshutdown2.o(.ARM.Collect$$libshutdown$$0000000F)
    __rt_lib_shutdown_signal_1               0x080001ef   Thumb Code     0  libshutdown2.o(.ARM.Collect$$libshutdown$$00000009)
    __rt_lib_shutdown_stdio_1                0x080001ef   Thumb Code     0  libshutdown2.o(.ARM.Collect$$libshutdown$$00000003)
    __rt_lib_shutdown_user_alloc_1           0x080001ef   Thumb Code     0  libshutdown2.o(.ARM.Collect$$libshutdown$$0000000B)
    __rt_entry                               0x080001f1   Thumb Code     0  rtentry.o(.ARM.Collect$$rtentry$$00000000)
    __rt_entry_presh_1                       0x080001f1   Thumb Code     0  rtentry2.o(.ARM.Collect$$rtentry$$00000002)
    __rt_entry_sh                            0x080001f1   Thumb Code     0  rtentry4.o(.ARM.Collect$$rtentry$$00000004)
    __rt_entry_li                            0x080001f7   Thumb Code     0  rtentry2.o(.ARM.Collect$$rtentry$$0000000A)
    __rt_entry_postsh_1                      0x080001f7   Thumb Code     0  rtentry2.o(.ARM.Collect$$rtentry$$00000009)
    __rt_entry_main                          0x080001fb   Thumb Code     0  rtentry2.o(.ARM.Collect$$rtentry$$0000000D)
    __rt_entry_postli_1                      0x080001fb   Thumb Code     0  rtentry2.o(.ARM.Collect$$rtentry$$0000000C)
    __rt_exit                                0x08000203   Thumb Code     0  rtexit.o(.ARM.Collect$$rtexit$$00000000)
    __rt_exit_ls                             0x08000205   Thumb Code     0  rtexit2.o(.ARM.Collect$$rtexit$$00000003)
    __rt_exit_prels_1                        0x08000205   Thumb Code     0  rtexit2.o(.ARM.Collect$$rtexit$$00000002)
    __rt_exit_exit                           0x08000209   Thumb Code     0  rtexit2.o(.ARM.Collect$$rtexit$$00000004)
    SystemInit                               0x080002e1   Thumb Code    82  system_stm32f10x.o(.text)
    SystemCoreClockUpdate                    0x08000333   Thumb Code   154  system_stm32f10x.o(.text)
    Reset_Handler                            0x080003f1   Thumb Code     8  startup_stm32f10x_hd.o(.text)
    ADC1_2_IRQHandler                        0x0800040b   Thumb Code     0  startup_stm32f10x_hd.o(.text)
    ADC3_IRQHandler                          0x0800040b   Thumb Code     0  startup_stm32f10x_hd.o(.text)
    CAN1_RX1_IRQHandler                      0x0800040b   Thumb Code     0  startup_stm32f10x_hd.o(.text)
    CAN1_SCE_IRQHandler                      0x0800040b   Thumb Code     0  startup_stm32f10x_hd.o(.text)
    DMA1_Channel1_IRQHandler                 0x0800040b   Thumb Code     0  startup_stm32f10x_hd.o(.text)
    DMA1_Channel2_IRQHandler                 0x0800040b   Thumb Code     0  startup_stm32f10x_hd.o(.text)
    DMA1_Channel3_IRQHandler                 0x0800040b   Thumb Code     0  startup_stm32f10x_hd.o(.text)
    DMA1_Channel4_IRQHandler                 0x0800040b   Thumb Code     0  startup_stm32f10x_hd.o(.text)
    DMA1_Channel5_IRQHandler                 0x0800040b   Thumb Code     0  startup_stm32f10x_hd.o(.text)
    DMA1_Channel6_IRQHandler                 0x0800040b   Thumb Code     0  startup_stm32f10x_hd.o(.text)
    DMA1_Channel7_IRQHandler                 0x0800040b   Thumb Code     0  startup_stm32f10x_hd.o(.text)
    DMA2_Channel1_IRQHandler                 0x0800040b   Thumb Code     0  startup_stm32f10x_hd.o(.text)
    DMA2_Channel2_IRQHandler                 0x0800040b   Thumb Code     0  startup_stm32f10x_hd.o(.text)
    DMA2_Channel3_IRQHandler                 0x0800040b   Thumb Code     0  startup_stm32f10x_hd.o(.text)
    DMA2_Channel4_5_IRQHandler               0x0800040b   Thumb Code     0  startup_stm32f10x_hd.o(.text)
    EXTI0_IRQHandler                         0x0800040b   Thumb Code     0  startup_stm32f10x_hd.o(.text)
    EXTI15_10_IRQHandler                     0x0800040b   Thumb Code     0  startup_stm32f10x_hd.o(.text)
    EXTI1_IRQHandler                         0x0800040b   Thumb Code     0  startup_stm32f10x_hd.o(.text)
    EXTI2_IRQHandler                         0x0800040b   Thumb Code     0  startup_stm32f10x_hd.o(.text)
    EXTI3_IRQHandler                         0x0800040b   Thumb Code     0  startup_stm32f10x_hd.o(.text)
    EXTI4_IRQHandler                         0x0800040b   Thumb Code     0  startup_stm32f10x_hd.o(.text)
    EXTI9_5_IRQHandler                       0x0800040b   Thumb Code     0  startup_stm32f10x_hd.o(.text)
    FLASH_IRQHandler                         0x0800040b   Thumb Code     0  startup_stm32f10x_hd.o(.text)
    FSMC_IRQHandler                          0x0800040b   Thumb Code     0  startup_stm32f10x_hd.o(.text)
    I2C1_ER_IRQHandler                       0x0800040b   Thumb Code     0  startup_stm32f10x_hd.o(.text)
    I2C1_EV_IRQHandler                       0x0800040b   Thumb Code     0  startup_stm32f10x_hd.o(.text)
    I2C2_ER_IRQHandler                       0x0800040b   Thumb Code     0  startup_stm32f10x_hd.o(.text)
    I2C2_EV_IRQHandler                       0x0800040b   Thumb Code     0  startup_stm32f10x_hd.o(.text)
    PVD_IRQHandler                           0x0800040b   Thumb Code     0  startup_stm32f10x_hd.o(.text)
    RCC_IRQHandler                           0x0800040b   Thumb Code     0  startup_stm32f10x_hd.o(.text)
    RTCAlarm_IRQHandler                      0x0800040b   Thumb Code     0  startup_stm32f10x_hd.o(.text)
    RTC_IRQHandler                           0x0800040b   Thumb Code     0  startup_stm32f10x_hd.o(.text)
    SDIO_IRQHandler                          0x0800040b   Thumb Code     0  startup_stm32f10x_hd.o(.text)
    SPI1_IRQHandler                          0x0800040b   Thumb Code     0  startup_stm32f10x_hd.o(.text)
    SPI2_IRQHandler                          0x0800040b   Thumb Code     0  startup_stm32f10x_hd.o(.text)
    SPI3_IRQHandler                          0x0800040b   Thumb Code     0  startup_stm32f10x_hd.o(.text)
    TAMPER_IRQHandler                        0x0800040b   Thumb Code     0  startup_stm32f10x_hd.o(.text)
    TIM1_BRK_IRQHandler                      0x0800040b   Thumb Code     0  startup_stm32f10x_hd.o(.text)
    TIM1_CC_IRQHandler                       0x0800040b   Thumb Code     0  startup_stm32f10x_hd.o(.text)
    TIM1_TRG_COM_IRQHandler                  0x0800040b   Thumb Code     0  startup_stm32f10x_hd.o(.text)
    TIM1_UP_IRQHandler                       0x0800040b   Thumb Code     0  startup_stm32f10x_hd.o(.text)
    TIM2_IRQHandler                          0x0800040b   Thumb Code     0  startup_stm32f10x_hd.o(.text)
    TIM3_IRQHandler                          0x0800040b   Thumb Code     0  startup_stm32f10x_hd.o(.text)
    TIM4_IRQHandler                          0x0800040b   Thumb Code     0  startup_stm32f10x_hd.o(.text)
    TIM5_IRQHandler                          0x0800040b   Thumb Code     0  startup_stm32f10x_hd.o(.text)
    TIM6_IRQHandler                          0x0800040b   Thumb Code     0  startup_stm32f10x_hd.o(.text)
    TIM7_IRQHandler                          0x0800040b   Thumb Code     0  startup_stm32f10x_hd.o(.text)
    TIM8_BRK_IRQHandler                      0x0800040b   Thumb Code     0  startup_stm32f10x_hd.o(.text)
    TIM8_CC_IRQHandler                       0x0800040b   Thumb Code     0  startup_stm32f10x_hd.o(.text)
    TIM8_TRG_COM_IRQHandler                  0x0800040b   Thumb Code     0  startup_stm32f10x_hd.o(.text)
    TIM8_UP_IRQHandler                       0x0800040b   Thumb Code     0  startup_stm32f10x_hd.o(.text)
    UART4_IRQHandler                         0x0800040b   Thumb Code     0  startup_stm32f10x_hd.o(.text)
    UART5_IRQHandler                         0x0800040b   Thumb Code     0  startup_stm32f10x_hd.o(.text)
    USART2_IRQHandler                        0x0800040b   Thumb Code     0  startup_stm32f10x_hd.o(.text)
    USART3_IRQHandler                        0x0800040b   Thumb Code     0  startup_stm32f10x_hd.o(.text)
    USBWakeUp_IRQHandler                     0x0800040b   Thumb Code     0  startup_stm32f10x_hd.o(.text)
    USB_HP_CAN1_TX_IRQHandler                0x0800040b   Thumb Code     0  startup_stm32f10x_hd.o(.text)
    WWDG_IRQHandler                          0x0800040b   Thumb Code     0  startup_stm32f10x_hd.o(.text)
    __user_initial_stackheap                 0x0800040d   Thumb Code     0  startup_stm32f10x_hd.o(.text)
    NVIC_PriorityGroupConfig                 0x08000431   Thumb Code    12  misc.o(.text)
    NVIC_Init                                0x0800043d   Thumb Code   128  misc.o(.text)
    NVIC_SetVectorTable                      0x080004bd   Thumb Code    16  misc.o(.text)
    NVIC_SystemLPConfig                      0x080004cd   Thumb Code    30  misc.o(.text)
    SysTick_CLKSourceConfig                  0x080004eb   Thumb Code    40  misc.o(.text)
    FLASH_SetLatency                         0x08000531   Thumb Code    22  stm32f10x_flash.o(.text)
    FLASH_HalfCycleAccessCmd                 0x08000547   Thumb Code    24  stm32f10x_flash.o(.text)
    FLASH_PrefetchBufferCmd                  0x0800055f   Thumb Code    24  stm32f10x_flash.o(.text)
    FLASH_Unlock                             0x08000577   Thumb Code    12  stm32f10x_flash.o(.text)
    FLASH_UnlockBank1                        0x08000583   Thumb Code    12  stm32f10x_flash.o(.text)
    FLASH_Lock                               0x0800058f   Thumb Code    14  stm32f10x_flash.o(.text)
    FLASH_LockBank1                          0x0800059d   Thumb Code    14  stm32f10x_flash.o(.text)
    FLASH_GetBank1Status                     0x080005ab   Thumb Code    60  stm32f10x_flash.o(.text)
    FLASH_WaitForLastOperation               0x080005e7   Thumb Code    44  stm32f10x_flash.o(.text)
    FLASH_ErasePage                          0x08000613   Thumb Code    76  stm32f10x_flash.o(.text)
    FLASH_EraseAllPages                      0x0800065f   Thumb Code    72  stm32f10x_flash.o(.text)
    FLASH_WaitForLastBank1Operation          0x080006a7   Thumb Code    44  stm32f10x_flash.o(.text)
    FLASH_EraseAllBank1Pages                 0x080006d3   Thumb Code    72  stm32f10x_flash.o(.text)
    FLASH_GetReadOutProtectionStatus         0x0800071b   Thumb Code    26  stm32f10x_flash.o(.text)
    FLASH_EraseOptionBytes                   0x08000735   Thumb Code   164  stm32f10x_flash.o(.text)
    FLASH_ProgramWord                        0x080007d9   Thumb Code   114  stm32f10x_flash.o(.text)
    FLASH_ProgramHalfWord                    0x0800084b   Thumb Code    68  stm32f10x_flash.o(.text)
    FLASH_ProgramOptionByteData              0x0800088f   Thumb Code    80  stm32f10x_flash.o(.text)
    FLASH_EnableWriteProtection              0x080008df   Thumb Code   212  stm32f10x_flash.o(.text)
    FLASH_ReadOutProtection                  0x080009b3   Thumb Code   168  stm32f10x_flash.o(.text)
    FLASH_UserOptionByteConfig               0x08000a5b   Thumb Code    98  stm32f10x_flash.o(.text)
    FLASH_GetUserOptionByte                  0x08000abd   Thumb Code     8  stm32f10x_flash.o(.text)
    FLASH_GetWriteProtectionOptionByte       0x08000ac5   Thumb Code     6  stm32f10x_flash.o(.text)
    FLASH_GetPrefetchBufferStatus            0x08000acb   Thumb Code    26  stm32f10x_flash.o(.text)
    FLASH_ITConfig                           0x08000ae5   Thumb Code    30  stm32f10x_flash.o(.text)
    FLASH_GetFlagStatus                      0x08000b03   Thumb Code    52  stm32f10x_flash.o(.text)
    FLASH_ClearFlag                          0x08000b37   Thumb Code     6  stm32f10x_flash.o(.text)
    FLASH_GetStatus                          0x08000b3d   Thumb Code    60  stm32f10x_flash.o(.text)
    GPIO_DeInit                              0x08000b99   Thumb Code   172  stm32f10x_gpio.o(.text)
    GPIO_AFIODeInit                          0x08000c45   Thumb Code    20  stm32f10x_gpio.o(.text)
    GPIO_Init                                0x08000c59   Thumb Code   292  stm32f10x_gpio.o(.text)
    GPIO_StructInit                          0x08000d7d   Thumb Code    20  stm32f10x_gpio.o(.text)
    GPIO_ReadInputDataBit                    0x08000d91   Thumb Code    24  stm32f10x_gpio.o(.text)
    GPIO_ReadInputData                       0x08000da9   Thumb Code     8  stm32f10x_gpio.o(.text)
    GPIO_ReadOutputDataBit                   0x08000db1   Thumb Code    24  stm32f10x_gpio.o(.text)
    GPIO_ReadOutputData                      0x08000dc9   Thumb Code     8  stm32f10x_gpio.o(.text)
    GPIO_SetBits                             0x08000dd1   Thumb Code     4  stm32f10x_gpio.o(.text)
    GPIO_ResetBits                           0x08000dd5   Thumb Code     4  stm32f10x_gpio.o(.text)
    GPIO_WriteBit                            0x08000dd9   Thumb Code    10  stm32f10x_gpio.o(.text)
    GPIO_Write                               0x08000de3   Thumb Code     4  stm32f10x_gpio.o(.text)
    GPIO_PinLockConfig                       0x08000de7   Thumb Code    20  stm32f10x_gpio.o(.text)
    GPIO_EventOutputConfig                   0x08000dfb   Thumb Code    32  stm32f10x_gpio.o(.text)
    GPIO_EventOutputCmd                      0x08000e1b   Thumb Code     6  stm32f10x_gpio.o(.text)
    GPIO_PinRemapConfig                      0x08000e21   Thumb Code   156  stm32f10x_gpio.o(.text)
    GPIO_EXTILineConfig                      0x08000ebd   Thumb Code    84  stm32f10x_gpio.o(.text)
    GPIO_ETH_MediaInterfaceConfig            0x08000f11   Thumb Code     6  stm32f10x_gpio.o(.text)
    RCC_DeInit                               0x08000f45   Thumb Code    68  stm32f10x_rcc.o(.text)
    RCC_HSEConfig                            0x08000f89   Thumb Code    70  stm32f10x_rcc.o(.text)
    RCC_GetFlagStatus                        0x08000fcf   Thumb Code    68  stm32f10x_rcc.o(.text)
    RCC_WaitForHSEStartUp                    0x08001013   Thumb Code    56  stm32f10x_rcc.o(.text)
    RCC_AdjustHSICalibrationValue            0x0800104b   Thumb Code    22  stm32f10x_rcc.o(.text)
    RCC_HSICmd                               0x08001061   Thumb Code     6  stm32f10x_rcc.o(.text)
    RCC_PLLConfig                            0x08001067   Thumb Code    28  stm32f10x_rcc.o(.text)
    RCC_PLLCmd                               0x08001083   Thumb Code     6  stm32f10x_rcc.o(.text)
    RCC_SYSCLKConfig                         0x08001089   Thumb Code    22  stm32f10x_rcc.o(.text)
    RCC_GetSYSCLKSource                      0x0800109f   Thumb Code    10  stm32f10x_rcc.o(.text)
    RCC_HCLKConfig                           0x080010a9   Thumb Code    22  stm32f10x_rcc.o(.text)
    RCC_PCLK1Config                          0x080010bf   Thumb Code    22  stm32f10x_rcc.o(.text)
    RCC_PCLK2Config                          0x080010d5   Thumb Code    22  stm32f10x_rcc.o(.text)
    RCC_ITConfig                             0x080010eb   Thumb Code    36  stm32f10x_rcc.o(.text)
    RCC_USBCLKConfig                         0x0800110f   Thumb Code     6  stm32f10x_rcc.o(.text)
    RCC_ADCCLKConfig                         0x08001115   Thumb Code    22  stm32f10x_rcc.o(.text)
    RCC_LSEConfig                            0x0800112b   Thumb Code    50  stm32f10x_rcc.o(.text)
    RCC_LSICmd                               0x0800115d   Thumb Code     6  stm32f10x_rcc.o(.text)
    RCC_RTCCLKConfig                         0x08001163   Thumb Code    14  stm32f10x_rcc.o(.text)
    RCC_RTCCLKCmd                            0x08001171   Thumb Code     6  stm32f10x_rcc.o(.text)
    RCC_GetClocksFreq                        0x08001177   Thumb Code   216  stm32f10x_rcc.o(.text)
    RCC_AHBPeriphClockCmd                    0x0800124f   Thumb Code    30  stm32f10x_rcc.o(.text)
    RCC_APB2PeriphClockCmd                   0x0800126d   Thumb Code    30  stm32f10x_rcc.o(.text)
    RCC_APB1PeriphClockCmd                   0x0800128b   Thumb Code    30  stm32f10x_rcc.o(.text)
    RCC_APB2PeriphResetCmd                   0x080012a9   Thumb Code    30  stm32f10x_rcc.o(.text)
    RCC_APB1PeriphResetCmd                   0x080012c7   Thumb Code    30  stm32f10x_rcc.o(.text)
    RCC_BackupResetCmd                       0x080012e5   Thumb Code     6  stm32f10x_rcc.o(.text)
    RCC_ClockSecuritySystemCmd               0x080012eb   Thumb Code     6  stm32f10x_rcc.o(.text)
    RCC_MCOConfig                            0x080012f1   Thumb Code     6  stm32f10x_rcc.o(.text)
    RCC_ClearFlag                            0x080012f7   Thumb Code    14  stm32f10x_rcc.o(.text)
    RCC_GetITStatus                          0x08001305   Thumb Code    26  stm32f10x_rcc.o(.text)
    RCC_ClearITPendingBit                    0x0800131f   Thumb Code    58  stm32f10x_rcc.o(.text)
    USART_DeInit                             0x08001359   Thumb Code   134  stm32f10x_usart.o(.text)
    USART_Init                               0x080013df   Thumb Code   250  stm32f10x_usart.o(.text)
    USART_StructInit                         0x080014d9   Thumb Code    30  stm32f10x_usart.o(.text)
    USART_ClockInit                          0x080014f7   Thumb Code    46  stm32f10x_usart.o(.text)
    USART_ClockStructInit                    0x08001525   Thumb Code    14  stm32f10x_usart.o(.text)
    USART_Cmd                                0x08001533   Thumb Code    26  stm32f10x_usart.o(.text)
    USART_ITConfig                           0x0800154d   Thumb Code    88  stm32f10x_usart.o(.text)
    USART_DMACmd                             0x080015a5   Thumb Code    30  stm32f10x_usart.o(.text)
    USART_SetAddress                         0x080015c3   Thumb Code    22  stm32f10x_usart.o(.text)
    USART_WakeUpConfig                       0x080015d9   Thumb Code    22  stm32f10x_usart.o(.text)
    USART_ReceiverWakeUpCmd                  0x080015ef   Thumb Code    26  stm32f10x_usart.o(.text)
    USART_LINBreakDetectLengthConfig         0x08001609   Thumb Code    22  stm32f10x_usart.o(.text)
    USART_LINCmd                             0x0800161f   Thumb Code    26  stm32f10x_usart.o(.text)
    USART_SendData                           0x08001639   Thumb Code     8  stm32f10x_usart.o(.text)
    USART_ReceiveData                        0x08001641   Thumb Code    10  stm32f10x_usart.o(.text)
    USART_SendBreak                          0x0800164b   Thumb Code    10  stm32f10x_usart.o(.text)
    USART_SetGuardTime                       0x08001655   Thumb Code    16  stm32f10x_usart.o(.text)
    USART_SetPrescaler                       0x08001665   Thumb Code    18  stm32f10x_usart.o(.text)
    USART_SmartCardCmd                       0x08001677   Thumb Code    26  stm32f10x_usart.o(.text)
    USART_SmartCardNACKCmd                   0x08001691   Thumb Code    26  stm32f10x_usart.o(.text)
    USART_HalfDuplexCmd                      0x080016ab   Thumb Code    26  stm32f10x_usart.o(.text)
    USART_OverSampling8Cmd                   0x080016c5   Thumb Code    22  stm32f10x_usart.o(.text)
    USART_OneBitMethodCmd                    0x080016db   Thumb Code    26  stm32f10x_usart.o(.text)
    USART_IrDAConfig                         0x080016f5   Thumb Code    22  stm32f10x_usart.o(.text)
    USART_IrDACmd                            0x0800170b   Thumb Code    26  stm32f10x_usart.o(.text)
    USART_GetFlagStatus                      0x08001725   Thumb Code    54  stm32f10x_usart.o(.text)
    USART_ClearFlag                          0x0800175b   Thumb Code    20  stm32f10x_usart.o(.text)
    USART_GetITStatus                        0x0800176f   Thumb Code   104  stm32f10x_usart.o(.text)
    USART_ClearITPendingBit                  0x080017d7   Thumb Code    40  stm32f10x_usart.o(.text)
    main                                     0x08001801   Thumb Code    54  main.o(.text)
    NMI_Handler                              0x08001845   Thumb Code     2  stm32f10x_it.o(.text)
    HardFault_Handler                        0x08001847   Thumb Code     4  stm32f10x_it.o(.text)
    MemManage_Handler                        0x0800184b   Thumb Code     4  stm32f10x_it.o(.text)
    BusFault_Handler                         0x0800184f   Thumb Code     4  stm32f10x_it.o(.text)
    UsageFault_Handler                       0x08001853   Thumb Code     4  stm32f10x_it.o(.text)
    SVC_Handler                              0x08001857   Thumb Code     2  stm32f10x_it.o(.text)
    DebugMon_Handler                         0x08001859   Thumb Code     2  stm32f10x_it.o(.text)
    PendSV_Handler                           0x0800185b   Thumb Code     2  stm32f10x_it.o(.text)
    SysTick_Handler                          0x0800185d   Thumb Code     2  stm32f10x_it.o(.text)
    USART1_IRQHandler                        0x0800185f   Thumb Code    20  stm32f10x_it.o(.text)
    USB_LP_CAN1_RX0_IRQHandler               0x08001873   Thumb Code     8  stm32f10x_it.o(.text)
    Set_System                               0x08001881   Thumb Code   230  hw_config.o(.text)
    Set_USBClock                             0x08001967   Thumb Code    18  hw_config.o(.text)
    Enter_LowPowerMode                       0x08001979   Thumb Code    10  hw_config.o(.text)
    Leave_LowPowerMode                       0x08001983   Thumb Code    26  hw_config.o(.text)
    USB_Interrupts_Config                    0x0800199d   Thumb Code    78  hw_config.o(.text)
    USB_Cable_Config                         0x080019eb   Thumb Code    30  hw_config.o(.text)
    USART_Config_Default                     0x08001a09   Thumb Code    56  hw_config.o(.text)
    USART_Config                             0x08001a41   Thumb Code   212  hw_config.o(.text)
    USB_To_USART_Send_Data                   0x08001b15   Thumb Code    44  hw_config.o(.text)
    USART_To_USB_Send_Data                   0x08001b41   Thumb Code   102  hw_config.o(.text)
    Get_SerialNum                            0x08001ba7   Thumb Code    84  hw_config.o(.text)
    EP3_OUT_Callback                         0x08001c2d   Thumb Code    36  usb_endp.o(.text)
    EP1_IN_Callback                          0x08001c51   Thumb Code    10  usb_endp.o(.text)
    USB_Istr                                 0x08001c69   Thumb Code    98  usb_istr.o(.text)
    Virtual_Com_Port_init                    0x08001ce1   Thumb Code    58  usb_prop.o(.text)
    Virtual_Com_Port_Reset                   0x08001d1b   Thumb Code   222  usb_prop.o(.text)
    Virtual_Com_Port_SetConfiguration        0x08001df9   Thumb Code    16  usb_prop.o(.text)
    Virtual_Com_Port_SetDeviceAddress        0x08001e09   Thumb Code    10  usb_prop.o(.text)
    Virtual_Com_Port_Status_In               0x08001e13   Thumb Code    24  usb_prop.o(.text)
    Virtual_Com_Port_Status_Out              0x08001e2b   Thumb Code     2  usb_prop.o(.text)
    Virtual_Com_Port_SetLineCoding           0x08001e2d   Thumb Code    24  usb_prop.o(.text)
    Virtual_Com_Port_GetLineCoding           0x08001e45   Thumb Code    24  usb_prop.o(.text)
    Virtual_Com_Port_Data_Setup              0x08001e5d   Thumb Code    92  usb_prop.o(.text)
    Virtual_Com_Port_NoData_Setup            0x08001eb9   Thumb Code    36  usb_prop.o(.text)
    Virtual_Com_Port_GetDeviceDescriptor     0x08001edd   Thumb Code    14  usb_prop.o(.text)
    Virtual_Com_Port_GetConfigDescriptor     0x08001eeb   Thumb Code    14  usb_prop.o(.text)
    Virtual_Com_Port_GetStringDescriptor     0x08001ef9   Thumb Code    32  usb_prop.o(.text)
    Virtual_Com_Port_Get_Interface_Setting   0x08001f19   Thumb Code    22  usb_prop.o(.text)
    PowerOn                                  0x08001f65   Thumb Code    64  usb_pwr.o(.text)
    PowerOff                                 0x08001fa5   Thumb Code    38  usb_pwr.o(.text)
    Suspend                                  0x08001fcb   Thumb Code    34  usb_pwr.o(.text)
    Resume_Init                              0x08001fed   Thumb Code    30  usb_pwr.o(.text)
    Resume                                   0x0800200b   Thumb Code   190  usb_pwr.o(.text)
    Standard_GetConfiguration                0x080020d5   Thumb Code    38  usb_core.o(.text)
    Standard_SetConfiguration                0x080020fb   Thumb Code    60  usb_core.o(.text)
    Standard_GetInterface                    0x08002137   Thumb Code    38  usb_core.o(.text)
    Standard_SetInterface                    0x0800215d   Thumb Code    96  usb_core.o(.text)
    Standard_GetStatus                       0x080021bd   Thumb Code   222  usb_core.o(.text)
    Standard_ClearFeature                    0x0800229b   Thumb Code   298  usb_core.o(.text)
    Standard_SetEndPointFeature              0x080023c5   Thumb Code   156  usb_core.o(.text)
    Standard_SetDeviceFeature                0x08002461   Thumb Code    30  usb_core.o(.text)
    Standard_GetDescriptorData               0x0800247f   Thumb Code    36  usb_core.o(.text)
    Post0_Process                            0x08002a29   Thumb Code    58  usb_core.o(.text)
    Setup0_Process                           0x08002a63   Thumb Code   176  usb_core.o(.text)
    SetDeviceAddress                         0x08002b13   Thumb Code    64  usb_core.o(.text)
    In0_Process                              0x08002b53   Thumb Code   102  usb_core.o(.text)
    Out0_Process                             0x08002bb9   Thumb Code    76  usb_core.o(.text)
    NOP_Process                              0x08002c05   Thumb Code     2  usb_core.o(.text)
    USB_Init                                 0x08002c39   Thumb Code    38  usb_init.o(.text)
    CTR_LP                                   0x08002c79   Thumb Code   738  usb_int.o(.text)
    CTR_HP                                   0x08002f5b   Thumb Code   164  usb_int.o(.text)
    UserToPMABufferCopy                      0x08003021   Thumb Code    60  usb_mem.o(.text)
    PMAToUserBufferCopy                      0x0800305d   Thumb Code    40  usb_mem.o(.text)
    SetCNTR                                  0x08003089   Thumb Code     6  usb_regs.o(.text)
    GetCNTR                                  0x0800308f   Thumb Code     8  usb_regs.o(.text)
    SetISTR                                  0x08003097   Thumb Code     6  usb_regs.o(.text)
    GetISTR                                  0x0800309d   Thumb Code     8  usb_regs.o(.text)
    GetFNR                                   0x080030a5   Thumb Code    10  usb_regs.o(.text)
    SetDADDR                                 0x080030af   Thumb Code     6  usb_regs.o(.text)
    GetDADDR                                 0x080030b5   Thumb Code     8  usb_regs.o(.text)
    SetBTABLE                                0x080030bd   Thumb Code    14  usb_regs.o(.text)
    GetBTABLE                                0x080030cb   Thumb Code     8  usb_regs.o(.text)
    SetENDPOINT                              0x080030d3   Thumb Code     8  usb_regs.o(.text)
    GetENDPOINT                              0x080030db   Thumb Code    12  usb_regs.o(.text)
    SetEPType                                0x080030e7   Thumb Code    28  usb_regs.o(.text)
    GetEPType                                0x08003103   Thumb Code    14  usb_regs.o(.text)
    SetEPTxStatus                            0x08003111   Thumb Code    46  usb_regs.o(.text)
    SetEPRxStatus                            0x0800313f   Thumb Code    46  usb_regs.o(.text)
    SetDouBleBuffEPStall                     0x0800316d   Thumb Code    46  usb_regs.o(.text)
    GetEPTxStatus                            0x0800319b   Thumb Code    14  usb_regs.o(.text)
    GetEPRxStatus                            0x080031a9   Thumb Code    14  usb_regs.o(.text)
    SetEPTxValid                             0x080031b7   Thumb Code    32  usb_regs.o(.text)
    SetEPRxValid                             0x080031d7   Thumb Code    32  usb_regs.o(.text)
    SetEP_KIND                               0x080031f7   Thumb Code    28  usb_regs.o(.text)
    ClearEP_KIND                             0x08003213   Thumb Code    24  usb_regs.o(.text)
    Clear_Status_Out                         0x0800322b   Thumb Code    24  usb_regs.o(.text)
    Set_Status_Out                           0x08003243   Thumb Code    28  usb_regs.o(.text)
    SetEPDoubleBuff                          0x0800325f   Thumb Code    28  usb_regs.o(.text)
    ClearEPDoubleBuff                        0x0800327b   Thumb Code    24  usb_regs.o(.text)
    GetTxStallStatus                         0x08003293   Thumb Code    24  usb_regs.o(.text)
    GetRxStallStatus                         0x080032ab   Thumb Code    26  usb_regs.o(.text)
    ClearEP_CTR_RX                           0x080032c5   Thumb Code    26  usb_regs.o(.text)
    ClearEP_CTR_TX                           0x080032df   Thumb Code    24  usb_regs.o(.text)
    ToggleDTOG_RX                            0x080032f7   Thumb Code    28  usb_regs.o(.text)
    ToggleDTOG_TX                            0x08003313   Thumb Code    28  usb_regs.o(.text)
    ClearDTOG_RX                             0x0800332f   Thumb Code    40  usb_regs.o(.text)
    ClearDTOG_TX                             0x08003357   Thumb Code    40  usb_regs.o(.text)
    SetEPAddress                             0x0800337f   Thumb Code    28  usb_regs.o(.text)
    GetEPAddress                             0x0800339b   Thumb Code    14  usb_regs.o(.text)
    SetEPTxAddr                              0x080033a9   Thumb Code    28  usb_regs.o(.text)
    SetEPRxAddr                              0x080033c5   Thumb Code    32  usb_regs.o(.text)
    GetEPTxAddr                              0x080033e5   Thumb Code    22  usb_regs.o(.text)
    GetEPRxAddr                              0x080033fb   Thumb Code    26  usb_regs.o(.text)
    SetEPTxCount                             0x08003415   Thumb Code    22  usb_regs.o(.text)
    SetEPCountRxReg                          0x0800342b   Thumb Code    82  usb_regs.o(.text)
    SetEPRxCount                             0x0800347d   Thumb Code    80  usb_regs.o(.text)
    GetEPTxCount                             0x080034cd   Thumb Code    28  usb_regs.o(.text)
    GetEPRxCount                             0x080034e9   Thumb Code    28  usb_regs.o(.text)
    SetEPDblBuffAddr                         0x08003505   Thumb Code    54  usb_regs.o(.text)
    SetEPDblBuf0Addr                         0x0800353b   Thumb Code    28  usb_regs.o(.text)
    SetEPDblBuf1Addr                         0x08003557   Thumb Code    32  usb_regs.o(.text)
    GetEPDblBuf0Addr                         0x08003577   Thumb Code    22  usb_regs.o(.text)
    GetEPDblBuf1Addr                         0x0800358d   Thumb Code    26  usb_regs.o(.text)
    SetEPDblBuffCount                        0x080035a7   Thumb Code   214  usb_regs.o(.text)
    SetEPDblBuf0Count                        0x0800367d   Thumb Code   110  usb_regs.o(.text)
    SetEPDblBuf1Count                        0x080036eb   Thumb Code   110  usb_regs.o(.text)
    GetEPDblBuf0Count                        0x08003759   Thumb Code    28  usb_regs.o(.text)
    GetEPDblBuf1Count                        0x08003775   Thumb Code    28  usb_regs.o(.text)
    GetEPDblBufDir                           0x08003791   Thumb Code    66  usb_regs.o(.text)
    FreeUserBuffer                           0x080037d3   Thumb Code    64  usb_regs.o(.text)
    ToWord                                   0x08003813   Thumb Code     8  usb_regs.o(.text)
    ByteSwap                                 0x0800381b   Thumb Code    14  usb_regs.o(.text)
    __use_two_region_memory                  0x08003835   Thumb Code     2  heapauxi.o(.text)
    __rt_heap_escrow$2region                 0x08003837   Thumb Code     2  heapauxi.o(.text)
    __rt_heap_expand$2region                 0x08003839   Thumb Code     2  heapauxi.o(.text)
    __user_setup_stackheap                   0x0800383b   Thumb Code    74  sys_stackheap_outer.o(.text)
    exit                                     0x08003885   Thumb Code    12  exit.o(.text)
    __user_libspace                          0x08003891   Thumb Code     8  libspace.o(.text)
    __user_perproc_libspace                  0x08003891   Thumb Code     0  libspace.o(.text)
    __user_perthread_libspace                0x08003891   Thumb Code     0  libspace.o(.text)
    __rt_fp_status_addr                      0x08003899   Thumb Code     8  rt_fp_status_addr_intlibspace.o(.text)
    _sys_exit                                0x080038a1   Thumb Code     8  sys_exit.o(.text)
    __I$use$semihosting                      0x080038ad   Thumb Code     0  use_no_semi.o(.text)
    __use_no_semihosting_swi                 0x080038ad   Thumb Code     2  use_no_semi.o(.text)
    __semihosting_library_function           0x080038af   Thumb Code     0  indicate_semi.o(.text)
    _fp_init                                 0x080038af   Thumb Code    14  fpinit.o(x$fpl$fpinit)
    __fplib_config_pureend_doubles           0x080038bb   Thumb Code     0  fpinit.o(x$fpl$fpinit)
    Virtual_Com_Port_DeviceDescriptor        0x080038bc   Data          18  usb_desc.o(.constdata)
    Virtual_Com_Port_ConfigDescriptor        0x080038ce   Data          67  usb_desc.o(.constdata)
    Virtual_Com_Port_StringLangID            0x08003911   Data           4  usb_desc.o(.constdata)
    Virtual_Com_Port_StringVendor            0x08003915   Data          38  usb_desc.o(.constdata)
    Virtual_Com_Port_StringProduct           0x0800393b   Data          50  usb_desc.o(.constdata)
    Region$$Table$$Base                      0x08003970   Number         0  anon$$obj.o(Region$$Table)
    Region$$Table$$Limit                     0x08003990   Number         0  anon$$obj.o(Region$$Table)
    SystemCoreClock                          0x20000000   Data           4  system_stm32f10x.o(.data)
    AHBPrescTable                            0x20000004   Data          16  system_stm32f10x.o(.data)
    HSEStartUpStatus                         0x20000028   Data           1  hw_config.o(.data)
    Virtual_Com_Port_StringSerial            0x20000029   Data          26  usb_desc.o(.data)
    count_out                                0x20000044   Data           4  usb_endp.o(.data)
    count_in                                 0x20000048   Data           4  usb_endp.o(.data)
    bIntPackSOF                              0x2000004c   Data           1  usb_istr.o(.data)
    pEpInt_IN                                0x20000050   Data          28  usb_istr.o(.data)
    pEpInt_OUT                               0x2000006c   Data          28  usb_istr.o(.data)
    wIstr                                    0x20000088   Data           2  usb_istr.o(.data)
    Request                                  0x2000008c   Data           1  usb_prop.o(.data)
    linecoding                               0x20000090   Data           8  usb_prop.o(.data)
    Device_Table                             0x20000098   Data           2  usb_prop.o(.data)
    Device_Property                          0x2000009c   Data          48  usb_prop.o(.data)
    User_Standard_Requests                   0x200000cc   Data          36  usb_prop.o(.data)
    Device_Descriptor                        0x200000f0   Data           8  usb_prop.o(.data)
    Config_Descriptor                        0x200000f8   Data           8  usb_prop.o(.data)
    String_Descriptor                        0x20000100   Data          32  usb_prop.o(.data)
    bDeviceState                             0x20000120   Data           4  usb_pwr.o(.data)
    fSuspendEnabled                          0x20000124   Data           1  usb_pwr.o(.data)
    ResumeS                                  0x20000125   Data           2  usb_pwr.o(.data)
    Data_Mul_MaxPacketSize                   0x20000128   Data           1  usb_core.o(.data)
    StatusInfo                               0x2000012a   Data           2  usb_core.o(.data)
    EPindex                                  0x2000012c   Data           1  usb_init.o(.data)
    pInformation                             0x20000130   Data           4  usb_init.o(.data)
    pProperty                                0x20000134   Data           4  usb_init.o(.data)
    SaveState                                0x20000138   Data           2  usb_init.o(.data)
    wInterrupt_Mask                          0x2000013a   Data           2  usb_init.o(.data)
    pUser_Standard_Requests                  0x2000013c   Data           4  usb_init.o(.data)
    SaveRState                               0x20000140   Data           2  usb_int.o(.data)
    SaveTState                               0x20000142   Data           2  usb_int.o(.data)
    USART_InitStructure                      0x20000144   Data          16  hw_config.o(.bss)
    buffer_in                                0x20000154   Data          64  hw_config.o(.bss)
    buffer_out                               0x20000194   Data          64  usb_endp.o(.bss)
    Device_Info                              0x200001d4   Data          28  usb_init.o(.bss)
    __libspace_start                         0x200001f0   Data          96  libspace.o(.bss)
    __temporary_stack_top$libspace           0x20000250   Data           0  libspace.o(.bss)



==============================================================================

Memory Map of the image

  Image Entry point : 0x08000131

  Load Region LR_IROM1 (Base: 0x08000000, Size: 0x00003ad4, Max: 0x00040000, ABSOLUTE, COMPRESSED[0x00003a24])

    Execution Region ER_IROM1 (Base: 0x08000000, Size: 0x00003990, Max: 0x00040000, ABSOLUTE)

    Base Addr    Size         Type   Attr      Idx    E Section Name        Object

    0x08000000   0x00000130   Data   RO          116    RESET               startup_stm32f10x_hd.o
    0x08000130   0x00000008   Code   RO          691  * !!!main             c_w.l(__main.o)
    0x08000138   0x00000034   Code   RO          850    !!!scatter          c_w.l(__scatter.o)
    0x0800016c   0x0000005a   Code   RO          848    !!dczerorl2         c_w.l(__dczerorl2.o)
    0x080001c6   0x00000002   PAD
    0x080001c8   0x0000001c   Code   RO          852    !!handler_zi        c_w.l(__scatter_zi.o)
    0x080001e4   0x00000006   Code   RO          718    .ARM.Collect$$libinit$$00000000  c_w.l(libinit.o)
    0x080001ea   0x00000000   Code   RO          726    .ARM.Collect$$libinit$$00000006  c_w.l(libinit2.o)
    0x080001ea   0x00000000   Code   RO          728    .ARM.Collect$$libinit$$00000008  c_w.l(libinit2.o)
    0x080001ea   0x00000000   Code   RO          730    .ARM.Collect$$libinit$$0000000A  c_w.l(libinit2.o)
    0x080001ea   0x00000000   Code   RO          733    .ARM.Collect$$libinit$$0000000D  c_w.l(libinit2.o)
    0x080001ea   0x00000000   Code   RO          735    .ARM.Collect$$libinit$$0000000F  c_w.l(libinit2.o)
    0x080001ea   0x00000000   Code   RO          737    .ARM.Collect$$libinit$$00000011  c_w.l(libinit2.o)
    0x080001ea   0x00000000   Code   RO          739    .ARM.Collect$$libinit$$00000013  c_w.l(libinit2.o)
    0x080001ea   0x00000000   Code   RO          741    .ARM.Collect$$libinit$$00000015  c_w.l(libinit2.o)
    0x080001ea   0x00000000   Code   RO          743    .ARM.Collect$$libinit$$00000017  c_w.l(libinit2.o)
    0x080001ea   0x00000000   Code   RO          745    .ARM.Collect$$libinit$$00000019  c_w.l(libinit2.o)
    0x080001ea   0x00000000   Code   RO          747    .ARM.Collect$$libinit$$0000001B  c_w.l(libinit2.o)
    0x080001ea   0x00000000   Code   RO          749    .ARM.Collect$$libinit$$0000001D  c_w.l(libinit2.o)
    0x080001ea   0x00000000   Code   RO          751    .ARM.Collect$$libinit$$0000001F  c_w.l(libinit2.o)
    0x080001ea   0x00000000   Code   RO          753    .ARM.Collect$$libinit$$00000021  c_w.l(libinit2.o)
    0x080001ea   0x00000000   Code   RO          757    .ARM.Collect$$libinit$$00000028  c_w.l(libinit2.o)
    0x080001ea   0x00000000   Code   RO          759    .ARM.Collect$$libinit$$0000002A  c_w.l(libinit2.o)
    0x080001ea   0x00000000   Code   RO          761    .ARM.Collect$$libinit$$0000002C  c_w.l(libinit2.o)
    0x080001ea   0x00000000   Code   RO          763    .ARM.Collect$$libinit$$0000002E  c_w.l(libinit2.o)
    0x080001ea   0x00000002   Code   RO          764    .ARM.Collect$$libinit$$0000002F  c_w.l(libinit2.o)
    0x080001ec   0x00000002   Code   RO          789    .ARM.Collect$$libshutdown$$00000000  c_w.l(libshutdown.o)
    0x080001ee   0x00000000   Code   RO          803    .ARM.Collect$$libshutdown$$00000003  c_w.l(libshutdown2.o)
    0x080001ee   0x00000000   Code   RO          806    .ARM.Collect$$libshutdown$$00000006  c_w.l(libshutdown2.o)
    0x080001ee   0x00000000   Code   RO          809    .ARM.Collect$$libshutdown$$00000009  c_w.l(libshutdown2.o)
    0x080001ee   0x00000000   Code   RO          811    .ARM.Collect$$libshutdown$$0000000B  c_w.l(libshutdown2.o)
    0x080001ee   0x00000000   Code   RO          814    .ARM.Collect$$libshutdown$$0000000E  c_w.l(libshutdown2.o)
    0x080001ee   0x00000002   Code   RO          815    .ARM.Collect$$libshutdown$$0000000F  c_w.l(libshutdown2.o)
    0x080001f0   0x00000000   Code   RO          693    .ARM.Collect$$rtentry$$00000000  c_w.l(rtentry.o)
    0x080001f0   0x00000000   Code   RO          695    .ARM.Collect$$rtentry$$00000002  c_w.l(rtentry2.o)
    0x080001f0   0x00000006   Code   RO          707    .ARM.Collect$$rtentry$$00000004  c_w.l(rtentry4.o)
    0x080001f6   0x00000000   Code   RO          697    .ARM.Collect$$rtentry$$00000009  c_w.l(rtentry2.o)
    0x080001f6   0x00000004   Code   RO          698    .ARM.Collect$$rtentry$$0000000A  c_w.l(rtentry2.o)
    0x080001fa   0x00000000   Code   RO          700    .ARM.Collect$$rtentry$$0000000C  c_w.l(rtentry2.o)
    0x080001fa   0x00000008   Code   RO          701    .ARM.Collect$$rtentry$$0000000D  c_w.l(rtentry2.o)
    0x08000202   0x00000002   Code   RO          722    .ARM.Collect$$rtexit$$00000000  c_w.l(rtexit.o)
    0x08000204   0x00000000   Code   RO          768    .ARM.Collect$$rtexit$$00000002  c_w.l(rtexit2.o)
    0x08000204   0x00000004   Code   RO          769    .ARM.Collect$$rtexit$$00000003  c_w.l(rtexit2.o)
    0x08000208   0x00000006   Code   RO          770    .ARM.Collect$$rtexit$$00000004  c_w.l(rtexit2.o)
    0x0800020e   0x00000002   PAD
    0x08000210   0x000001e0   Code   RO           17    .text               system_stm32f10x.o
    0x080003f0   0x00000040   Code   RO          117    .text               startup_stm32f10x_hd.o
    0x08000430   0x00000100   Code   RO          121    .text               misc.o
    0x08000530   0x00000668   Code   RO          245    .text               stm32f10x_flash.o
    0x08000b98   0x000003ac   Code   RO          269    .text               stm32f10x_gpio.o
    0x08000f44   0x00000414   Code   RO          317    .text               stm32f10x_rcc.o
    0x08001358   0x000004a6   Code   RO          379    .text               stm32f10x_usart.o
    0x080017fe   0x00000002   PAD
    0x08001800   0x00000044   Code   RO          403    .text               main.o
    0x08001844   0x0000003c   Code   RO          460    .text               stm32f10x_it.o
    0x08001880   0x000003ac   Code   RO          478    .text               hw_config.o
    0x08001c2c   0x0000003c   Code   RO          511    .text               usb_endp.o
    0x08001c68   0x00000078   Code   RO          527    .text               usb_istr.o
    0x08001ce0   0x00000284   Code   RO          545    .text               usb_prop.o
    0x08001f64   0x00000170   Code   RO          568    .text               usb_pwr.o
    0x080020d4   0x00000b64   Code   RO          601    .text               usb_core.o
    0x08002c38   0x00000040   Code   RO          616    .text               usb_init.o
    0x08002c78   0x000003a8   Code   RO          639    .text               usb_int.o
    0x08003020   0x00000068   Code   RO          663    .text               usb_mem.o
    0x08003088   0x000007ac   Code   RO          675    .text               usb_regs.o
    0x08003834   0x00000006   Code   RO          689    .text               c_w.l(heapauxi.o)
    0x0800383a   0x0000004a   Code   RO          709    .text               c_w.l(sys_stackheap_outer.o)
    0x08003884   0x0000000c   Code   RO          711    .text               c_w.l(exit.o)
    0x08003890   0x00000008   Code   RO          719    .text               c_w.l(libspace.o)
    0x08003898   0x00000008   Code   RO          777    .text               c_w.l(rt_fp_status_addr_intlibspace.o)
    0x080038a0   0x0000000c   Code   RO          781    .text               c_w.l(sys_exit.o)
    0x080038ac   0x00000002   Code   RO          792    .text               c_w.l(use_no_semi.o)
    0x080038ae   0x00000000   Code   RO          794    .text               c_w.l(indicate_semi.o)
    0x080038ae   0x0000000e   Code   RO          765    x$fpl$fpinit        fz_ws.l(fpinit.o)
    0x080038bc   0x000000b1   Data   RO          498    .constdata          usb_desc.o
    0x0800396d   0x00000003   PAD
    0x08003970   0x00000020   Data   RO          846    Region$$Table       anon$$obj.o


    Execution Region RW_IRAM1 (Base: 0x20000000, Size: 0x00000850, Max: 0x0000c000, ABSOLUTE, COMPRESSED[0x00000094])

    Base Addr    Size         Type   Attr      Idx    E Section Name        Object

    0x20000000   0x00000014   Data   RW           18    .data               system_stm32f10x.o
    0x20000014   0x00000014   Data   RW          318    .data               stm32f10x_rcc.o
    0x20000028   0x00000001   Data   RW          480    .data               hw_config.o
    0x20000029   0x0000001a   Data   RW          499    .data               usb_desc.o
    0x20000043   0x00000001   PAD
    0x20000044   0x00000008   Data   RW          513    .data               usb_endp.o
    0x2000004c   0x0000003e   Data   RW          528    .data               usb_istr.o
    0x2000008a   0x00000002   PAD
    0x2000008c   0x00000094   Data   RW          546    .data               usb_prop.o
    0x20000120   0x00000007   Data   RW          569    .data               usb_pwr.o
    0x20000127   0x00000001   PAD
    0x20000128   0x00000004   Data   RW          602    .data               usb_core.o
    0x2000012c   0x00000014   Data   RW          618    .data               usb_init.o
    0x20000140   0x00000004   Data   RW          640    .data               usb_int.o
    0x20000144   0x00000050   Zero   RW          479    .bss                hw_config.o
    0x20000194   0x00000040   Zero   RW          512    .bss                usb_endp.o
    0x200001d4   0x0000001c   Zero   RW          617    .bss                usb_init.o
    0x200001f0   0x00000060   Zero   RW          720    .bss                c_w.l(libspace.o)
    0x20000250   0x00000200   Zero   RW          115    HEAP                startup_stm32f10x_hd.o
    0x20000450   0x00000400   Zero   RW          114    STACK               startup_stm32f10x_hd.o


==============================================================================

Image component sizes


      Code (inc. data)   RO Data    RW Data    ZI Data      Debug   Object Name

         0          0          0          0          0       4196   core_cm3.o
       940         50          0          1         80       4504   hw_config.o
        68         14          0          0          0      11015   main.o
       256         30          0          0          0       1713   misc.o
        64         26        304          0       1536        776   startup_stm32f10x_hd.o
      1640         52          0          0          0       8206   stm32f10x_flash.o
       940         46          0          0          0       5697   stm32f10x_gpio.o
        60          6          0          0          0       1507   stm32f10x_it.o
      1044         52          0         20          0       8852   stm32f10x_rcc.o
      1190         22          0          0          0       8416   stm32f10x_usart.o
       480         36          0         20          0     235755   system_stm32f10x.o
      2916        116          0          4          0       8051   usb_core.o
         0          0        177         26          0        995   usb_desc.o
        60         14          0          8         64       1219   usb_endp.o
        64         26          0         20         28       3874   usb_init.o
       936         34          0          4          0       1752   usb_int.o
       120         22          0         62          0       1136   usb_istr.o
       104          4          0          0          0       1314   usb_mem.o
       644         54          0        148          0       7227   usb_prop.o
       368         20          0          7          0       2481   usb_pwr.o
      1964         36          0          0          0      11785   usb_regs.o

    ----------------------------------------------------------------------
     13860        660        516        324       1708     330471   Object Totals
         0          0         32          0          0          0   (incl. Generated)
         2          0          3          4          0          0   (incl. Padding)

    ----------------------------------------------------------------------

      Code (inc. data)   RO Data    RW Data    ZI Data      Debug   Library Member Name

        90          0          0          0          0          0   __dczerorl2.o
         8          0          0          0          0         68   __main.o
        52          8          0          0          0          0   __scatter.o
        28          0          0          0          0          0   __scatter_zi.o
        12          0          0          0          0         72   exit.o
         6          0          0          0          0        152   heapauxi.o
         0          0          0          0          0          0   indicate_semi.o
         6          0          0          0          0          0   libinit.o
         2          0          0          0          0          0   libinit2.o
         2          0          0          0          0          0   libshutdown.o
         2          0          0          0          0          0   libshutdown2.o
         8          4          0          0         96         68   libspace.o
         8          4          0          0          0         68   rt_fp_status_addr_intlibspace.o
         0          0          0          0          0          0   rtentry.o
        12          0          0          0          0          0   rtentry2.o
         6          0          0          0          0          0   rtentry4.o
         2          0          0          0          0          0   rtexit.o
        10          0          0          0          0          0   rtexit2.o
        12          4          0          0          0         68   sys_exit.o
        74          0          0          0          0         80   sys_stackheap_outer.o
         2          0          0          0          0         68   use_no_semi.o
        14          0          0          0          0         76   fpinit.o

    ----------------------------------------------------------------------
       360         20          0          0         96        720   Library Totals
         4          0          0          0          0          0   (incl. Padding)

    ----------------------------------------------------------------------

      Code (inc. data)   RO Data    RW Data    ZI Data      Debug   Library Name

       342         20          0          0         96        644   c_w.l
        14          0          0          0          0         76   fz_ws.l

    ----------------------------------------------------------------------
       360         20          0          0         96        720   Library Totals

    ----------------------------------------------------------------------

==============================================================================


      Code (inc. data)   RO Data    RW Data    ZI Data      Debug   

     14220        680        516        324       1804     328903   Grand Totals
     14220        680        516        148       1804     328903   ELF Image Totals (compressed)
     14220        680        516        148          0          0   ROM Totals

==============================================================================

    Total RO  Size (Code + RO Data)                14736 (  14.39kB)
    Total RW  Size (RW Data + ZI Data)              2128 (   2.08kB)
    Total ROM Size (Code + RO Data + RW Data)      14884 (  14.54kB)

==============================================================================

