Product: MDK-ARM Basic 5.10
Component: ARM Compiler 5.04 update 1 (build 49)
Tool: armlink [5040049]

==============================================================================

Section Cross References

    system_stm32f10x.o(.text) refers to system_stm32f10x.o(.data) for .data
    startup_stm32f10x_md.o(STACK) refers (Special) to heapauxi.o(.text) for __use_two_region_memory
    startup_stm32f10x_md.o(HEAP) refers (Special) to heapauxi.o(.text) for __use_two_region_memory
    startup_stm32f10x_md.o(RESET) refers (Special) to heapauxi.o(.text) for __use_two_region_memory
    startup_stm32f10x_md.o(RESET) refers to startup_stm32f10x_md.o(STACK) for __initial_sp
    startup_stm32f10x_md.o(RESET) refers to startup_stm32f10x_md.o(.text) for Reset_Handler
    startup_stm32f10x_md.o(RESET) refers to stm32f10x_it.o(.text) for NMI_Handler
    startup_stm32f10x_md.o(.text) refers (Special) to heapauxi.o(.text) for __use_two_region_memory
    startup_stm32f10x_md.o(.text) refers to system_stm32f10x.o(.text) for SystemInit
    startup_stm32f10x_md.o(.text) refers to __main.o(!!!main) for __main
    startup_stm32f10x_md.o(.text) refers to startup_stm32f10x_md.o(HEAP) for Heap_Mem
    startup_stm32f10x_md.o(.text) refers to startup_stm32f10x_md.o(STACK) for Stack_Mem
    stm32f10x_bkp.o(.text) refers to stm32f10x_rcc.o(.text) for RCC_BackupResetCmd
    stm32f10x_cec.o(.text) refers to stm32f10x_rcc.o(.text) for RCC_APB1PeriphResetCmd
    stm32f10x_gpio.o(.text) refers to stm32f10x_rcc.o(.text) for RCC_APB2PeriphResetCmd
    stm32f10x_rcc.o(.text) refers to stm32f10x_rcc.o(.data) for .data
    stm32f10x_spi.o(.text) refers to stm32f10x_rcc.o(.text) for RCC_APB2PeriphResetCmd
    stm32f10x_tim.o(.text) refers to stm32f10x_rcc.o(.text) for RCC_APB1PeriphResetCmd
    stm32f10x_usart.o(.text) refers to stm32f10x_rcc.o(.text) for RCC_APB2PeriphResetCmd
    stm32f10x_wwdg.o(.text) refers to stm32f10x_rcc.o(.text) for RCC_APB1PeriphResetCmd
    main.o(.text) refers to stm32f10x_rcc.o(.text) for RCC_APB2PeriphClockCmd
    main.o(.text) refers to stm32f10x_gpio.o(.text) for GPIO_Init
    main.o(.text) refers to hw_config.o(.text) for Set_System
    main.o(.text) refers to usb_init.o(.text) for USB_Init
    main.o(.text) refers to loadfalsh.o(.text) for ProcessMsg
    main.o(.text) refers to usb_mem.o(.text) for UserToPMABufferCopy
    main.o(.text) refers to usb_regs.o(.text) for SetEPTxCount
    main.o(.text) refers to usb_pwr.o(.data) for bDeviceState
    main.o(.text) refers to usb_endp.o(.data) for count_out
    main.o(.text) refers to main.o(.data) for .data
    main.o(.text) refers to usb_endp.o(.bss) for buffer_out
    main.o(.text) refers to hw_config.o(.bss) for buffer_in
    stm32f10x_it.o(.text) refers to stm32f10x_usart.o(.text) for USART_GetITStatus
    stm32f10x_it.o(.text) refers to usb_istr.o(.text) for USB_Istr
    hw_config.o(.text) refers to stm32f10x_rcc.o(.text) for RCC_DeInit
    hw_config.o(.text) refers to stm32f10x_flash.o(.text) for FLASH_PrefetchBufferCmd
    hw_config.o(.text) refers to stm32f10x_gpio.o(.text) for GPIO_Init
    hw_config.o(.text) refers to misc.o(.text) for NVIC_SetVectorTable
    hw_config.o(.text) refers to stm32f10x_usart.o(.text) for USART_Init
    hw_config.o(.text) refers to usb_mem.o(.text) for UserToPMABufferCopy
    hw_config.o(.text) refers to usb_regs.o(.text) for SetEPTxCount
    hw_config.o(.text) refers to hw_config.o(.data) for .data
    hw_config.o(.text) refers to usb_pwr.o(.data) for bDeviceState
    hw_config.o(.text) refers to usb_init.o(.bss) for Device_Info
    hw_config.o(.text) refers to hw_config.o(.bss) for .bss
    hw_config.o(.text) refers to usb_prop.o(.data) for linecoding
    hw_config.o(.text) refers to usb_endp.o(.data) for count_in
    hw_config.o(.text) refers to usb_desc.o(.data) for Virtual_Com_Port_StringSerial
    usb_endp.o(.text) refers to usb_regs.o(.text) for GetEPRxCount
    usb_endp.o(.text) refers to usb_mem.o(.text) for PMAToUserBufferCopy
    usb_endp.o(.text) refers to usb_endp.o(.data) for .data
    usb_endp.o(.text) refers to usb_endp.o(.bss) for .bss
    usb_istr.o(.text) refers to usb_int.o(.text) for CTR_LP
    usb_istr.o(.text) refers to usb_istr.o(.data) for .data
    usb_istr.o(.text) refers to usb_init.o(.data) for wInterrupt_Mask
    usb_istr.o(.text) refers to usb_prop.o(.data) for Device_Property
    usb_istr.o(.data) refers to usb_endp.o(.text) for EP1_IN_Callback
    usb_istr.o(.data) refers to usb_core.o(.text) for NOP_Process
    usb_istr.o(.data) refers to usb_core.o(.text) for NOP_Process
    usb_istr.o(.data) refers to usb_endp.o(.text) for EP3_OUT_Callback
    usb_prop.o(.text) refers to hw_config.o(.text) for Get_SerialNum
    usb_prop.o(.text) refers to usb_pwr.o(.text) for PowerOn
    usb_prop.o(.text) refers to usb_regs.o(.text) for SetBTABLE
    usb_prop.o(.text) refers to usb_core.o(.text) for SetDeviceAddress
    usb_prop.o(.text) refers to usb_init.o(.data) for pInformation
    usb_prop.o(.text) refers to usb_init.o(.data) for wInterrupt_Mask
    usb_prop.o(.text) refers to usb_pwr.o(.data) for bDeviceState
    usb_prop.o(.text) refers to usb_desc.o(.constdata) for Virtual_Com_Port_ConfigDescriptor
    usb_prop.o(.text) refers to usb_prop.o(.data) for .data
    usb_prop.o(.text) refers to usb_init.o(.bss) for Device_Info
    usb_prop.o(.data) refers to usb_desc.o(.constdata) for Virtual_Com_Port_DeviceDescriptor
    usb_prop.o(.data) refers to usb_desc.o(.constdata) for Virtual_Com_Port_ConfigDescriptor
    usb_prop.o(.data) refers to usb_prop.o(.text) for Virtual_Com_Port_init
    usb_prop.o(.data) refers to usb_desc.o(.constdata) for Virtual_Com_Port_StringLangID
    usb_prop.o(.data) refers to usb_desc.o(.constdata) for Virtual_Com_Port_StringVendor
    usb_prop.o(.data) refers to usb_desc.o(.constdata) for Virtual_Com_Port_StringProduct
    usb_prop.o(.data) refers to usb_desc.o(.data) for Virtual_Com_Port_StringSerial
    usb_prop.o(.data) refers to usb_core.o(.text) for NOP_Process
    usb_prop.o(.data) refers to usb_prop.o(.text) for Virtual_Com_Port_SetConfiguration
    usb_pwr.o(.text) refers to hw_config.o(.text) for USB_Cable_Config
    usb_pwr.o(.text) refers to usb_init.o(.data) for wInterrupt_Mask
    usb_pwr.o(.text) refers to usb_pwr.o(.data) for .data
    loadfalsh.o(.text) refers to stm32f10x_flash.o(.text) for FLASH_ErasePage
    loadfalsh.o(.text) refers to rt_memclr_w.o(.text) for __aeabi_memclr4
    loadfalsh.o(.text) refers to main.o(.text) for ModBus_CRC16
    loadfalsh.o(.text) refers to main.o(.data) for BinFileSize
    usb_core.o(.text) refers to usb_regs.o(.text) for ClearDTOG_TX
    usb_core.o(.text) refers to usb_mem.o(.text) for UserToPMABufferCopy
    usb_core.o(.text) refers to usb_init.o(.data) for pInformation
    usb_core.o(.text) refers to usb_prop.o(.data) for Device_Table
    usb_core.o(.text) refers to usb_core.o(.data) for .data
    usb_core.o(.text) refers to usb_prop.o(.data) for Device_Property
    usb_core.o(.text) refers to usb_int.o(.data) for SaveTState
    usb_init.o(.text) refers to usb_init.o(.bss) for .bss
    usb_init.o(.text) refers to usb_init.o(.data) for .data
    usb_init.o(.text) refers to usb_prop.o(.data) for Device_Property
    usb_init.o(.text) refers to usb_prop.o(.data) for User_Standard_Requests
    usb_int.o(.text) refers to usb_core.o(.text) for In0_Process
    usb_int.o(.text) refers to usb_int.o(.data) for .data
    usb_int.o(.text) refers to usb_init.o(.data) for EPindex
    usb_int.o(.text) refers to usb_istr.o(.data) for pEpInt_OUT
    usb_int.o(.text) refers to usb_istr.o(.data) for pEpInt_IN
    usb_int.o(.text) refers to usb_istr.o(.data) for wIstr
    __main.o(!!!main) refers to rtentry.o(.ARM.Collect$$rtentry$$00000000) for __rt_entry
    rtentry.o(.ARM.Collect$$rtentry$$00000000) refers (Special) to rtentry2.o(.ARM.Collect$$rtentry$$0000000A) for __rt_entry_li
    rtentry.o(.ARM.Collect$$rtentry$$00000000) refers (Special) to rtentry2.o(.ARM.Collect$$rtentry$$0000000D) for __rt_entry_main
    rtentry.o(.ARM.Collect$$rtentry$$00000000) refers (Special) to rtentry2.o(.ARM.Collect$$rtentry$$0000000C) for __rt_entry_postli_1
    rtentry.o(.ARM.Collect$$rtentry$$00000000) refers (Special) to rtentry2.o(.ARM.Collect$$rtentry$$00000009) for __rt_entry_postsh_1
    rtentry.o(.ARM.Collect$$rtentry$$00000000) refers (Special) to rtentry2.o(.ARM.Collect$$rtentry$$00000002) for __rt_entry_presh_1
    rtentry.o(.ARM.Collect$$rtentry$$00000000) refers (Special) to rtentry4.o(.ARM.Collect$$rtentry$$00000004) for __rt_entry_sh
    rtentry2.o(.ARM.Collect$$rtentry$$00000008) refers to boardinit2.o(.text) for _platform_post_stackheap_init
    rtentry2.o(.ARM.Collect$$rtentry$$0000000A) refers to libinit.o(.ARM.Collect$$libinit$$00000000) for __rt_lib_init
    rtentry2.o(.ARM.Collect$$rtentry$$0000000B) refers to boardinit3.o(.text) for _platform_post_lib_init
    rtentry2.o(.ARM.Collect$$rtentry$$0000000D) refers to main.o(.text) for main
    rtentry2.o(.ARM.Collect$$rtentry$$0000000D) refers to exit.o(.text) for exit
    rtentry2.o(.ARM.exidx) refers to rtentry2.o(.ARM.Collect$$rtentry$$00000001) for .ARM.Collect$$rtentry$$00000001
    rtentry2.o(.ARM.exidx) refers to rtentry2.o(.ARM.Collect$$rtentry$$00000008) for .ARM.Collect$$rtentry$$00000008
    rtentry2.o(.ARM.exidx) refers to rtentry2.o(.ARM.Collect$$rtentry$$0000000A) for .ARM.Collect$$rtentry$$0000000A
    rtentry2.o(.ARM.exidx) refers to rtentry2.o(.ARM.Collect$$rtentry$$0000000B) for .ARM.Collect$$rtentry$$0000000B
    rtentry2.o(.ARM.exidx) refers to rtentry2.o(.ARM.Collect$$rtentry$$0000000D) for .ARM.Collect$$rtentry$$0000000D
    rtentry4.o(.ARM.Collect$$rtentry$$00000004) refers to sys_stackheap_outer.o(.text) for __user_setup_stackheap
    rtentry4.o(.ARM.exidx) refers to rtentry4.o(.ARM.Collect$$rtentry$$00000004) for .ARM.Collect$$rtentry$$00000004
    sys_stackheap_outer.o(.text) refers to libspace.o(.text) for __user_perproc_libspace
    sys_stackheap_outer.o(.text) refers to startup_stm32f10x_md.o(.text) for __user_initial_stackheap
    exit.o(.text) refers to rtexit.o(.ARM.Collect$$rtexit$$00000000) for __rt_exit
    libinit.o(.ARM.Collect$$libinit$$00000000) refers (Special) to libinit2.o(.ARM.Collect$$libinit$$0000002C) for __rt_lib_init_alloca_1
    libinit.o(.ARM.Collect$$libinit$$00000000) refers (Special) to libinit2.o(.ARM.Collect$$libinit$$0000002A) for __rt_lib_init_argv_1
    libinit.o(.ARM.Collect$$libinit$$00000000) refers (Special) to libinit2.o(.ARM.Collect$$libinit$$00000019) for __rt_lib_init_atexit_1
    libinit.o(.ARM.Collect$$libinit$$00000000) refers (Special) to libinit2.o(.ARM.Collect$$libinit$$0000001F) for __rt_lib_init_clock_1
    libinit.o(.ARM.Collect$$libinit$$00000000) refers (Special) to libinit2.o(.ARM.Collect$$libinit$$00000030) for __rt_lib_init_cpp_1
    libinit.o(.ARM.Collect$$libinit$$00000000) refers (Special) to libinit2.o(.ARM.Collect$$libinit$$0000002E) for __rt_lib_init_exceptions_1
    libinit.o(.ARM.Collect$$libinit$$00000000) refers (Special) to libinit2.o(.ARM.Collect$$libinit$$00000002) for __rt_lib_init_fp_1
    libinit.o(.ARM.Collect$$libinit$$00000000) refers (Special) to libinit2.o(.ARM.Collect$$libinit$$0000001D) for __rt_lib_init_fp_trap_1
    libinit.o(.ARM.Collect$$libinit$$00000000) refers (Special) to libinit2.o(.ARM.Collect$$libinit$$00000021) for __rt_lib_init_getenv_1
    libinit.o(.ARM.Collect$$libinit$$00000000) refers (Special) to libinit2.o(.ARM.Collect$$libinit$$00000008) for __rt_lib_init_heap_1
    libinit.o(.ARM.Collect$$libinit$$00000000) refers (Special) to libinit2.o(.ARM.Collect$$libinit$$0000000F) for __rt_lib_init_lc_collate_1
    libinit.o(.ARM.Collect$$libinit$$00000000) refers (Special) to libinit2.o(.ARM.Collect$$libinit$$00000011) for __rt_lib_init_lc_ctype_1
    libinit.o(.ARM.Collect$$libinit$$00000000) refers (Special) to libinit2.o(.ARM.Collect$$libinit$$00000013) for __rt_lib_init_lc_monetary_1
    libinit.o(.ARM.Collect$$libinit$$00000000) refers (Special) to libinit2.o(.ARM.Collect$$libinit$$00000015) for __rt_lib_init_lc_numeric_1
    libinit.o(.ARM.Collect$$libinit$$00000000) refers (Special) to libinit2.o(.ARM.Collect$$libinit$$00000017) for __rt_lib_init_lc_time_1
    libinit.o(.ARM.Collect$$libinit$$00000000) refers (Special) to libinit2.o(.ARM.Collect$$libinit$$0000000C) for __rt_lib_init_rand_1
    libinit.o(.ARM.Collect$$libinit$$00000000) refers (Special) to libinit2.o(.ARM.Collect$$libinit$$00000031) for __rt_lib_init_return
    libinit.o(.ARM.Collect$$libinit$$00000000) refers (Special) to libinit2.o(.ARM.Collect$$libinit$$0000001B) for __rt_lib_init_signal_1
    libinit.o(.ARM.Collect$$libinit$$00000000) refers (Special) to libinit2.o(.ARM.Collect$$libinit$$00000023) for __rt_lib_init_stdio_1
    libinit.o(.ARM.Collect$$libinit$$00000000) refers (Special) to libinit2.o(.ARM.Collect$$libinit$$0000000A) for __rt_lib_init_user_alloc_1
    libspace.o(.text) refers to libspace.o(.bss) for __libspace_start
    rtexit.o(.ARM.Collect$$rtexit$$00000000) refers (Special) to rtexit2.o(.ARM.Collect$$rtexit$$00000004) for __rt_exit_exit
    rtexit.o(.ARM.Collect$$rtexit$$00000000) refers (Special) to rtexit2.o(.ARM.Collect$$rtexit$$00000003) for __rt_exit_ls
    rtexit.o(.ARM.Collect$$rtexit$$00000000) refers (Special) to rtexit2.o(.ARM.Collect$$rtexit$$00000002) for __rt_exit_prels_1
    rtexit.o(.ARM.exidx) refers (Special) to rtexit2.o(.ARM.Collect$$rtexit$$00000004) for __rt_exit_exit
    rtexit.o(.ARM.exidx) refers (Special) to rtexit2.o(.ARM.Collect$$rtexit$$00000003) for __rt_exit_ls
    rtexit.o(.ARM.exidx) refers (Special) to rtexit2.o(.ARM.Collect$$rtexit$$00000002) for __rt_exit_prels_1
    rtexit.o(.ARM.exidx) refers to rtexit.o(.ARM.Collect$$rtexit$$00000000) for .ARM.Collect$$rtexit$$00000000
    libinit2.o(.ARM.Collect$$libinit$$0000000E) refers to libinit2.o(.ARM.Collect$$libinit$$0000000D) for .ARM.Collect$$libinit$$0000000D
    libinit2.o(.ARM.Collect$$libinit$$00000010) refers to libinit2.o(.ARM.Collect$$libinit$$0000000D) for .ARM.Collect$$libinit$$0000000D
    libinit2.o(.ARM.Collect$$libinit$$00000012) refers to libinit2.o(.ARM.Collect$$libinit$$0000000D) for .ARM.Collect$$libinit$$0000000D
    libinit2.o(.ARM.Collect$$libinit$$00000014) refers to libinit2.o(.ARM.Collect$$libinit$$0000000D) for .ARM.Collect$$libinit$$0000000D
    libinit2.o(.ARM.Collect$$libinit$$00000016) refers to libinit2.o(.ARM.Collect$$libinit$$0000000D) for .ARM.Collect$$libinit$$0000000D
    libinit2.o(.ARM.Collect$$libinit$$00000024) refers to argv_veneer.o(.emb_text) for __ARM_argv_veneer
    libinit2.o(.ARM.Collect$$libinit$$00000025) refers to argv_veneer.o(.emb_text) for __ARM_argv_veneer
    rtexit2.o(.ARM.Collect$$rtexit$$00000003) refers to libshutdown.o(.ARM.Collect$$libshutdown$$00000000) for __rt_lib_shutdown
    rtexit2.o(.ARM.Collect$$rtexit$$00000004) refers to sys_exit.o(.text) for _sys_exit
    rtexit2.o(.ARM.exidx) refers to rtexit2.o(.ARM.Collect$$rtexit$$00000001) for .ARM.Collect$$rtexit$$00000001
    rtexit2.o(.ARM.exidx) refers to rtexit2.o(.ARM.Collect$$rtexit$$00000003) for .ARM.Collect$$rtexit$$00000003
    rtexit2.o(.ARM.exidx) refers to rtexit2.o(.ARM.Collect$$rtexit$$00000004) for .ARM.Collect$$rtexit$$00000004
    argv_veneer.o(.emb_text) refers to no_argv.o(.text) for __ARM_get_argv
    sys_exit.o(.text) refers (Special) to use_no_semi.o(.text) for __I$use$semihosting
    sys_exit.o(.text) refers (Special) to indicate_semi.o(.text) for __semihosting_library_function
    _get_argv_nomalloc.o(.text) refers (Special) to hrguard.o(.text) for __heap_region$guard
    _get_argv_nomalloc.o(.text) refers to defsig_rtmem_outer.o(.text) for __rt_SIGRTMEM
    _get_argv_nomalloc.o(.text) refers to sys_command.o(.text) for _sys_command_string
    libshutdown.o(.ARM.Collect$$libshutdown$$00000000) refers (Special) to libshutdown2.o(.ARM.Collect$$libshutdown$$00000006) for __rt_lib_shutdown_fp_trap_1
    libshutdown.o(.ARM.Collect$$libshutdown$$00000000) refers (Special) to libshutdown2.o(.ARM.Collect$$libshutdown$$0000000E) for __rt_lib_shutdown_heap_1
    libshutdown.o(.ARM.Collect$$libshutdown$$00000000) refers (Special) to libshutdown2.o(.ARM.Collect$$libshutdown$$0000000F) for __rt_lib_shutdown_return
    libshutdown.o(.ARM.Collect$$libshutdown$$00000000) refers (Special) to libshutdown2.o(.ARM.Collect$$libshutdown$$00000009) for __rt_lib_shutdown_signal_1
    libshutdown.o(.ARM.Collect$$libshutdown$$00000000) refers (Special) to libshutdown2.o(.ARM.Collect$$libshutdown$$00000003) for __rt_lib_shutdown_stdio_1
    libshutdown.o(.ARM.Collect$$libshutdown$$00000000) refers (Special) to libshutdown2.o(.ARM.Collect$$libshutdown$$0000000B) for __rt_lib_shutdown_user_alloc_1
    sys_command.o(.text) refers (Special) to use_no_semi.o(.text) for __I$use$semihosting
    sys_command.o(.text) refers (Special) to indicate_semi.o(.text) for __semihosting_library_function
    defsig_rtmem_outer.o(.text) refers to defsig_rtmem_inner.o(.text) for __rt_SIGRTMEM_inner
    defsig_rtmem_outer.o(.text) refers to defsig_exit.o(.text) for __sig_exit
    defsig_rtmem_formal.o(.text) refers to rt_raise.o(.text) for __rt_raise
    rt_raise.o(.text) refers to __raise.o(.text) for __raise
    rt_raise.o(.text) refers to sys_exit.o(.text) for _sys_exit
    defsig_exit.o(.text) refers to sys_exit.o(.text) for _sys_exit
    defsig_rtmem_inner.o(.text) refers to defsig_general.o(.text) for __default_signal_display
    __raise.o(.text) refers to defsig.o(CL$$defsig) for __default_signal_handler
    defsig_general.o(.text) refers to sys_wrch.o(.text) for _ttywrch
    sys_wrch.o(.text) refers (Special) to use_no_semi.o(.text) for __I$use$semihosting
    sys_wrch.o(.text) refers (Special) to indicate_semi.o(.text) for __semihosting_library_function
    defsig.o(CL$$defsig) refers to defsig_rtmem_inner.o(.text) for __rt_SIGRTMEM_inner
    defsig_abrt_inner.o(.text) refers to defsig_general.o(.text) for __default_signal_display
    defsig_fpe_inner.o(.text) refers to defsig_general.o(.text) for __default_signal_display
    defsig_rtred_inner.o(.text) refers to defsig_general.o(.text) for __default_signal_display
    defsig_stak_inner.o(.text) refers to defsig_general.o(.text) for __default_signal_display
    defsig_pvfn_inner.o(.text) refers to defsig_general.o(.text) for __default_signal_display
    defsig_cppl_inner.o(.text) refers to defsig_general.o(.text) for __default_signal_display
    defsig_segv_inner.o(.text) refers to defsig_general.o(.text) for __default_signal_display
    defsig_other.o(.text) refers to defsig_general.o(.text) for __default_signal_display


==============================================================================

Removing Unused input sections from the image.

    Removing core_cm3.o(.emb_text), (32 bytes).
    Removing stm32f10x_bkp.o(.text), (152 bytes).
    Removing stm32f10x_cec.o(.text), (248 bytes).
    Removing stm32f10x_crc.o(.text), (64 bytes).
    Removing stm32f10x_dbgmcu.o(.text), (40 bytes).
    Removing stm32f10x_dma.o(.text), (456 bytes).
    Removing stm32f10x_exti.o(.text), (232 bytes).
    Removing stm32f10x_iwdg.o(.text), (60 bytes).
    Removing stm32f10x_rtc.o(.text), (272 bytes).
    Removing stm32f10x_sdio.o(.text), (428 bytes).
    Removing stm32f10x_spi.o(.text), (628 bytes).
    Removing stm32f10x_tim.o(.text), (2800 bytes).
    Removing stm32f10x_wwdg.o(.text), (124 bytes).
    Removing usb_pwr.o(.data), (1 bytes).
    Removing usb_init.o(.data), (2 bytes).

15 unused section(s) (total 5539 bytes) removed from the image.

==============================================================================

Image Symbol Table

    Local Symbols

    Symbol Name                              Value     Ov Type        Size  Object(Section)

    ../clib/angel/boardlib.s                 0x00000000   Number         0  boardinit3.o ABSOLUTE
    ../clib/angel/boardlib.s                 0x00000000   Number         0  boardinit2.o ABSOLUTE
    ../clib/angel/boardlib.s                 0x00000000   Number         0  boardinit1.o ABSOLUTE
    ../clib/angel/boardlib.s                 0x00000000   Number         0  boardshut.o ABSOLUTE
    ../clib/angel/dczerorl2.s                0x00000000   Number         0  __dczerorl2.o ABSOLUTE
    ../clib/angel/handlers.s                 0x00000000   Number         0  __scatter_zi.o ABSOLUTE
    ../clib/angel/kernel.s                   0x00000000   Number         0  rtexit2.o ABSOLUTE
    ../clib/angel/kernel.s                   0x00000000   Number         0  rtentry4.o ABSOLUTE
    ../clib/angel/kernel.s                   0x00000000   Number         0  rtentry.o ABSOLUTE
    ../clib/angel/kernel.s                   0x00000000   Number         0  rtentry2.o ABSOLUTE
    ../clib/angel/kernel.s                   0x00000000   Number         0  rtexit.o ABSOLUTE
    ../clib/angel/rt.s                       0x00000000   Number         0  rt_raise.o ABSOLUTE
    ../clib/angel/scatter.s                  0x00000000   Number         0  __scatter.o ABSOLUTE
    ../clib/angel/startup.s                  0x00000000   Number         0  __main.o ABSOLUTE
    ../clib/angel/sys.s                      0x00000000   Number         0  libspace.o ABSOLUTE
    ../clib/angel/sys.s                      0x00000000   Number         0  use_no_semi.o ABSOLUTE
    ../clib/angel/sys.s                      0x00000000   Number         0  indicate_semi.o ABSOLUTE
    ../clib/angel/sys.s                      0x00000000   Number         0  sys_stackheap_outer.o ABSOLUTE
    ../clib/angel/sysapp.c                   0x00000000   Number         0  sys_exit.o ABSOLUTE
    ../clib/angel/sysapp.c                   0x00000000   Number         0  sys_wrch.o ABSOLUTE
    ../clib/angel/sysapp.c                   0x00000000   Number         0  sys_command.o ABSOLUTE
    ../clib/armsys.c                         0x00000000   Number         0  no_argv.o ABSOLUTE
    ../clib/armsys.c                         0x00000000   Number         0  _get_argv_nomalloc.o ABSOLUTE
    ../clib/armsys.c                         0x00000000   Number         0  argv_veneer.o ABSOLUTE
    ../clib/armsys.c                         0x00000000   Number         0  argv_veneer.o ABSOLUTE
    ../clib/heapalloc.c                      0x00000000   Number         0  hrguard.o ABSOLUTE
    ../clib/heapaux.c                        0x00000000   Number         0  heapauxi.o ABSOLUTE
    ../clib/libinit.s                        0x00000000   Number         0  libinit2.o ABSOLUTE
    ../clib/libinit.s                        0x00000000   Number         0  libinit.o ABSOLUTE
    ../clib/libinit.s                        0x00000000   Number         0  libshutdown2.o ABSOLUTE
    ../clib/libinit.s                        0x00000000   Number         0  libshutdown.o ABSOLUTE
    ../clib/memcpset.s                       0x00000000   Number         0  rt_memclr_w.o ABSOLUTE
    ../clib/signal.c                         0x00000000   Number         0  defsig_abrt_inner.o ABSOLUTE
    ../clib/signal.c                         0x00000000   Number         0  defsig_rtmem_inner.o ABSOLUTE
    ../clib/signal.c                         0x00000000   Number         0  defsig_exit.o ABSOLUTE
    ../clib/signal.c                         0x00000000   Number         0  defsig_rtmem_formal.o ABSOLUTE
    ../clib/signal.c                         0x00000000   Number         0  defsig_rtmem_outer.o ABSOLUTE
    ../clib/signal.c                         0x00000000   Number         0  defsig_other.o ABSOLUTE
    ../clib/signal.c                         0x00000000   Number         0  defsig_pvfn_inner.o ABSOLUTE
    ../clib/signal.c                         0x00000000   Number         0  defsig_stak_inner.o ABSOLUTE
    ../clib/signal.c                         0x00000000   Number         0  defsig_segv_inner.o ABSOLUTE
    ../clib/signal.c                         0x00000000   Number         0  defsig_cppl_inner.o ABSOLUTE
    ../clib/signal.c                         0x00000000   Number         0  defsig_rtred_inner.o ABSOLUTE
    ../clib/signal.c                         0x00000000   Number         0  defsig_general.o ABSOLUTE
    ../clib/signal.c                         0x00000000   Number         0  __raise.o ABSOLUTE
    ../clib/signal.c                         0x00000000   Number         0  defsig_fpe_inner.o ABSOLUTE
    ../clib/signal.s                         0x00000000   Number         0  defsig.o ABSOLUTE
    ../clib/stdlib.c                         0x00000000   Number         0  exit.o ABSOLUTE
    ../fplib/fpinit.s                        0x00000000   Number         0  fpinit.o ABSOLUTE
    ..\\startup\\core_cm3.c                  0x00000000   Number         0  core_cm3.o ABSOLUTE
    ..\mine\loadfalsh.c                      0x00000000   Number         0  loadfalsh.o ABSOLUTE
    ..\periphlib\src\misc.c                  0x00000000   Number         0  misc.o ABSOLUTE
    ..\periphlib\src\stm32f10x_bkp.c         0x00000000   Number         0  stm32f10x_bkp.o ABSOLUTE
    ..\periphlib\src\stm32f10x_cec.c         0x00000000   Number         0  stm32f10x_cec.o ABSOLUTE
    ..\periphlib\src\stm32f10x_crc.c         0x00000000   Number         0  stm32f10x_crc.o ABSOLUTE
    ..\periphlib\src\stm32f10x_dbgmcu.c      0x00000000   Number         0  stm32f10x_dbgmcu.o ABSOLUTE
    ..\periphlib\src\stm32f10x_dma.c         0x00000000   Number         0  stm32f10x_dma.o ABSOLUTE
    ..\periphlib\src\stm32f10x_exti.c        0x00000000   Number         0  stm32f10x_exti.o ABSOLUTE
    ..\periphlib\src\stm32f10x_flash.c       0x00000000   Number         0  stm32f10x_flash.o ABSOLUTE
    ..\periphlib\src\stm32f10x_gpio.c        0x00000000   Number         0  stm32f10x_gpio.o ABSOLUTE
    ..\periphlib\src\stm32f10x_iwdg.c        0x00000000   Number         0  stm32f10x_iwdg.o ABSOLUTE
    ..\periphlib\src\stm32f10x_rcc.c         0x00000000   Number         0  stm32f10x_rcc.o ABSOLUTE
    ..\periphlib\src\stm32f10x_rtc.c         0x00000000   Number         0  stm32f10x_rtc.o ABSOLUTE
    ..\periphlib\src\stm32f10x_sdio.c        0x00000000   Number         0  stm32f10x_sdio.o ABSOLUTE
    ..\periphlib\src\stm32f10x_spi.c         0x00000000   Number         0  stm32f10x_spi.o ABSOLUTE
    ..\periphlib\src\stm32f10x_tim.c         0x00000000   Number         0  stm32f10x_tim.o ABSOLUTE
    ..\periphlib\src\stm32f10x_usart.c       0x00000000   Number         0  stm32f10x_usart.o ABSOLUTE
    ..\periphlib\src\stm32f10x_wwdg.c        0x00000000   Number         0  stm32f10x_wwdg.o ABSOLUTE
    ..\startup\core_cm3.c                    0x00000000   Number         0  core_cm3.o ABSOLUTE
    ..\startup\startup\startup_stm32f10x_md.s 0x00000000   Number         0  startup_stm32f10x_md.o ABSOLUTE
    ..\startup\system_stm32f10x.c            0x00000000   Number         0  system_stm32f10x.o ABSOLUTE
    ..\usb\library\src\usb_core.c            0x00000000   Number         0  usb_core.o ABSOLUTE
    ..\usb\library\src\usb_init.c            0x00000000   Number         0  usb_init.o ABSOLUTE
    ..\usb\library\src\usb_int.c             0x00000000   Number         0  usb_int.o ABSOLUTE
    ..\usb\library\src\usb_mem.c             0x00000000   Number         0  usb_mem.o ABSOLUTE
    ..\usb\library\src\usb_regs.c            0x00000000   Number         0  usb_regs.o ABSOLUTE
    ..\usb\source\hw_config.c                0x00000000   Number         0  hw_config.o ABSOLUTE
    ..\usb\source\usb_desc.c                 0x00000000   Number         0  usb_desc.o ABSOLUTE
    ..\usb\source\usb_endp.c                 0x00000000   Number         0  usb_endp.o ABSOLUTE
    ..\usb\source\usb_istr.c                 0x00000000   Number         0  usb_istr.o ABSOLUTE
    ..\usb\source\usb_prop.c                 0x00000000   Number         0  usb_prop.o ABSOLUTE
    ..\usb\source\usb_pwr.c                  0x00000000   Number         0  usb_pwr.o ABSOLUTE
    ..\user\main.c                           0x00000000   Number         0  main.o ABSOLUTE
    ..\user\stm32f10x_it.c                   0x00000000   Number         0  stm32f10x_it.o ABSOLUTE
    dc.s                                     0x00000000   Number         0  dc.o ABSOLUTE
    RESET                                    0x08000000   Section      236  startup_stm32f10x_md.o(RESET)
    !!!main                                  0x080000ec   Section        8  __main.o(!!!main)
    !!!scatter                               0x080000f4   Section       52  __scatter.o(!!!scatter)
    !!dczerorl2                              0x08000128   Section       90  __dczerorl2.o(!!dczerorl2)
    !!handler_zi                             0x08000184   Section       28  __scatter_zi.o(!!handler_zi)
    .ARM.Collect$$libinit$$00000000          0x080001a0   Section        2  libinit.o(.ARM.Collect$$libinit$$00000000)
    .ARM.Collect$$libinit$$00000002          0x080001a2   Section        0  libinit2.o(.ARM.Collect$$libinit$$00000002)
    .ARM.Collect$$libinit$$00000008          0x080001a2   Section        0  libinit2.o(.ARM.Collect$$libinit$$00000008)
    .ARM.Collect$$libinit$$0000000A          0x080001a2   Section        0  libinit2.o(.ARM.Collect$$libinit$$0000000A)
    .ARM.Collect$$libinit$$0000000C          0x080001a2   Section        0  libinit2.o(.ARM.Collect$$libinit$$0000000C)
    .ARM.Collect$$libinit$$0000000F          0x080001a2   Section        0  libinit2.o(.ARM.Collect$$libinit$$0000000F)
    .ARM.Collect$$libinit$$00000011          0x080001a2   Section        0  libinit2.o(.ARM.Collect$$libinit$$00000011)
    .ARM.Collect$$libinit$$00000013          0x080001a2   Section        0  libinit2.o(.ARM.Collect$$libinit$$00000013)
    .ARM.Collect$$libinit$$00000015          0x080001a2   Section        0  libinit2.o(.ARM.Collect$$libinit$$00000015)
    .ARM.Collect$$libinit$$00000017          0x080001a2   Section        0  libinit2.o(.ARM.Collect$$libinit$$00000017)
    .ARM.Collect$$libinit$$00000019          0x080001a2   Section        0  libinit2.o(.ARM.Collect$$libinit$$00000019)
    .ARM.Collect$$libinit$$0000001B          0x080001a2   Section        0  libinit2.o(.ARM.Collect$$libinit$$0000001B)
    .ARM.Collect$$libinit$$0000001D          0x080001a2   Section        0  libinit2.o(.ARM.Collect$$libinit$$0000001D)
    .ARM.Collect$$libinit$$0000001F          0x080001a2   Section        0  libinit2.o(.ARM.Collect$$libinit$$0000001F)
    .ARM.Collect$$libinit$$00000021          0x080001a2   Section        0  libinit2.o(.ARM.Collect$$libinit$$00000021)
    .ARM.Collect$$libinit$$00000023          0x080001a2   Section        0  libinit2.o(.ARM.Collect$$libinit$$00000023)
    .ARM.Collect$$libinit$$0000002A          0x080001a2   Section        0  libinit2.o(.ARM.Collect$$libinit$$0000002A)
    .ARM.Collect$$libinit$$0000002C          0x080001a2   Section        0  libinit2.o(.ARM.Collect$$libinit$$0000002C)
    .ARM.Collect$$libinit$$0000002E          0x080001a2   Section        0  libinit2.o(.ARM.Collect$$libinit$$0000002E)
    .ARM.Collect$$libinit$$00000030          0x080001a2   Section        0  libinit2.o(.ARM.Collect$$libinit$$00000030)
    .ARM.Collect$$libinit$$00000031          0x080001a2   Section        2  libinit2.o(.ARM.Collect$$libinit$$00000031)
    .ARM.Collect$$libshutdown$$00000000      0x080001a4   Section        2  libshutdown.o(.ARM.Collect$$libshutdown$$00000000)
    .ARM.Collect$$libshutdown$$00000003      0x080001a6   Section        0  libshutdown2.o(.ARM.Collect$$libshutdown$$00000003)
    .ARM.Collect$$libshutdown$$00000006      0x080001a6   Section        0  libshutdown2.o(.ARM.Collect$$libshutdown$$00000006)
    .ARM.Collect$$libshutdown$$00000009      0x080001a6   Section        0  libshutdown2.o(.ARM.Collect$$libshutdown$$00000009)
    .ARM.Collect$$libshutdown$$0000000B      0x080001a6   Section        0  libshutdown2.o(.ARM.Collect$$libshutdown$$0000000B)
    .ARM.Collect$$libshutdown$$0000000E      0x080001a6   Section        0  libshutdown2.o(.ARM.Collect$$libshutdown$$0000000E)
    .ARM.Collect$$libshutdown$$0000000F      0x080001a6   Section        2  libshutdown2.o(.ARM.Collect$$libshutdown$$0000000F)
    .ARM.Collect$$rtentry$$00000000          0x080001a8   Section        0  rtentry.o(.ARM.Collect$$rtentry$$00000000)
    .ARM.Collect$$rtentry$$00000002          0x080001a8   Section        0  rtentry2.o(.ARM.Collect$$rtentry$$00000002)
    .ARM.Collect$$rtentry$$00000004          0x080001a8   Section        6  rtentry4.o(.ARM.Collect$$rtentry$$00000004)
    .ARM.Collect$$rtentry$$00000009          0x080001ae   Section        0  rtentry2.o(.ARM.Collect$$rtentry$$00000009)
    .ARM.Collect$$rtentry$$0000000A          0x080001ae   Section        4  rtentry2.o(.ARM.Collect$$rtentry$$0000000A)
    .ARM.Collect$$rtentry$$0000000C          0x080001b2   Section        0  rtentry2.o(.ARM.Collect$$rtentry$$0000000C)
    .ARM.Collect$$rtentry$$0000000D          0x080001b2   Section        8  rtentry2.o(.ARM.Collect$$rtentry$$0000000D)
    .ARM.Collect$$rtexit$$00000000           0x080001ba   Section        2  rtexit.o(.ARM.Collect$$rtexit$$00000000)
    .ARM.Collect$$rtexit$$00000002           0x080001bc   Section        0  rtexit2.o(.ARM.Collect$$rtexit$$00000002)
    .ARM.Collect$$rtexit$$00000003           0x080001bc   Section        4  rtexit2.o(.ARM.Collect$$rtexit$$00000003)
    .ARM.Collect$$rtexit$$00000004           0x080001c0   Section        6  rtexit2.o(.ARM.Collect$$rtexit$$00000004)
    .text                                    0x080001c8   Section        0  system_stm32f10x.o(.text)
    SetSysClockTo72                          0x080001c9   Thumb Code   160  system_stm32f10x.o(.text)
    .text                                    0x08000320   Section       64  startup_stm32f10x_md.o(.text)
    .text                                    0x08000360   Section        0  misc.o(.text)
    .text                                    0x08000410   Section        0  stm32f10x_flash.o(.text)
    .text                                    0x08000890   Section        0  stm32f10x_gpio.o(.text)
    .text                                    0x08000af4   Section        0  stm32f10x_rcc.o(.text)
    .text                                    0x08000dac   Section        0  stm32f10x_usart.o(.text)
    .text                                    0x080010d4   Section        0  main.o(.text)
    .text                                    0x080011e4   Section        0  stm32f10x_it.o(.text)
    .text                                    0x08001208   Section        0  hw_config.o(.text)
    .text                                    0x080014f0   Section        0  usb_endp.o(.text)
    .text                                    0x08001524   Section        0  usb_istr.o(.text)
    .text                                    0x08001580   Section        0  usb_prop.o(.text)
    .text                                    0x08001794   Section        0  usb_pwr.o(.text)
    .text                                    0x08001888   Section        0  loadfalsh.o(.text)
    .text                                    0x0800196c   Section        0  usb_core.o(.text)
    DataStageIn                              0x08001c07   Thumb Code   158  usb_core.o(.text)
    NoData_Setup0                            0x08001ca5   Thumb Code   242  usb_core.o(.text)
    Data_Setup0                              0x08001d97   Thumb Code   380  usb_core.o(.text)
    DataStageOut                             0x08002059   Thumb Code   140  usb_core.o(.text)
    .text                                    0x08002110   Section        0  usb_init.o(.text)
    .text                                    0x08002138   Section        0  usb_int.o(.text)
    .text                                    0x080022fc   Section        0  usb_mem.o(.text)
    .text                                    0x08002340   Section        0  usb_regs.o(.text)
    .text                                    0x080029b0   Section       78  rt_memclr_w.o(.text)
    .text                                    0x080029fe   Section        0  heapauxi.o(.text)
    .text                                    0x08002a04   Section       74  sys_stackheap_outer.o(.text)
    .text                                    0x08002a4e   Section        0  exit.o(.text)
    .text                                    0x08002a5c   Section        8  libspace.o(.text)
    .text                                    0x08002a64   Section        0  sys_exit.o(.text)
    .text                                    0x08002a70   Section        2  use_no_semi.o(.text)
    .constdata                               0x08002a72   Section       18  usb_desc.o(.constdata)
    .text                                    0x08002a72   Section        0  indicate_semi.o(.text)
    .constdata                               0x08002a84   Section       67  usb_desc.o(.constdata)
    .constdata                               0x08002ac7   Section        4  usb_desc.o(.constdata)
    .constdata                               0x08002acb   Section       20  usb_desc.o(.constdata)
    .constdata                               0x08002adf   Section       20  usb_desc.o(.constdata)
    .data                                    0x20000000   Section       20  system_stm32f10x.o(.data)
    .data                                    0x20000014   Section       20  stm32f10x_rcc.o(.data)
    ADCPrescTable                            0x20000014   Data           4  stm32f10x_rcc.o(.data)
    APBAHBPrescTable                         0x20000018   Data          16  stm32f10x_rcc.o(.data)
    .data                                    0x20000028   Section        4  main.o(.data)
    .data                                    0x2000002c   Section        1  main.o(.data)
    .data                                    0x2000002d   Section        1  hw_config.o(.data)
    .data                                    0x2000002e   Section       20  usb_desc.o(.data)
    .data                                    0x20000044   Section        8  usb_endp.o(.data)
    .data                                    0x2000004c   Section        4  usb_istr.o(.data)
    .data                                    0x20000050   Section       28  usb_istr.o(.data)
    .data                                    0x2000006c   Section       28  usb_istr.o(.data)
    .data                                    0x20000088   Section      108  usb_prop.o(.data)
    .data                                    0x200000f4   Section        2  usb_prop.o(.data)
    .data                                    0x200000f8   Section       36  usb_prop.o(.data)
    .data                                    0x2000011c   Section        4  usb_pwr.o(.data)
    .data                                    0x20000120   Section        2  usb_pwr.o(.data)
    .data                                    0x20000122   Section        4  usb_core.o(.data)
    .data                                    0x20000126   Section        1  usb_init.o(.data)
    .data                                    0x20000128   Section       12  usb_init.o(.data)
    .data                                    0x20000134   Section        2  usb_init.o(.data)
    .data                                    0x20000136   Section        4  usb_int.o(.data)
    .bss                                     0x2000013c   Section       80  hw_config.o(.bss)
    .bss                                     0x2000018c   Section       64  usb_endp.o(.bss)
    .bss                                     0x200001cc   Section       28  usb_init.o(.bss)
    .bss                                     0x200001e8   Section       96  libspace.o(.bss)
    HEAP                                     0x20000248   Section      512  startup_stm32f10x_md.o(HEAP)
    Heap_Mem                                 0x20000248   Data         512  startup_stm32f10x_md.o(HEAP)
    STACK                                    0x20000448   Section     1024  startup_stm32f10x_md.o(STACK)
    Stack_Mem                                0x20000448   Data        1024  startup_stm32f10x_md.o(STACK)
    __initial_sp                             0x20000848   Data           0  startup_stm32f10x_md.o(STACK)

    Global Symbols

    Symbol Name                              Value     Ov Type        Size  Object(Section)

    BuildAttributes$$THM_ISAv4$P$D$K$B$S$PE$A:L22UL41UL21$X:L11$S22US41US21$IEEE1$IW$USESV6$~STKCKD$USESV7$~SHL$OSPACE$ROPI$EBA8$UX$STANDARDLIB$REQ8$PRES8$EABIv2 0x00000000   Number         0  anon$$obj.o ABSOLUTE
    __ARM_use_no_argv                        0x00000000   Number         0  main.o ABSOLUTE
    __ARM_exceptions_init                     - Undefined Weak Reference
    __alloca_initialize                       - Undefined Weak Reference
    __cpp_initialize__aeabi_                  - Undefined Weak Reference
    __cxa_finalize                            - Undefined Weak Reference
    __rt_locale                               - Undefined Weak Reference
    __sigvec_lookup                           - Undefined Weak Reference
    _atexit_init                              - Undefined Weak Reference
    _call_atexit_fns                          - Undefined Weak Reference
    _clock_init                               - Undefined Weak Reference
    _fp_trap_init                             - Undefined Weak Reference
    _fp_trap_shutdown                         - Undefined Weak Reference
    _get_lc_collate                           - Undefined Weak Reference
    _get_lc_ctype                             - Undefined Weak Reference
    _get_lc_monetary                          - Undefined Weak Reference
    _get_lc_numeric                           - Undefined Weak Reference
    _get_lc_time                              - Undefined Weak Reference
    _getenv_init                              - Undefined Weak Reference
    _handle_redirection                       - Undefined Weak Reference
    _init_alloc                               - Undefined Weak Reference
    _init_user_alloc                          - Undefined Weak Reference
    _initio                                   - Undefined Weak Reference
    _rand_init                                - Undefined Weak Reference
    _signal_finish                            - Undefined Weak Reference
    _signal_init                              - Undefined Weak Reference
    _terminate_alloc                          - Undefined Weak Reference
    _terminate_user_alloc                     - Undefined Weak Reference
    _terminateio                              - Undefined Weak Reference
    __Vectors_Size                           0x000000ec   Number         0  startup_stm32f10x_md.o ABSOLUTE
    __Vectors                                0x08000000   Data           4  startup_stm32f10x_md.o(RESET)
    __Vectors_End                            0x080000ec   Data           0  startup_stm32f10x_md.o(RESET)
    __main                                   0x080000ed   Thumb Code     8  __main.o(!!!main)
    __scatterload                            0x080000f5   Thumb Code     0  __scatter.o(!!!scatter)
    __scatterload_rt2                        0x080000f5   Thumb Code    44  __scatter.o(!!!scatter)
    __scatterload_rt2_thumb_only             0x080000f5   Thumb Code     0  __scatter.o(!!!scatter)
    __scatterload_null                       0x08000103   Thumb Code     0  __scatter.o(!!!scatter)
    __decompress                             0x08000129   Thumb Code    90  __dczerorl2.o(!!dczerorl2)
    __decompress1                            0x08000129   Thumb Code     0  __dczerorl2.o(!!dczerorl2)
    __scatterload_zeroinit                   0x08000185   Thumb Code    28  __scatter_zi.o(!!handler_zi)
    __rt_lib_init                            0x080001a1   Thumb Code     0  libinit.o(.ARM.Collect$$libinit$$00000000)
    __rt_lib_init_alloca_1                   0x080001a3   Thumb Code     0  libinit2.o(.ARM.Collect$$libinit$$0000002C)
    __rt_lib_init_argv_1                     0x080001a3   Thumb Code     0  libinit2.o(.ARM.Collect$$libinit$$0000002A)
    __rt_lib_init_atexit_1                   0x080001a3   Thumb Code     0  libinit2.o(.ARM.Collect$$libinit$$00000019)
    __rt_lib_init_clock_1                    0x080001a3   Thumb Code     0  libinit2.o(.ARM.Collect$$libinit$$0000001F)
    __rt_lib_init_cpp_1                      0x080001a3   Thumb Code     0  libinit2.o(.ARM.Collect$$libinit$$00000030)
    __rt_lib_init_exceptions_1               0x080001a3   Thumb Code     0  libinit2.o(.ARM.Collect$$libinit$$0000002E)
    __rt_lib_init_fp_1                       0x080001a3   Thumb Code     0  libinit2.o(.ARM.Collect$$libinit$$00000002)
    __rt_lib_init_fp_trap_1                  0x080001a3   Thumb Code     0  libinit2.o(.ARM.Collect$$libinit$$0000001D)
    __rt_lib_init_getenv_1                   0x080001a3   Thumb Code     0  libinit2.o(.ARM.Collect$$libinit$$00000021)
    __rt_lib_init_heap_1                     0x080001a3   Thumb Code     0  libinit2.o(.ARM.Collect$$libinit$$00000008)
    __rt_lib_init_lc_collate_1               0x080001a3   Thumb Code     0  libinit2.o(.ARM.Collect$$libinit$$0000000F)
    __rt_lib_init_lc_ctype_1                 0x080001a3   Thumb Code     0  libinit2.o(.ARM.Collect$$libinit$$00000011)
    __rt_lib_init_lc_monetary_1              0x080001a3   Thumb Code     0  libinit2.o(.ARM.Collect$$libinit$$00000013)
    __rt_lib_init_lc_numeric_1               0x080001a3   Thumb Code     0  libinit2.o(.ARM.Collect$$libinit$$00000015)
    __rt_lib_init_lc_time_1                  0x080001a3   Thumb Code     0  libinit2.o(.ARM.Collect$$libinit$$00000017)
    __rt_lib_init_rand_1                     0x080001a3   Thumb Code     0  libinit2.o(.ARM.Collect$$libinit$$0000000C)
    __rt_lib_init_return                     0x080001a3   Thumb Code     0  libinit2.o(.ARM.Collect$$libinit$$00000031)
    __rt_lib_init_signal_1                   0x080001a3   Thumb Code     0  libinit2.o(.ARM.Collect$$libinit$$0000001B)
    __rt_lib_init_stdio_1                    0x080001a3   Thumb Code     0  libinit2.o(.ARM.Collect$$libinit$$00000023)
    __rt_lib_init_user_alloc_1               0x080001a3   Thumb Code     0  libinit2.o(.ARM.Collect$$libinit$$0000000A)
    __rt_lib_shutdown                        0x080001a5   Thumb Code     0  libshutdown.o(.ARM.Collect$$libshutdown$$00000000)
    __rt_lib_shutdown_fp_trap_1              0x080001a7   Thumb Code     0  libshutdown2.o(.ARM.Collect$$libshutdown$$00000006)
    __rt_lib_shutdown_heap_1                 0x080001a7   Thumb Code     0  libshutdown2.o(.ARM.Collect$$libshutdown$$0000000E)
    __rt_lib_shutdown_return                 0x080001a7   Thumb Code     0  libshutdown2.o(.ARM.Collect$$libshutdown$$0000000F)
    __rt_lib_shutdown_signal_1               0x080001a7   Thumb Code     0  libshutdown2.o(.ARM.Collect$$libshutdown$$00000009)
    __rt_lib_shutdown_stdio_1                0x080001a7   Thumb Code     0  libshutdown2.o(.ARM.Collect$$libshutdown$$00000003)
    __rt_lib_shutdown_user_alloc_1           0x080001a7   Thumb Code     0  libshutdown2.o(.ARM.Collect$$libshutdown$$0000000B)
    __rt_entry                               0x080001a9   Thumb Code     0  rtentry.o(.ARM.Collect$$rtentry$$00000000)
    __rt_entry_presh_1                       0x080001a9   Thumb Code     0  rtentry2.o(.ARM.Collect$$rtentry$$00000002)
    __rt_entry_sh                            0x080001a9   Thumb Code     0  rtentry4.o(.ARM.Collect$$rtentry$$00000004)
    __rt_entry_li                            0x080001af   Thumb Code     0  rtentry2.o(.ARM.Collect$$rtentry$$0000000A)
    __rt_entry_postsh_1                      0x080001af   Thumb Code     0  rtentry2.o(.ARM.Collect$$rtentry$$00000009)
    __rt_entry_main                          0x080001b3   Thumb Code     0  rtentry2.o(.ARM.Collect$$rtentry$$0000000D)
    __rt_entry_postli_1                      0x080001b3   Thumb Code     0  rtentry2.o(.ARM.Collect$$rtentry$$0000000C)
    __rt_exit                                0x080001bb   Thumb Code     0  rtexit.o(.ARM.Collect$$rtexit$$00000000)
    __rt_exit_ls                             0x080001bd   Thumb Code     0  rtexit2.o(.ARM.Collect$$rtexit$$00000003)
    __rt_exit_prels_1                        0x080001bd   Thumb Code     0  rtexit2.o(.ARM.Collect$$rtexit$$00000002)
    __rt_exit_exit                           0x080001c1   Thumb Code     0  rtexit2.o(.ARM.Collect$$rtexit$$00000004)
    SystemInit                               0x08000269   Thumb Code    64  system_stm32f10x.o(.text)
    SystemCoreClockUpdate                    0x080002a9   Thumb Code    86  system_stm32f10x.o(.text)
    Reset_Handler                            0x08000321   Thumb Code     8  startup_stm32f10x_md.o(.text)
    ADC1_2_IRQHandler                        0x0800033b   Thumb Code     0  startup_stm32f10x_md.o(.text)
    CAN1_RX1_IRQHandler                      0x0800033b   Thumb Code     0  startup_stm32f10x_md.o(.text)
    CAN1_SCE_IRQHandler                      0x0800033b   Thumb Code     0  startup_stm32f10x_md.o(.text)
    DMA1_Channel1_IRQHandler                 0x0800033b   Thumb Code     0  startup_stm32f10x_md.o(.text)
    DMA1_Channel2_IRQHandler                 0x0800033b   Thumb Code     0  startup_stm32f10x_md.o(.text)
    DMA1_Channel3_IRQHandler                 0x0800033b   Thumb Code     0  startup_stm32f10x_md.o(.text)
    DMA1_Channel4_IRQHandler                 0x0800033b   Thumb Code     0  startup_stm32f10x_md.o(.text)
    DMA1_Channel5_IRQHandler                 0x0800033b   Thumb Code     0  startup_stm32f10x_md.o(.text)
    DMA1_Channel6_IRQHandler                 0x0800033b   Thumb Code     0  startup_stm32f10x_md.o(.text)
    DMA1_Channel7_IRQHandler                 0x0800033b   Thumb Code     0  startup_stm32f10x_md.o(.text)
    EXTI0_IRQHandler                         0x0800033b   Thumb Code     0  startup_stm32f10x_md.o(.text)
    EXTI15_10_IRQHandler                     0x0800033b   Thumb Code     0  startup_stm32f10x_md.o(.text)
    EXTI1_IRQHandler                         0x0800033b   Thumb Code     0  startup_stm32f10x_md.o(.text)
    EXTI2_IRQHandler                         0x0800033b   Thumb Code     0  startup_stm32f10x_md.o(.text)
    EXTI3_IRQHandler                         0x0800033b   Thumb Code     0  startup_stm32f10x_md.o(.text)
    EXTI4_IRQHandler                         0x0800033b   Thumb Code     0  startup_stm32f10x_md.o(.text)
    EXTI9_5_IRQHandler                       0x0800033b   Thumb Code     0  startup_stm32f10x_md.o(.text)
    FLASH_IRQHandler                         0x0800033b   Thumb Code     0  startup_stm32f10x_md.o(.text)
    I2C1_ER_IRQHandler                       0x0800033b   Thumb Code     0  startup_stm32f10x_md.o(.text)
    I2C1_EV_IRQHandler                       0x0800033b   Thumb Code     0  startup_stm32f10x_md.o(.text)
    I2C2_ER_IRQHandler                       0x0800033b   Thumb Code     0  startup_stm32f10x_md.o(.text)
    I2C2_EV_IRQHandler                       0x0800033b   Thumb Code     0  startup_stm32f10x_md.o(.text)
    PVD_IRQHandler                           0x0800033b   Thumb Code     0  startup_stm32f10x_md.o(.text)
    RCC_IRQHandler                           0x0800033b   Thumb Code     0  startup_stm32f10x_md.o(.text)
    RTCAlarm_IRQHandler                      0x0800033b   Thumb Code     0  startup_stm32f10x_md.o(.text)
    RTC_IRQHandler                           0x0800033b   Thumb Code     0  startup_stm32f10x_md.o(.text)
    SPI1_IRQHandler                          0x0800033b   Thumb Code     0  startup_stm32f10x_md.o(.text)
    SPI2_IRQHandler                          0x0800033b   Thumb Code     0  startup_stm32f10x_md.o(.text)
    TAMPER_IRQHandler                        0x0800033b   Thumb Code     0  startup_stm32f10x_md.o(.text)
    TIM1_BRK_IRQHandler                      0x0800033b   Thumb Code     0  startup_stm32f10x_md.o(.text)
    TIM1_CC_IRQHandler                       0x0800033b   Thumb Code     0  startup_stm32f10x_md.o(.text)
    TIM1_TRG_COM_IRQHandler                  0x0800033b   Thumb Code     0  startup_stm32f10x_md.o(.text)
    TIM1_UP_IRQHandler                       0x0800033b   Thumb Code     0  startup_stm32f10x_md.o(.text)
    TIM2_IRQHandler                          0x0800033b   Thumb Code     0  startup_stm32f10x_md.o(.text)
    TIM3_IRQHandler                          0x0800033b   Thumb Code     0  startup_stm32f10x_md.o(.text)
    TIM4_IRQHandler                          0x0800033b   Thumb Code     0  startup_stm32f10x_md.o(.text)
    USART2_IRQHandler                        0x0800033b   Thumb Code     0  startup_stm32f10x_md.o(.text)
    USART3_IRQHandler                        0x0800033b   Thumb Code     0  startup_stm32f10x_md.o(.text)
    USBWakeUp_IRQHandler                     0x0800033b   Thumb Code     0  startup_stm32f10x_md.o(.text)
    USB_HP_CAN1_TX_IRQHandler                0x0800033b   Thumb Code     0  startup_stm32f10x_md.o(.text)
    WWDG_IRQHandler                          0x0800033b   Thumb Code     0  startup_stm32f10x_md.o(.text)
    __user_initial_stackheap                 0x0800033d   Thumb Code     0  startup_stm32f10x_md.o(.text)
    NVIC_PriorityGroupConfig                 0x08000361   Thumb Code    10  misc.o(.text)
    NVIC_Init                                0x0800036b   Thumb Code    94  misc.o(.text)
    NVIC_SetVectorTable                      0x080003c9   Thumb Code    14  misc.o(.text)
    NVIC_SystemLPConfig                      0x080003d7   Thumb Code    20  misc.o(.text)
    SysTick_CLKSourceConfig                  0x080003eb   Thumb Code    24  misc.o(.text)
    FLASH_SetLatency                         0x08000411   Thumb Code    14  stm32f10x_flash.o(.text)
    FLASH_HalfCycleAccessCmd                 0x0800041f   Thumb Code    18  stm32f10x_flash.o(.text)
    FLASH_PrefetchBufferCmd                  0x08000431   Thumb Code    18  stm32f10x_flash.o(.text)
    FLASH_Unlock                             0x08000443   Thumb Code    12  stm32f10x_flash.o(.text)
    FLASH_UnlockBank1                        0x0800044f   Thumb Code    12  stm32f10x_flash.o(.text)
    FLASH_Lock                               0x0800045b   Thumb Code    12  stm32f10x_flash.o(.text)
    FLASH_LockBank1                          0x08000467   Thumb Code    12  stm32f10x_flash.o(.text)
    FLASH_GetBank1Status                     0x08000473   Thumb Code    34  stm32f10x_flash.o(.text)
    FLASH_WaitForLastOperation               0x08000495   Thumb Code    34  stm32f10x_flash.o(.text)
    FLASH_ErasePage                          0x080004b7   Thumb Code    56  stm32f10x_flash.o(.text)
    FLASH_EraseAllPages                      0x080004ef   Thumb Code    52  stm32f10x_flash.o(.text)
    FLASH_WaitForLastBank1Operation          0x08000523   Thumb Code    34  stm32f10x_flash.o(.text)
    FLASH_EraseAllBank1Pages                 0x08000545   Thumb Code    52  stm32f10x_flash.o(.text)
    FLASH_GetReadOutProtectionStatus         0x08000579   Thumb Code    14  stm32f10x_flash.o(.text)
    FLASH_EraseOptionBytes                   0x08000587   Thumb Code   108  stm32f10x_flash.o(.text)
    FLASH_ProgramWord                        0x080005f3   Thumb Code    72  stm32f10x_flash.o(.text)
    FLASH_ProgramHalfWord                    0x0800063b   Thumb Code    48  stm32f10x_flash.o(.text)
    FLASH_ProgramOptionByteData              0x0800066b   Thumb Code    62  stm32f10x_flash.o(.text)
    FLASH_EnableWriteProtection              0x080006a9   Thumb Code   158  stm32f10x_flash.o(.text)
    FLASH_ReadOutProtection                  0x08000747   Thumb Code   118  stm32f10x_flash.o(.text)
    FLASH_UserOptionByteConfig               0x080007bd   Thumb Code    92  stm32f10x_flash.o(.text)
    FLASH_GetUserOptionByte                  0x08000819   Thumb Code     8  stm32f10x_flash.o(.text)
    FLASH_GetWriteProtectionOptionByte       0x08000821   Thumb Code     6  stm32f10x_flash.o(.text)
    FLASH_GetPrefetchBufferStatus            0x08000827   Thumb Code    14  stm32f10x_flash.o(.text)
    FLASH_ITConfig                           0x08000835   Thumb Code    18  stm32f10x_flash.o(.text)
    FLASH_GetFlagStatus                      0x08000847   Thumb Code    28  stm32f10x_flash.o(.text)
    FLASH_ClearFlag                          0x08000863   Thumb Code     6  stm32f10x_flash.o(.text)
    FLASH_GetStatus                          0x08000869   Thumb Code    34  stm32f10x_flash.o(.text)
    GPIO_DeInit                              0x08000891   Thumb Code   152  stm32f10x_gpio.o(.text)
    GPIO_AFIODeInit                          0x08000929   Thumb Code    22  stm32f10x_gpio.o(.text)
    GPIO_Init                                0x0800093f   Thumb Code   156  stm32f10x_gpio.o(.text)
    GPIO_StructInit                          0x080009db   Thumb Code    16  stm32f10x_gpio.o(.text)
    GPIO_ReadInputDataBit                    0x080009eb   Thumb Code    14  stm32f10x_gpio.o(.text)
    GPIO_ReadInputData                       0x080009f9   Thumb Code     6  stm32f10x_gpio.o(.text)
    GPIO_ReadOutputDataBit                   0x080009ff   Thumb Code    14  stm32f10x_gpio.o(.text)
    GPIO_ReadOutputData                      0x08000a0d   Thumb Code     6  stm32f10x_gpio.o(.text)
    GPIO_SetBits                             0x08000a13   Thumb Code     4  stm32f10x_gpio.o(.text)
    GPIO_ResetBits                           0x08000a17   Thumb Code     4  stm32f10x_gpio.o(.text)
    GPIO_WriteBit                            0x08000a1b   Thumb Code    10  stm32f10x_gpio.o(.text)
    GPIO_Write                               0x08000a25   Thumb Code     4  stm32f10x_gpio.o(.text)
    GPIO_PinLockConfig                       0x08000a29   Thumb Code    16  stm32f10x_gpio.o(.text)
    GPIO_EventOutputConfig                   0x08000a39   Thumb Code    22  stm32f10x_gpio.o(.text)
    GPIO_EventOutputCmd                      0x08000a4f   Thumb Code     6  stm32f10x_gpio.o(.text)
    GPIO_PinRemapConfig                      0x08000a55   Thumb Code    82  stm32f10x_gpio.o(.text)
    GPIO_EXTILineConfig                      0x08000aa7   Thumb Code    34  stm32f10x_gpio.o(.text)
    GPIO_ETH_MediaInterfaceConfig            0x08000ac9   Thumb Code     8  stm32f10x_gpio.o(.text)
    RCC_DeInit                               0x08000af5   Thumb Code    50  stm32f10x_rcc.o(.text)
    RCC_HSEConfig                            0x08000b27   Thumb Code    48  stm32f10x_rcc.o(.text)
    RCC_GetFlagStatus                        0x08000b57   Thumb Code    42  stm32f10x_rcc.o(.text)
    RCC_WaitForHSEStartUp                    0x08000b81   Thumb Code    44  stm32f10x_rcc.o(.text)
    RCC_AdjustHSICalibrationValue            0x08000bad   Thumb Code    16  stm32f10x_rcc.o(.text)
    RCC_HSICmd                               0x08000bbd   Thumb Code     6  stm32f10x_rcc.o(.text)
    RCC_PLLConfig                            0x08000bc3   Thumb Code    16  stm32f10x_rcc.o(.text)
    RCC_PLLCmd                               0x08000bd3   Thumb Code     6  stm32f10x_rcc.o(.text)
    RCC_SYSCLKConfig                         0x08000bd9   Thumb Code    14  stm32f10x_rcc.o(.text)
    RCC_GetSYSCLKSource                      0x08000be7   Thumb Code    10  stm32f10x_rcc.o(.text)
    RCC_HCLKConfig                           0x08000bf1   Thumb Code    14  stm32f10x_rcc.o(.text)
    RCC_PCLK1Config                          0x08000bff   Thumb Code    14  stm32f10x_rcc.o(.text)
    RCC_PCLK2Config                          0x08000c0d   Thumb Code    16  stm32f10x_rcc.o(.text)
    RCC_ITConfig                             0x08000c1d   Thumb Code    18  stm32f10x_rcc.o(.text)
    RCC_USBCLKConfig                         0x08000c2f   Thumb Code     8  stm32f10x_rcc.o(.text)
    RCC_ADCCLKConfig                         0x08000c37   Thumb Code    14  stm32f10x_rcc.o(.text)
    RCC_LSEConfig                            0x08000c45   Thumb Code    28  stm32f10x_rcc.o(.text)
    RCC_LSICmd                               0x08000c61   Thumb Code     6  stm32f10x_rcc.o(.text)
    RCC_RTCCLKConfig                         0x08000c67   Thumb Code    10  stm32f10x_rcc.o(.text)
    RCC_RTCCLKCmd                            0x08000c71   Thumb Code     8  stm32f10x_rcc.o(.text)
    RCC_GetClocksFreq                        0x08000c79   Thumb Code   132  stm32f10x_rcc.o(.text)
    RCC_AHBPeriphClockCmd                    0x08000cfd   Thumb Code    18  stm32f10x_rcc.o(.text)
    RCC_APB2PeriphClockCmd                   0x08000d0f   Thumb Code    18  stm32f10x_rcc.o(.text)
    RCC_APB1PeriphClockCmd                   0x08000d21   Thumb Code    18  stm32f10x_rcc.o(.text)
    RCC_APB2PeriphResetCmd                   0x08000d33   Thumb Code    18  stm32f10x_rcc.o(.text)
    RCC_APB1PeriphResetCmd                   0x08000d45   Thumb Code    18  stm32f10x_rcc.o(.text)
    RCC_BackupResetCmd                       0x08000d57   Thumb Code     8  stm32f10x_rcc.o(.text)
    RCC_ClockSecuritySystemCmd               0x08000d5f   Thumb Code     6  stm32f10x_rcc.o(.text)
    RCC_MCOConfig                            0x08000d65   Thumb Code     6  stm32f10x_rcc.o(.text)
    RCC_ClearFlag                            0x08000d6b   Thumb Code    12  stm32f10x_rcc.o(.text)
    RCC_GetITStatus                          0x08000d77   Thumb Code    16  stm32f10x_rcc.o(.text)
    RCC_ClearITPendingBit                    0x08000d87   Thumb Code     6  stm32f10x_rcc.o(.text)
    USART_DeInit                             0x08000dad   Thumb Code    96  stm32f10x_usart.o(.text)
    USART_Init                               0x08000e0d   Thumb Code   166  stm32f10x_usart.o(.text)
    USART_StructInit                         0x08000eb3   Thumb Code    22  stm32f10x_usart.o(.text)
    USART_ClockInit                          0x08000ec9   Thumb Code    30  stm32f10x_usart.o(.text)
    USART_ClockStructInit                    0x08000ee7   Thumb Code    12  stm32f10x_usart.o(.text)
    USART_Cmd                                0x08000ef3   Thumb Code    20  stm32f10x_usart.o(.text)
    USART_ITConfig                           0x08000f07   Thumb Code    48  stm32f10x_usart.o(.text)
    USART_DMACmd                             0x08000f37   Thumb Code    16  stm32f10x_usart.o(.text)
    USART_SetAddress                         0x08000f47   Thumb Code    16  stm32f10x_usart.o(.text)
    USART_WakeUpConfig                       0x08000f57   Thumb Code    16  stm32f10x_usart.o(.text)
    USART_ReceiverWakeUpCmd                  0x08000f67   Thumb Code    20  stm32f10x_usart.o(.text)
    USART_LINBreakDetectLengthConfig         0x08000f7b   Thumb Code    16  stm32f10x_usart.o(.text)
    USART_LINCmd                             0x08000f8b   Thumb Code    20  stm32f10x_usart.o(.text)
    USART_SendData                           0x08000f9f   Thumb Code     8  stm32f10x_usart.o(.text)
    USART_ReceiveData                        0x08000fa7   Thumb Code     8  stm32f10x_usart.o(.text)
    USART_SendBreak                          0x08000faf   Thumb Code    10  stm32f10x_usart.o(.text)
    USART_SetGuardTime                       0x08000fb9   Thumb Code    16  stm32f10x_usart.o(.text)
    USART_SetPrescaler                       0x08000fc9   Thumb Code    16  stm32f10x_usart.o(.text)
    USART_SmartCardCmd                       0x08000fd9   Thumb Code    20  stm32f10x_usart.o(.text)
    USART_SmartCardNACKCmd                   0x08000fed   Thumb Code    20  stm32f10x_usart.o(.text)
    USART_HalfDuplexCmd                      0x08001001   Thumb Code    20  stm32f10x_usart.o(.text)
    USART_OverSampling8Cmd                   0x08001015   Thumb Code    20  stm32f10x_usart.o(.text)
    USART_OneBitMethodCmd                    0x08001029   Thumb Code    20  stm32f10x_usart.o(.text)
    USART_IrDAConfig                         0x0800103d   Thumb Code    16  stm32f10x_usart.o(.text)
    USART_IrDACmd                            0x0800104d   Thumb Code    20  stm32f10x_usart.o(.text)
    USART_GetFlagStatus                      0x08001061   Thumb Code    14  stm32f10x_usart.o(.text)
    USART_ClearFlag                          0x0800106f   Thumb Code     6  stm32f10x_usart.o(.text)
    USART_GetITStatus                        0x08001075   Thumb Code    62  stm32f10x_usart.o(.text)
    USART_ClearITPendingBit                  0x080010b3   Thumb Code    12  stm32f10x_usart.o(.text)
    LED_IO_Config                            0x080010d5   Thumb Code    40  main.o(.text)
    main                                     0x080010fd   Thumb Code    92  main.o(.text)
    ModBus_CRC16                             0x08001159   Thumb Code    52  main.o(.text)
    USB_Send_Data                            0x0800118d   Thumb Code    60  main.o(.text)
    NMI_Handler                              0x080011e5   Thumb Code     2  stm32f10x_it.o(.text)
    HardFault_Handler                        0x080011e7   Thumb Code     2  stm32f10x_it.o(.text)
    MemManage_Handler                        0x080011e9   Thumb Code     2  stm32f10x_it.o(.text)
    BusFault_Handler                         0x080011eb   Thumb Code     2  stm32f10x_it.o(.text)
    UsageFault_Handler                       0x080011ed   Thumb Code     2  stm32f10x_it.o(.text)
    SVC_Handler                              0x080011ef   Thumb Code     2  stm32f10x_it.o(.text)
    DebugMon_Handler                         0x080011f1   Thumb Code     2  stm32f10x_it.o(.text)
    PendSV_Handler                           0x080011f3   Thumb Code     2  stm32f10x_it.o(.text)
    SysTick_Handler                          0x080011f5   Thumb Code     2  stm32f10x_it.o(.text)
    USART1_IRQHandler                        0x080011f7   Thumb Code    10  stm32f10x_it.o(.text)
    USB_LP_CAN1_RX0_IRQHandler               0x08001201   Thumb Code     4  stm32f10x_it.o(.text)
    Set_System                               0x08001209   Thumb Code   200  hw_config.o(.text)
    Set_USBClock                             0x080012d1   Thumb Code    20  hw_config.o(.text)
    Enter_LowPowerMode                       0x080012e5   Thumb Code     8  hw_config.o(.text)
    Leave_LowPowerMode                       0x080012ed   Thumb Code    18  hw_config.o(.text)
    USB_Interrupts_Config                    0x080012ff   Thumb Code    66  hw_config.o(.text)
    USB_Cable_Config                         0x08001341   Thumb Code    20  hw_config.o(.text)
    USART_Config_Default                     0x08001355   Thumb Code    54  hw_config.o(.text)
    USART_Config                             0x0800138b   Thumb Code   132  hw_config.o(.text)
    USB_To_USART_Send_Data                   0x0800140f   Thumb Code    44  hw_config.o(.text)
    USART_To_USB_Send_Data                   0x0800143b   Thumb Code    80  hw_config.o(.text)
    Get_SerialNum                            0x0800148b   Thumb Code    56  hw_config.o(.text)
    EP3_OUT_Callback                         0x080014f1   Thumb Code    34  usb_endp.o(.text)
    EP1_IN_Callback                          0x08001513   Thumb Code     8  usb_endp.o(.text)
    USB_Istr                                 0x08001525   Thumb Code    74  usb_istr.o(.text)
    Virtual_Com_Port_init                    0x08001581   Thumb Code    46  usb_prop.o(.text)
    Virtual_Com_Port_Reset                   0x080015af   Thumb Code   208  usb_prop.o(.text)
    Virtual_Com_Port_SetConfiguration        0x0800167f   Thumb Code    16  usb_prop.o(.text)
    Virtual_Com_Port_SetDeviceAddress        0x0800168f   Thumb Code     8  usb_prop.o(.text)
    Virtual_Com_Port_Status_In               0x08001697   Thumb Code    22  usb_prop.o(.text)
    Virtual_Com_Port_Status_Out              0x080016ad   Thumb Code     2  usb_prop.o(.text)
    Virtual_Com_Port_SetLineCoding           0x080016af   Thumb Code    20  usb_prop.o(.text)
    Virtual_Com_Port_GetLineCoding           0x080016c3   Thumb Code    20  usb_prop.o(.text)
    Virtual_Com_Port_Data_Setup              0x080016d7   Thumb Code    74  usb_prop.o(.text)
    Virtual_Com_Port_NoData_Setup            0x08001721   Thumb Code    30  usb_prop.o(.text)
    Virtual_Com_Port_GetDeviceDescriptor     0x0800173f   Thumb Code     8  usb_prop.o(.text)
    Virtual_Com_Port_GetConfigDescriptor     0x08001747   Thumb Code     8  usb_prop.o(.text)
    Virtual_Com_Port_GetStringDescriptor     0x0800174f   Thumb Code    26  usb_prop.o(.text)
    Virtual_Com_Port_Get_Interface_Setting   0x08001769   Thumb Code    14  usb_prop.o(.text)
    PowerOn                                  0x08001795   Thumb Code    36  usb_pwr.o(.text)
    PowerOff                                 0x080017b9   Thumb Code    26  usb_pwr.o(.text)
    Suspend                                  0x080017d3   Thumb Code    26  usb_pwr.o(.text)
    Resume_Init                              0x080017ed   Thumb Code    26  usb_pwr.o(.text)
    Resume                                   0x08001807   Thumb Code   116  usb_pwr.o(.text)
    EraseOnePage                             0x08001889   Thumb Code     8  loadfalsh.o(.text)
    ErasePageRange                           0x08001891   Thumb Code    64  loadfalsh.o(.text)
    ProcessMsg                               0x080018d1   Thumb Code   150  loadfalsh.o(.text)
    Standard_GetConfiguration                0x0800196d   Thumb Code    30  usb_core.o(.text)
    Standard_SetConfiguration                0x0800198b   Thumb Code    42  usb_core.o(.text)
    Standard_GetInterface                    0x080019b5   Thumb Code    30  usb_core.o(.text)
    Standard_SetInterface                    0x080019d3   Thumb Code    60  usb_core.o(.text)
    Standard_GetStatus                       0x08001a0f   Thumb Code   124  usb_core.o(.text)
    Standard_ClearFeature                    0x08001a8b   Thumb Code   218  usb_core.o(.text)
    Standard_SetEndPointFeature              0x08001b65   Thumb Code   112  usb_core.o(.text)
    Standard_SetDeviceFeature                0x08001bd5   Thumb Code    26  usb_core.o(.text)
    Standard_GetDescriptorData               0x08001bef   Thumb Code    24  usb_core.o(.text)
    Post0_Process                            0x08001f13   Thumb Code    52  usb_core.o(.text)
    Setup0_Process                           0x08001f47   Thumb Code    90  usb_core.o(.text)
    SetDeviceAddress                         0x08001fa1   Thumb Code    52  usb_core.o(.text)
    In0_Process                              0x08001fd5   Thumb Code    78  usb_core.o(.text)
    Out0_Process                             0x08002023   Thumb Code    52  usb_core.o(.text)
    NOP_Process                              0x08002057   Thumb Code     2  usb_core.o(.text)
    USB_Init                                 0x08002111   Thumb Code    22  usb_init.o(.text)
    CTR_LP                                   0x08002139   Thumb Code   318  usb_int.o(.text)
    CTR_HP                                   0x08002277   Thumb Code   104  usb_int.o(.text)
    UserToPMABufferCopy                      0x080022fd   Thumb Code    36  usb_mem.o(.text)
    PMAToUserBufferCopy                      0x08002321   Thumb Code    26  usb_mem.o(.text)
    SetCNTR                                  0x08002341   Thumb Code     6  usb_regs.o(.text)
    GetCNTR                                  0x08002347   Thumb Code     8  usb_regs.o(.text)
    SetISTR                                  0x0800234f   Thumb Code     8  usb_regs.o(.text)
    GetISTR                                  0x08002357   Thumb Code    10  usb_regs.o(.text)
    GetFNR                                   0x08002361   Thumb Code    10  usb_regs.o(.text)
    SetDADDR                                 0x0800236b   Thumb Code     8  usb_regs.o(.text)
    GetDADDR                                 0x08002373   Thumb Code    10  usb_regs.o(.text)
    SetBTABLE                                0x0800237d   Thumb Code    12  usb_regs.o(.text)
    GetBTABLE                                0x08002389   Thumb Code    10  usb_regs.o(.text)
    SetENDPOINT                              0x08002393   Thumb Code    12  usb_regs.o(.text)
    GetENDPOINT                              0x0800239f   Thumb Code    14  usb_regs.o(.text)
    SetEPType                                0x080023ad   Thumb Code    24  usb_regs.o(.text)
    GetEPType                                0x080023c5   Thumb Code    18  usb_regs.o(.text)
    SetEPTxStatus                            0x080023d7   Thumb Code    38  usb_regs.o(.text)
    SetEPRxStatus                            0x080023fd   Thumb Code    38  usb_regs.o(.text)
    SetDouBleBuffEPStall                     0x08002423   Thumb Code    40  usb_regs.o(.text)
    GetEPTxStatus                            0x0800244b   Thumb Code    18  usb_regs.o(.text)
    GetEPRxStatus                            0x0800245d   Thumb Code    18  usb_regs.o(.text)
    SetEPTxValid                             0x0800246f   Thumb Code    26  usb_regs.o(.text)
    SetEPRxValid                             0x08002489   Thumb Code    26  usb_regs.o(.text)
    SetEP_KIND                               0x080024a3   Thumb Code    26  usb_regs.o(.text)
    ClearEP_KIND                             0x080024bd   Thumb Code    22  usb_regs.o(.text)
    Clear_Status_Out                         0x080024d3   Thumb Code    22  usb_regs.o(.text)
    Set_Status_Out                           0x080024e9   Thumb Code    26  usb_regs.o(.text)
    SetEPDoubleBuff                          0x08002503   Thumb Code    26  usb_regs.o(.text)
    ClearEPDoubleBuff                        0x0800251d   Thumb Code    22  usb_regs.o(.text)
    GetTxStallStatus                         0x08002533   Thumb Code    22  usb_regs.o(.text)
    GetRxStallStatus                         0x08002549   Thumb Code    22  usb_regs.o(.text)
    ClearEP_CTR_RX                           0x0800255f   Thumb Code    22  usb_regs.o(.text)
    ClearEP_CTR_TX                           0x08002575   Thumb Code    22  usb_regs.o(.text)
    ToggleDTOG_RX                            0x0800258b   Thumb Code    26  usb_regs.o(.text)
    ToggleDTOG_TX                            0x080025a5   Thumb Code    26  usb_regs.o(.text)
    ClearDTOG_RX                             0x080025bf   Thumb Code    34  usb_regs.o(.text)
    ClearDTOG_TX                             0x080025e1   Thumb Code    34  usb_regs.o(.text)
    SetEPAddress                             0x08002603   Thumb Code    24  usb_regs.o(.text)
    GetEPAddress                             0x0800261b   Thumb Code    16  usb_regs.o(.text)
    SetEPTxAddr                              0x0800262b   Thumb Code    24  usb_regs.o(.text)
    SetEPRxAddr                              0x08002643   Thumb Code    26  usb_regs.o(.text)
    GetEPTxAddr                              0x0800265d   Thumb Code    22  usb_regs.o(.text)
    GetEPRxAddr                              0x08002673   Thumb Code    24  usb_regs.o(.text)
    SetEPTxCount                             0x0800268b   Thumb Code    22  usb_regs.o(.text)
    SetEPCountRxReg                          0x080026a1   Thumb Code    38  usb_regs.o(.text)
    SetEPRxCount                             0x080026c7   Thumb Code    58  usb_regs.o(.text)
    GetEPTxCount                             0x08002701   Thumb Code    26  usb_regs.o(.text)
    GetEPRxCount                             0x0800271b   Thumb Code    38  usb_regs.o(.text)
    SetEPDblBuffAddr                         0x08002741   Thumb Code    42  usb_regs.o(.text)
    SetEPDblBuf0Addr                         0x0800276b   Thumb Code    22  usb_regs.o(.text)
    SetEPDblBuf1Addr                         0x08002781   Thumb Code    24  usb_regs.o(.text)
    GetEPDblBuf0Addr                         0x08002799   Thumb Code    20  usb_regs.o(.text)
    GetEPDblBuf1Addr                         0x080027ad   Thumb Code    22  usb_regs.o(.text)
    SetEPDblBuffCount                        0x080027c3   Thumb Code   156  usb_regs.o(.text)
    SetEPDblBuf0Count                        0x0800285f   Thumb Code    82  usb_regs.o(.text)
    SetEPDblBuf1Count                        0x080028b1   Thumb Code    82  usb_regs.o(.text)
    GetEPDblBuf0Count                        0x08002903   Thumb Code    24  usb_regs.o(.text)
    GetEPDblBuf1Count                        0x0800291b   Thumb Code    24  usb_regs.o(.text)
    GetEPDblBufDir                           0x08002933   Thumb Code    50  usb_regs.o(.text)
    FreeUserBuffer                           0x08002965   Thumb Code    46  usb_regs.o(.text)
    ToWord                                   0x08002993   Thumb Code     6  usb_regs.o(.text)
    ByteSwap                                 0x08002999   Thumb Code    10  usb_regs.o(.text)
    __aeabi_memclr4                          0x080029b1   Thumb Code     0  rt_memclr_w.o(.text)
    __aeabi_memclr8                          0x080029b1   Thumb Code     0  rt_memclr_w.o(.text)
    __rt_memclr_w                            0x080029b1   Thumb Code    78  rt_memclr_w.o(.text)
    _memset_w                                0x080029b5   Thumb Code     0  rt_memclr_w.o(.text)
    __use_two_region_memory                  0x080029ff   Thumb Code     2  heapauxi.o(.text)
    __rt_heap_escrow$2region                 0x08002a01   Thumb Code     2  heapauxi.o(.text)
    __rt_heap_expand$2region                 0x08002a03   Thumb Code     2  heapauxi.o(.text)
    __user_setup_stackheap                   0x08002a05   Thumb Code    74  sys_stackheap_outer.o(.text)
    exit                                     0x08002a4f   Thumb Code    12  exit.o(.text)
    __user_libspace                          0x08002a5d   Thumb Code     8  libspace.o(.text)
    __user_perproc_libspace                  0x08002a5d   Thumb Code     0  libspace.o(.text)
    __user_perthread_libspace                0x08002a5d   Thumb Code     0  libspace.o(.text)
    _sys_exit                                0x08002a65   Thumb Code     8  sys_exit.o(.text)
    __I$use$semihosting                      0x08002a71   Thumb Code     0  use_no_semi.o(.text)
    __use_no_semihosting_swi                 0x08002a71   Thumb Code     2  use_no_semi.o(.text)
    Virtual_Com_Port_DeviceDescriptor        0x08002a72   Data          18  usb_desc.o(.constdata)
    __semihosting_library_function           0x08002a73   Thumb Code     0  indicate_semi.o(.text)
    Virtual_Com_Port_ConfigDescriptor        0x08002a84   Data          67  usb_desc.o(.constdata)
    Virtual_Com_Port_StringLangID            0x08002ac7   Data           4  usb_desc.o(.constdata)
    Virtual_Com_Port_StringVendor            0x08002acb   Data          20  usb_desc.o(.constdata)
    Virtual_Com_Port_StringProduct           0x08002adf   Data          20  usb_desc.o(.constdata)
    Region$$Table$$Base                      0x08002af4   Number         0  anon$$obj.o(Region$$Table)
    Region$$Table$$Limit                     0x08002b14   Number         0  anon$$obj.o(Region$$Table)
    SystemCoreClock                          0x20000000   Data           4  system_stm32f10x.o(.data)
    AHBPrescTable                            0x20000004   Data          16  system_stm32f10x.o(.data)
    BinFileSize                              0x20000028   Data           4  main.o(.data)
    LED_Status                               0x2000002c   Data           1  main.o(.data)
    HSEStartUpStatus                         0x2000002d   Data           1  hw_config.o(.data)
    Virtual_Com_Port_StringSerial            0x2000002e   Data          20  usb_desc.o(.data)
    count_out                                0x20000044   Data           4  usb_endp.o(.data)
    count_in                                 0x20000048   Data           4  usb_endp.o(.data)
    bIntPackSOF                              0x2000004c   Data           1  usb_istr.o(.data)
    wIstr                                    0x2000004e   Data           2  usb_istr.o(.data)
    pEpInt_IN                                0x20000050   Data          28  usb_istr.o(.data)
    pEpInt_OUT                               0x2000006c   Data          28  usb_istr.o(.data)
    Request                                  0x20000088   Data           1  usb_prop.o(.data)
    linecoding                               0x2000008c   Data           8  usb_prop.o(.data)
    Device_Descriptor                        0x20000094   Data           8  usb_prop.o(.data)
    Config_Descriptor                        0x2000009c   Data           8  usb_prop.o(.data)
    Device_Property                          0x200000a4   Data          48  usb_prop.o(.data)
    String_Descriptor                        0x200000d4   Data          32  usb_prop.o(.data)
    Device_Table                             0x200000f4   Data           2  usb_prop.o(.data)
    User_Standard_Requests                   0x200000f8   Data          36  usb_prop.o(.data)
    bDeviceState                             0x2000011c   Data           4  usb_pwr.o(.data)
    ResumeS                                  0x20000120   Data           2  usb_pwr.o(.data)
    Data_Mul_MaxPacketSize                   0x20000122   Data           1  usb_core.o(.data)
    StatusInfo                               0x20000124   Data           2  usb_core.o(.data)
    EPindex                                  0x20000126   Data           1  usb_init.o(.data)
    pInformation                             0x20000128   Data           4  usb_init.o(.data)
    pProperty                                0x2000012c   Data           4  usb_init.o(.data)
    pUser_Standard_Requests                  0x20000130   Data           4  usb_init.o(.data)
    wInterrupt_Mask                          0x20000134   Data           2  usb_init.o(.data)
    SaveRState                               0x20000136   Data           2  usb_int.o(.data)
    SaveTState                               0x20000138   Data           2  usb_int.o(.data)
    USART_InitStructure                      0x2000013c   Data          16  hw_config.o(.bss)
    buffer_in                                0x2000014c   Data          64  hw_config.o(.bss)
    buffer_out                               0x2000018c   Data          64  usb_endp.o(.bss)
    Device_Info                              0x200001cc   Data          28  usb_init.o(.bss)
    __libspace_start                         0x200001e8   Data          96  libspace.o(.bss)
    __temporary_stack_top$libspace           0x20000248   Data           0  libspace.o(.bss)



==============================================================================

Memory Map of the image

  Image Entry point : 0x080000ed

  Load Region LR_IROM1 (Base: 0x08000000, Size: 0x00002c50, Max: 0x00010000, ABSOLUTE, COMPRESSED[0x00002ba4])

    Execution Region ER_IROM1 (Base: 0x08000000, Size: 0x00002b14, Max: 0x00010000, ABSOLUTE)

    Base Addr    Size         Type   Attr      Idx    E Section Name        Object

    0x08000000   0x000000ec   Data   RO          116    RESET               startup_stm32f10x_md.o
    0x080000ec   0x00000008   Code   RO          646  * !!!main             c_w.l(__main.o)
    0x080000f4   0x00000034   Code   RO          802    !!!scatter          c_w.l(__scatter.o)
    0x08000128   0x0000005a   Code   RO          800    !!dczerorl2         c_w.l(__dczerorl2.o)
    0x08000182   0x00000002   PAD
    0x08000184   0x0000001c   Code   RO          804    !!handler_zi        c_w.l(__scatter_zi.o)
    0x080001a0   0x00000002   Code   RO          673    .ARM.Collect$$libinit$$00000000  c_w.l(libinit.o)
    0x080001a2   0x00000000   Code   RO          680    .ARM.Collect$$libinit$$00000002  c_w.l(libinit2.o)
    0x080001a2   0x00000000   Code   RO          683    .ARM.Collect$$libinit$$00000008  c_w.l(libinit2.o)
    0x080001a2   0x00000000   Code   RO          685    .ARM.Collect$$libinit$$0000000A  c_w.l(libinit2.o)
    0x080001a2   0x00000000   Code   RO          687    .ARM.Collect$$libinit$$0000000C  c_w.l(libinit2.o)
    0x080001a2   0x00000000   Code   RO          690    .ARM.Collect$$libinit$$0000000F  c_w.l(libinit2.o)
    0x080001a2   0x00000000   Code   RO          692    .ARM.Collect$$libinit$$00000011  c_w.l(libinit2.o)
    0x080001a2   0x00000000   Code   RO          694    .ARM.Collect$$libinit$$00000013  c_w.l(libinit2.o)
    0x080001a2   0x00000000   Code   RO          696    .ARM.Collect$$libinit$$00000015  c_w.l(libinit2.o)
    0x080001a2   0x00000000   Code   RO          698    .ARM.Collect$$libinit$$00000017  c_w.l(libinit2.o)
    0x080001a2   0x00000000   Code   RO          700    .ARM.Collect$$libinit$$00000019  c_w.l(libinit2.o)
    0x080001a2   0x00000000   Code   RO          702    .ARM.Collect$$libinit$$0000001B  c_w.l(libinit2.o)
    0x080001a2   0x00000000   Code   RO          704    .ARM.Collect$$libinit$$0000001D  c_w.l(libinit2.o)
    0x080001a2   0x00000000   Code   RO          706    .ARM.Collect$$libinit$$0000001F  c_w.l(libinit2.o)
    0x080001a2   0x00000000   Code   RO          708    .ARM.Collect$$libinit$$00000021  c_w.l(libinit2.o)
    0x080001a2   0x00000000   Code   RO          710    .ARM.Collect$$libinit$$00000023  c_w.l(libinit2.o)
    0x080001a2   0x00000000   Code   RO          714    .ARM.Collect$$libinit$$0000002A  c_w.l(libinit2.o)
    0x080001a2   0x00000000   Code   RO          716    .ARM.Collect$$libinit$$0000002C  c_w.l(libinit2.o)
    0x080001a2   0x00000000   Code   RO          718    .ARM.Collect$$libinit$$0000002E  c_w.l(libinit2.o)
    0x080001a2   0x00000000   Code   RO          720    .ARM.Collect$$libinit$$00000030  c_w.l(libinit2.o)
    0x080001a2   0x00000002   Code   RO          721    .ARM.Collect$$libinit$$00000031  c_w.l(libinit2.o)
    0x080001a4   0x00000002   Code   RO          741    .ARM.Collect$$libshutdown$$00000000  c_w.l(libshutdown.o)
    0x080001a6   0x00000000   Code   RO          755    .ARM.Collect$$libshutdown$$00000003  c_w.l(libshutdown2.o)
    0x080001a6   0x00000000   Code   RO          758    .ARM.Collect$$libshutdown$$00000006  c_w.l(libshutdown2.o)
    0x080001a6   0x00000000   Code   RO          761    .ARM.Collect$$libshutdown$$00000009  c_w.l(libshutdown2.o)
    0x080001a6   0x00000000   Code   RO          763    .ARM.Collect$$libshutdown$$0000000B  c_w.l(libshutdown2.o)
    0x080001a6   0x00000000   Code   RO          766    .ARM.Collect$$libshutdown$$0000000E  c_w.l(libshutdown2.o)
    0x080001a6   0x00000002   Code   RO          767    .ARM.Collect$$libshutdown$$0000000F  c_w.l(libshutdown2.o)
    0x080001a8   0x00000000   Code   RO          648    .ARM.Collect$$rtentry$$00000000  c_w.l(rtentry.o)
    0x080001a8   0x00000000   Code   RO          650    .ARM.Collect$$rtentry$$00000002  c_w.l(rtentry2.o)
    0x080001a8   0x00000006   Code   RO          662    .ARM.Collect$$rtentry$$00000004  c_w.l(rtentry4.o)
    0x080001ae   0x00000000   Code   RO          652    .ARM.Collect$$rtentry$$00000009  c_w.l(rtentry2.o)
    0x080001ae   0x00000004   Code   RO          653    .ARM.Collect$$rtentry$$0000000A  c_w.l(rtentry2.o)
    0x080001b2   0x00000000   Code   RO          655    .ARM.Collect$$rtentry$$0000000C  c_w.l(rtentry2.o)
    0x080001b2   0x00000008   Code   RO          656    .ARM.Collect$$rtentry$$0000000D  c_w.l(rtentry2.o)
    0x080001ba   0x00000002   Code   RO          677    .ARM.Collect$$rtexit$$00000000  c_w.l(rtexit.o)
    0x080001bc   0x00000000   Code   RO          723    .ARM.Collect$$rtexit$$00000002  c_w.l(rtexit2.o)
    0x080001bc   0x00000004   Code   RO          724    .ARM.Collect$$rtexit$$00000003  c_w.l(rtexit2.o)
    0x080001c0   0x00000006   Code   RO          725    .ARM.Collect$$rtexit$$00000004  c_w.l(rtexit2.o)
    0x080001c6   0x00000002   PAD
    0x080001c8   0x00000158   Code   RO           17    .text               system_stm32f10x.o
    0x08000320   0x00000040   Code   RO          117    .text               startup_stm32f10x_md.o
    0x08000360   0x000000b0   Code   RO          121    .text               misc.o
    0x08000410   0x00000480   Code   RO          209    .text               stm32f10x_flash.o
    0x08000890   0x00000264   Code   RO          222    .text               stm32f10x_gpio.o
    0x08000af4   0x000002b8   Code   RO          246    .text               stm32f10x_rcc.o
    0x08000dac   0x00000328   Code   RO          310    .text               stm32f10x_usart.o
    0x080010d4   0x00000110   Code   RO          334    .text               main.o
    0x080011e4   0x00000024   Code   RO          395    .text               stm32f10x_it.o
    0x08001208   0x000002e8   Code   RO          413    .text               hw_config.o
    0x080014f0   0x00000034   Code   RO          450    .text               usb_endp.o
    0x08001524   0x0000005c   Code   RO          466    .text               usb_istr.o
    0x08001580   0x00000214   Code   RO          486    .text               usb_prop.o
    0x08001794   0x000000f4   Code   RO          511    .text               usb_pwr.o
    0x08001888   0x000000e4   Code   RO          532    .text               loadfalsh.o
    0x0800196c   0x000007a4   Code   RO          549    .text               usb_core.o
    0x08002110   0x00000028   Code   RO          565    .text               usb_init.o
    0x08002138   0x000001c4   Code   RO          591    .text               usb_int.o
    0x080022fc   0x00000044   Code   RO          615    .text               usb_mem.o
    0x08002340   0x00000670   Code   RO          627    .text               usb_regs.o
    0x080029b0   0x0000004e   Code   RO          642    .text               c_w.l(rt_memclr_w.o)
    0x080029fe   0x00000006   Code   RO          644    .text               c_w.l(heapauxi.o)
    0x08002a04   0x0000004a   Code   RO          664    .text               c_w.l(sys_stackheap_outer.o)
    0x08002a4e   0x0000000c   Code   RO          666    .text               c_w.l(exit.o)
    0x08002a5a   0x00000002   PAD
    0x08002a5c   0x00000008   Code   RO          674    .text               c_w.l(libspace.o)
    0x08002a64   0x0000000c   Code   RO          733    .text               c_w.l(sys_exit.o)
    0x08002a70   0x00000002   Code   RO          744    .text               c_w.l(use_no_semi.o)
    0x08002a72   0x00000000   Code   RO          746    .text               c_w.l(indicate_semi.o)
    0x08002a72   0x00000012   Data   RO          433    .constdata          usb_desc.o
    0x08002a84   0x00000043   Data   RO          434    .constdata          usb_desc.o
    0x08002ac7   0x00000004   Data   RO          435    .constdata          usb_desc.o
    0x08002acb   0x00000014   Data   RO          436    .constdata          usb_desc.o
    0x08002adf   0x00000014   Data   RO          437    .constdata          usb_desc.o
    0x08002af3   0x00000001   PAD
    0x08002af4   0x00000020   Data   RO          798    Region$$Table       anon$$obj.o


    Execution Region RW_IRAM1 (Base: 0x20000000, Size: 0x00000848, Max: 0x00005000, ABSOLUTE, COMPRESSED[0x00000090])

    Base Addr    Size         Type   Attr      Idx    E Section Name        Object

    0x20000000   0x00000014   Data   RW           18    .data               system_stm32f10x.o
    0x20000014   0x00000014   Data   RW          247    .data               stm32f10x_rcc.o
    0x20000028   0x00000004   Data   RW          335    .data               main.o
    0x2000002c   0x00000001   Data   RW          336    .data               main.o
    0x2000002d   0x00000001   Data   RW          415    .data               hw_config.o
    0x2000002e   0x00000014   Data   RW          438    .data               usb_desc.o
    0x20000042   0x00000002   PAD
    0x20000044   0x00000008   Data   RW          452    .data               usb_endp.o
    0x2000004c   0x00000004   Data   RW          467    .data               usb_istr.o
    0x20000050   0x0000001c   Data   RW          468    .data               usb_istr.o
    0x2000006c   0x0000001c   Data   RW          469    .data               usb_istr.o
    0x20000088   0x0000006c   Data   RW          487    .data               usb_prop.o
    0x200000f4   0x00000002   Data   RW          488    .data               usb_prop.o
    0x200000f6   0x00000002   PAD
    0x200000f8   0x00000024   Data   RW          489    .data               usb_prop.o
    0x2000011c   0x00000004   Data   RW          512    .data               usb_pwr.o
    0x20000120   0x00000002   Data   RW          514    .data               usb_pwr.o
    0x20000122   0x00000004   Data   RW          550    .data               usb_core.o
    0x20000126   0x00000001   Data   RW          567    .data               usb_init.o
    0x20000127   0x00000001   PAD
    0x20000128   0x0000000c   Data   RW          568    .data               usb_init.o
    0x20000134   0x00000002   Data   RW          570    .data               usb_init.o
    0x20000136   0x00000004   Data   RW          592    .data               usb_int.o
    0x2000013a   0x00000002   PAD
    0x2000013c   0x00000050   Zero   RW          414    .bss                hw_config.o
    0x2000018c   0x00000040   Zero   RW          451    .bss                usb_endp.o
    0x200001cc   0x0000001c   Zero   RW          566    .bss                usb_init.o
    0x200001e8   0x00000060   Zero   RW          675    .bss                c_w.l(libspace.o)
    0x20000248   0x00000200   Zero   RW          115    HEAP                startup_stm32f10x_md.o
    0x20000448   0x00000400   Zero   RW          114    STACK               startup_stm32f10x_md.o


==============================================================================

Image component sizes


      Code (inc. data)   RO Data    RW Data    ZI Data      Debug   Object Name

         0          0          0          0          0       4304   core_cm3.o
       744         46          0          1         80       4396   hw_config.o
       228          6          0          0          0       2265   loadfalsh.o
       272         28          0          5          0      13319   main.o
       176         14          0          0          0       1585   misc.o
        64         26        236          0       1536        784   startup_stm32f10x_md.o
      1152         22          0          0          0       7896   stm32f10x_flash.o
       612         36          0          0          0       4857   stm32f10x_gpio.o
        36          4          0          0          0       1427   stm32f10x_it.o
       696         32          0         20          0       7936   stm32f10x_rcc.o
       808         22          0          0          0       7188   stm32f10x_usart.o
       344         34          0         20          0     234347   system_stm32f10x.o
      1956         88          0          4          0       7441   usb_core.o
         0          0        129         20          0        983   usb_desc.o
        52         10          0          8         64       1215   usb_endp.o
        40         18          0         15         28       3822   usb_init.o
       452         30          0          4          0       1392   usb_int.o
        92         18          0         60          0       1168   usb_istr.o
        68          6          0          0          0       1078   usb_mem.o
       532         30          0        146          0       6791   usb_prop.o
       244         20          0          6          0       2359   usb_pwr.o
      1648         26          0          0          0       9271   usb_regs.o

    ----------------------------------------------------------------------
     10216        516        398        316       1708     325824   Object Totals
         0          0         32          0          0          0   (incl. Generated)
         0          0          1          7          0          0   (incl. Padding)

    ----------------------------------------------------------------------

      Code (inc. data)   RO Data    RW Data    ZI Data      Debug   Library Member Name

        90          0          0          0          0          0   __dczerorl2.o
         8          0          0          0          0         68   __main.o
        52          8          0          0          0          0   __scatter.o
        28          0          0          0          0          0   __scatter_zi.o
        12          0          0          0          0         72   exit.o
         6          0          0          0          0        152   heapauxi.o
         0          0          0          0          0          0   indicate_semi.o
         2          0          0          0          0          0   libinit.o
         2          0          0          0          0          0   libinit2.o
         2          0          0          0          0          0   libshutdown.o
         2          0          0          0          0          0   libshutdown2.o
         8          4          0          0         96         68   libspace.o
        78          0          0          0          0         80   rt_memclr_w.o
         0          0          0          0          0          0   rtentry.o
        12          0          0          0          0          0   rtentry2.o
         6          0          0          0          0          0   rtentry4.o
         2          0          0          0          0          0   rtexit.o
        10          0          0          0          0          0   rtexit2.o
        12          4          0          0          0         68   sys_exit.o
        74          0          0          0          0         80   sys_stackheap_outer.o
         2          0          0          0          0         68   use_no_semi.o

    ----------------------------------------------------------------------
       414         16          0          0         96        656   Library Totals
         6          0          0          0          0          0   (incl. Padding)

    ----------------------------------------------------------------------

      Code (inc. data)   RO Data    RW Data    ZI Data      Debug   Library Name

       408         16          0          0         96        656   c_w.l

    ----------------------------------------------------------------------
       414         16          0          0         96        656   Library Totals

    ----------------------------------------------------------------------

==============================================================================


      Code (inc. data)   RO Data    RW Data    ZI Data      Debug   

     10630        532        398        316       1804     323928   Grand Totals
     10630        532        398        144       1804     323928   ELF Image Totals (compressed)
     10630        532        398        144          0          0   ROM Totals

==============================================================================

    Total RO  Size (Code + RO Data)                11028 (  10.77kB)
    Total RW  Size (RW Data + ZI Data)              2120 (   2.07kB)
    Total ROM Size (Code + RO Data + RW Data)      11172 (  10.91kB)

==============================================================================

