Product: MDK-ARM Basic 5.10
Component: ARM Compiler 5.04 update 1 (build 49)
Tool: armlink [5040049]

==============================================================================

Section Cross References

    system_stm32f10x.o(.text) refers to system_stm32f10x.o(.data) for SystemCoreClock
    startup_stm32f10x_md.o(RESET) refers to startup_stm32f10x_md.o(STACK) for __initial_sp
    startup_stm32f10x_md.o(RESET) refers to startup_stm32f10x_md.o(.text) for Reset_Handler
    startup_stm32f10x_md.o(RESET) refers to stm32f10x_it.o(.text) for NMI_Handler
    startup_stm32f10x_md.o(.text) refers to system_stm32f10x.o(.text) for SystemInit
    startup_stm32f10x_md.o(.text) refers to entry.o(.ARM.Collect$$$$00000000) for __main
    stm32f10x_bkp.o(.text) refers to stm32f10x_rcc.o(.text) for RCC_BackupResetCmd
    stm32f10x_cec.o(.text) refers to stm32f10x_rcc.o(.text) for RCC_APB1PeriphResetCmd
    stm32f10x_gpio.o(.text) refers to stm32f10x_rcc.o(.text) for RCC_APB2PeriphResetCmd
    stm32f10x_rcc.o(.text) refers to stm32f10x_rcc.o(.data) for APBAHBPrescTable
    stm32f10x_spi.o(.text) refers to stm32f10x_rcc.o(.text) for RCC_APB2PeriphResetCmd
    stm32f10x_tim.o(.text) refers to stm32f10x_rcc.o(.text) for RCC_APB2PeriphResetCmd
    stm32f10x_usart.o(.text) refers to stm32f10x_rcc.o(.text) for RCC_APB2PeriphResetCmd
    stm32f10x_wwdg.o(.text) refers to stm32f10x_rcc.o(.text) for RCC_APB1PeriphResetCmd
    stm32f10x_can.o(.text) refers to stm32f10x_rcc.o(.text) for RCC_APB1PeriphResetCmd
    main.o(.text) refers to stm32f10x_rcc.o(.text) for RCC_APB2PeriphClockCmd
    main.o(.text) refers to stm32f10x_gpio.o(.text) for GPIO_Init
    main.o(.text) refers to hw_config.o(.text) for Set_System
    main.o(.text) refers to usb_init.o(.text) for USB_Init
    main.o(.text) refers to loadfalsh.o(.text) for ProcessMsg
    main.o(.text) refers to usb_mem.o(.text) for UserToPMABufferCopy
    main.o(.text) refers to usb_regs.o(.text) for SetEPTxCount
    main.o(.text) refers to usb_endp.o(.data) for count_out
    main.o(.text) refers to usb_pwr.o(.data) for bDeviceState
    main.o(.text) refers to usb_endp.o(.bss) for buffer_out
    main.o(.text) refers to main.o(.data) for LED_Status
    main.o(.text) refers to hw_config.o(.bss) for buffer_in
    stm32f10x_it.o(.text) refers to stm32f10x_usart.o(.text) for USART_GetITStatus
    stm32f10x_it.o(.text) refers to usb_istr.o(.text) for USB_Istr
    hw_config.o(.text) refers to stm32f10x_rcc.o(.text) for RCC_DeInit
    hw_config.o(.text) refers to stm32f10x_flash.o(.text) for FLASH_PrefetchBufferCmd
    hw_config.o(.text) refers to stm32f10x_gpio.o(.text) for GPIO_Init
    hw_config.o(.text) refers to misc.o(.text) for NVIC_SetVectorTable
    hw_config.o(.text) refers to stm32f10x_usart.o(.text) for USART_Init
    hw_config.o(.text) refers to usb_mem.o(.text) for UserToPMABufferCopy
    hw_config.o(.text) refers to usb_regs.o(.text) for SetEPTxCount
    hw_config.o(.text) refers to hw_config.o(.data) for HSEStartUpStatus
    hw_config.o(.text) refers to usb_pwr.o(.data) for bDeviceState
    hw_config.o(.text) refers to usb_init.o(.bss) for Device_Info
    hw_config.o(.text) refers to hw_config.o(.bss) for USART_InitStructure
    hw_config.o(.text) refers to usb_prop.o(.data) for linecoding
    hw_config.o(.text) refers to usb_endp.o(.data) for count_in
    hw_config.o(.text) refers to usb_desc.o(.data) for Virtual_Com_Port_StringSerial
    usb_endp.o(.text) refers to usb_regs.o(.text) for GetEPRxCount
    usb_endp.o(.text) refers to usb_mem.o(.text) for PMAToUserBufferCopy
    usb_endp.o(.text) refers to usb_endp.o(.data) for count_out
    usb_endp.o(.text) refers to usb_endp.o(.bss) for buffer_out
    usb_istr.o(.text) refers to usb_int.o(.text) for CTR_LP
    usb_istr.o(.text) refers to usb_istr.o(.data) for wIstr
    usb_istr.o(.text) refers to usb_init.o(.data) for wInterrupt_Mask
    usb_istr.o(.text) refers to usb_prop.o(.data) for Device_Property
    usb_istr.o(.data) refers to usb_endp.o(.text) for EP1_IN_Callback
    usb_istr.o(.data) refers to usb_core.o(.text) for NOP_Process
    usb_prop.o(.text) refers to hw_config.o(.text) for Get_SerialNum
    usb_prop.o(.text) refers to usb_pwr.o(.text) for PowerOn
    usb_prop.o(.text) refers to usb_regs.o(.text) for SetBTABLE
    usb_prop.o(.text) refers to usb_core.o(.text) for SetDeviceAddress
    usb_prop.o(.text) refers to usb_init.o(.data) for pInformation
    usb_prop.o(.text) refers to usb_pwr.o(.data) for bDeviceState
    usb_prop.o(.text) refers to usb_desc.o(.constdata) for Virtual_Com_Port_ConfigDescriptor
    usb_prop.o(.text) refers to usb_prop.o(.data) for Device_Property
    usb_prop.o(.text) refers to usb_init.o(.bss) for Device_Info
    usb_prop.o(.data) refers to usb_prop.o(.text) for Virtual_Com_Port_init
    usb_prop.o(.data) refers to usb_core.o(.text) for NOP_Process
    usb_prop.o(.data) refers to usb_desc.o(.constdata) for Virtual_Com_Port_DeviceDescriptor
    usb_prop.o(.data) refers to usb_desc.o(.data) for Virtual_Com_Port_StringSerial
    usb_pwr.o(.text) refers to hw_config.o(.text) for USB_Cable_Config
    usb_pwr.o(.text) refers to usb_init.o(.data) for wInterrupt_Mask
    usb_pwr.o(.text) refers to usb_pwr.o(.data) for ResumeS
    loadfalsh.o(.text) refers to stm32f10x_flash.o(.text) for FLASH_ErasePage
    loadfalsh.o(.text) refers to stm32f10x_can.o(.text) for CAN_ITConfig
    loadfalsh.o(.text) refers to core_cm3.o(.emb_text) for __set_MSP
    loadfalsh.o(.text) refers to memseta.o(.text) for __aeabi_memclr4
    loadfalsh.o(.text) refers to main.o(.text) for ModBus_CRC16
    loadfalsh.o(.text) refers to main.o(.data) for BinFileSize
    loadfalsh.o(.text) refers to loadfalsh.o(.data) for offset
    usb_core.o(.text) refers to usb_regs.o(.text) for ClearDTOG_TX
    usb_core.o(.text) refers to usb_init.o(.data) for pInformation
    usb_core.o(.text) refers to usb_prop.o(.data) for Device_Table
    usb_core.o(.text) refers to usb_core.o(.data) for StatusInfo
    usb_core.o(.text) refers to usb_mem.o(.text) for PMAToUserBufferCopy
    usb_core.o(.text) refers to usb_int.o(.data) for SaveRState
    usb_init.o(.text) refers to usb_init.o(.bss) for Device_Info
    usb_init.o(.text) refers to usb_init.o(.data) for pInformation
    usb_init.o(.text) refers to usb_prop.o(.data) for Device_Property
    usb_int.o(.text) refers to usb_core.o(.text) for In0_Process
    usb_int.o(.text) refers to usb_istr.o(.data) for wIstr
    usb_int.o(.text) refers to usb_init.o(.data) for EPindex
    usb_int.o(.text) refers to usb_int.o(.data) for SaveRState
    entry.o(.ARM.Collect$$$$00000000) refers (Special) to entry10a.o(.ARM.Collect$$$$0000000D) for __rt_final_cpp
    entry.o(.ARM.Collect$$$$00000000) refers (Special) to entry11a.o(.ARM.Collect$$$$0000000F) for __rt_final_exit
    entry.o(.ARM.Collect$$$$00000000) refers (Special) to entry7b.o(.ARM.Collect$$$$00000008) for _main_clock
    entry.o(.ARM.Collect$$$$00000000) refers (Special) to entry8b.o(.ARM.Collect$$$$0000000A) for _main_cpp_init
    entry.o(.ARM.Collect$$$$00000000) refers (Special) to entry9a.o(.ARM.Collect$$$$0000000B) for _main_init
    entry.o(.ARM.Collect$$$$00000000) refers (Special) to entry5.o(.ARM.Collect$$$$00000004) for _main_scatterload
    entry.o(.ARM.Collect$$$$00000000) refers (Special) to entry2.o(.ARM.Collect$$$$00000001) for _main_stk
    entry2.o(.ARM.Collect$$$$00000001) refers to entry2.o(.ARM.Collect$$$$00002712) for __lit__00000000
    entry2.o(.ARM.Collect$$$$00002712) refers to startup_stm32f10x_md.o(STACK) for __initial_sp
    entry2.o(__vectab_stack_and_reset_area) refers to startup_stm32f10x_md.o(STACK) for __initial_sp
    entry2.o(__vectab_stack_and_reset_area) refers to entry.o(.ARM.Collect$$$$00000000) for __main
    entry5.o(.ARM.Collect$$$$00000004) refers to init.o(.text) for __scatterload
    entry9a.o(.ARM.Collect$$$$0000000B) refers to main.o(.text) for main
    entry9b.o(.ARM.Collect$$$$0000000C) refers to main.o(.text) for main
    init.o(.text) refers to entry5.o(.ARM.Collect$$$$00000004) for __main_after_scatterload


==============================================================================

Removing Unused input sections from the image.

    Removing startup_stm32f10x_md.o(HEAP), (512 bytes).
    Removing stm32f10x_bkp.o(.text), (196 bytes).
    Removing stm32f10x_cec.o(.text), (288 bytes).
    Removing stm32f10x_crc.o(.text), (72 bytes).
    Removing stm32f10x_dbgmcu.o(.text), (48 bytes).
    Removing stm32f10x_dma.o(.text), (596 bytes).
    Removing stm32f10x_exti.o(.text), (284 bytes).
    Removing stm32f10x_iwdg.o(.text), (64 bytes).
    Removing stm32f10x_rtc.o(.text), (328 bytes).
    Removing stm32f10x_sdio.o(.text), (468 bytes).
    Removing stm32f10x_spi.o(.text), (780 bytes).
    Removing stm32f10x_tim.o(.text), (3610 bytes).
    Removing stm32f10x_wwdg.o(.text), (136 bytes).

13 unused section(s) (total 7382 bytes) removed from the image.

==============================================================================

Image Symbol Table

    Local Symbols

    Symbol Name                              Value     Ov Type        Size  Object(Section)

    ../clib/../cmprslib/zerorunl2.c          0x00000000   Number         0  __dczerorl2.o ABSOLUTE
    ../clib/microlib/init/entry.s            0x00000000   Number         0  entry11b.o ABSOLUTE
    ../clib/microlib/init/entry.s            0x00000000   Number         0  entry.o ABSOLUTE
    ../clib/microlib/init/entry.s            0x00000000   Number         0  entry9b.o ABSOLUTE
    ../clib/microlib/init/entry.s            0x00000000   Number         0  entry9a.o ABSOLUTE
    ../clib/microlib/init/entry.s            0x00000000   Number         0  entry2.o ABSOLUTE
    ../clib/microlib/init/entry.s            0x00000000   Number         0  entry11a.o ABSOLUTE
    ../clib/microlib/init/entry.s            0x00000000   Number         0  entry5.o ABSOLUTE
    ../clib/microlib/init/entry.s            0x00000000   Number         0  entry10b.o ABSOLUTE
    ../clib/microlib/init/entry.s            0x00000000   Number         0  entry10a.o ABSOLUTE
    ../clib/microlib/init/entry.s            0x00000000   Number         0  entry7a.o ABSOLUTE
    ../clib/microlib/init/entry.s            0x00000000   Number         0  entry8b.o ABSOLUTE
    ../clib/microlib/init/entry.s            0x00000000   Number         0  entry8a.o ABSOLUTE
    ../clib/microlib/init/entry.s            0x00000000   Number         0  entry7b.o ABSOLUTE
    ../clib/microlib/string/memset.c         0x00000000   Number         0  memseta.o ABSOLUTE
    ..\\startup\\core_cm3.c                  0x00000000   Number         0  core_cm3.o ABSOLUTE
    ..\mine\loadfalsh.c                      0x00000000   Number         0  loadfalsh.o ABSOLUTE
    ..\periphlib\src\misc.c                  0x00000000   Number         0  misc.o ABSOLUTE
    ..\periphlib\src\stm32f10x_bkp.c         0x00000000   Number         0  stm32f10x_bkp.o ABSOLUTE
    ..\periphlib\src\stm32f10x_can.c         0x00000000   Number         0  stm32f10x_can.o ABSOLUTE
    ..\periphlib\src\stm32f10x_cec.c         0x00000000   Number         0  stm32f10x_cec.o ABSOLUTE
    ..\periphlib\src\stm32f10x_crc.c         0x00000000   Number         0  stm32f10x_crc.o ABSOLUTE
    ..\periphlib\src\stm32f10x_dbgmcu.c      0x00000000   Number         0  stm32f10x_dbgmcu.o ABSOLUTE
    ..\periphlib\src\stm32f10x_dma.c         0x00000000   Number         0  stm32f10x_dma.o ABSOLUTE
    ..\periphlib\src\stm32f10x_exti.c        0x00000000   Number         0  stm32f10x_exti.o ABSOLUTE
    ..\periphlib\src\stm32f10x_flash.c       0x00000000   Number         0  stm32f10x_flash.o ABSOLUTE
    ..\periphlib\src\stm32f10x_gpio.c        0x00000000   Number         0  stm32f10x_gpio.o ABSOLUTE
    ..\periphlib\src\stm32f10x_iwdg.c        0x00000000   Number         0  stm32f10x_iwdg.o ABSOLUTE
    ..\periphlib\src\stm32f10x_rcc.c         0x00000000   Number         0  stm32f10x_rcc.o ABSOLUTE
    ..\periphlib\src\stm32f10x_rtc.c         0x00000000   Number         0  stm32f10x_rtc.o ABSOLUTE
    ..\periphlib\src\stm32f10x_sdio.c        0x00000000   Number         0  stm32f10x_sdio.o ABSOLUTE
    ..\periphlib\src\stm32f10x_spi.c         0x00000000   Number         0  stm32f10x_spi.o ABSOLUTE
    ..\periphlib\src\stm32f10x_tim.c         0x00000000   Number         0  stm32f10x_tim.o ABSOLUTE
    ..\periphlib\src\stm32f10x_usart.c       0x00000000   Number         0  stm32f10x_usart.o ABSOLUTE
    ..\periphlib\src\stm32f10x_wwdg.c        0x00000000   Number         0  stm32f10x_wwdg.o ABSOLUTE
    ..\startup\core_cm3.c                    0x00000000   Number         0  core_cm3.o ABSOLUTE
    ..\startup\startup\startup_stm32f10x_md.s 0x00000000   Number         0  startup_stm32f10x_md.o ABSOLUTE
    ..\startup\system_stm32f10x.c            0x00000000   Number         0  system_stm32f10x.o ABSOLUTE
    ..\usb\library\src\usb_core.c            0x00000000   Number         0  usb_core.o ABSOLUTE
    ..\usb\library\src\usb_init.c            0x00000000   Number         0  usb_init.o ABSOLUTE
    ..\usb\library\src\usb_int.c             0x00000000   Number         0  usb_int.o ABSOLUTE
    ..\usb\library\src\usb_mem.c             0x00000000   Number         0  usb_mem.o ABSOLUTE
    ..\usb\library\src\usb_regs.c            0x00000000   Number         0  usb_regs.o ABSOLUTE
    ..\usb\source\hw_config.c                0x00000000   Number         0  hw_config.o ABSOLUTE
    ..\usb\source\usb_desc.c                 0x00000000   Number         0  usb_desc.o ABSOLUTE
    ..\usb\source\usb_endp.c                 0x00000000   Number         0  usb_endp.o ABSOLUTE
    ..\usb\source\usb_istr.c                 0x00000000   Number         0  usb_istr.o ABSOLUTE
    ..\usb\source\usb_prop.c                 0x00000000   Number         0  usb_prop.o ABSOLUTE
    ..\usb\source\usb_pwr.c                  0x00000000   Number         0  usb_pwr.o ABSOLUTE
    ..\user\main.c                           0x00000000   Number         0  main.o ABSOLUTE
    ..\user\stm32f10x_it.c                   0x00000000   Number         0  stm32f10x_it.o ABSOLUTE
    dc.s                                     0x00000000   Number         0  dc.o ABSOLUTE
    handlers.s                               0x00000000   Number         0  handlers.o ABSOLUTE
    init.s                                   0x00000000   Number         0  init.o ABSOLUTE
    RESET                                    0x08000000   Section      236  startup_stm32f10x_md.o(RESET)
    .ARM.Collect$$$$00000000                 0x080000ec   Section        0  entry.o(.ARM.Collect$$$$00000000)
    .ARM.Collect$$$$00000001                 0x080000ec   Section        4  entry2.o(.ARM.Collect$$$$00000001)
    .ARM.Collect$$$$00000004                 0x080000f0   Section        4  entry5.o(.ARM.Collect$$$$00000004)
    .ARM.Collect$$$$00000008                 0x080000f4   Section        0  entry7b.o(.ARM.Collect$$$$00000008)
    .ARM.Collect$$$$0000000A                 0x080000f4   Section        0  entry8b.o(.ARM.Collect$$$$0000000A)
    .ARM.Collect$$$$0000000B                 0x080000f4   Section        8  entry9a.o(.ARM.Collect$$$$0000000B)
    .ARM.Collect$$$$0000000D                 0x080000fc   Section        0  entry10a.o(.ARM.Collect$$$$0000000D)
    .ARM.Collect$$$$0000000F                 0x080000fc   Section        0  entry11a.o(.ARM.Collect$$$$0000000F)
    .ARM.Collect$$$$00002712                 0x080000fc   Section        4  entry2.o(.ARM.Collect$$$$00002712)
    __lit__00000000                          0x080000fc   Data           4  entry2.o(.ARM.Collect$$$$00002712)
    .emb_text                                0x08000100   Section       32  core_cm3.o(.emb_text)
    .text                                    0x08000120   Section        0  system_stm32f10x.o(.text)
    SetSysClockTo72                          0x08000121   Thumb Code   214  system_stm32f10x.o(.text)
    SetSysClock                              0x080001f7   Thumb Code     8  system_stm32f10x.o(.text)
    .text                                    0x08000300   Section       36  startup_stm32f10x_md.o(.text)
    .text                                    0x08000324   Section        0  misc.o(.text)
    .text                                    0x08000400   Section        0  stm32f10x_flash.o(.text)
    .text                                    0x080009bc   Section        0  stm32f10x_gpio.o(.text)
    .text                                    0x08000d18   Section        0  stm32f10x_rcc.o(.text)
    .text                                    0x080010bc   Section        0  stm32f10x_usart.o(.text)
    .text                                    0x080014c4   Section        0  stm32f10x_can.o(.text)
    CheckITStatus                            0x08001cc7   Thumb Code    18  stm32f10x_can.o(.text)
    .text                                    0x08001eb4   Section        0  main.o(.text)
    .text                                    0x08001fdc   Section        0  stm32f10x_it.o(.text)
    .text                                    0x08002010   Section        0  hw_config.o(.text)
    .text                                    0x0800234c   Section        0  usb_endp.o(.text)
    .text                                    0x08002384   Section        0  usb_istr.o(.text)
    .text                                    0x080023f8   Section        0  usb_prop.o(.text)
    .text                                    0x08002658   Section        0  usb_pwr.o(.text)
    .text                                    0x080027a0   Section        0  loadfalsh.o(.text)
    ProcessWriteCmd                          0x08002831   Thumb Code   210  loadfalsh.o(.text)
    .text                                    0x080029ec   Section        0  usb_core.o(.text)
    DataStageOut                             0x08002dff   Thumb Code   166  usb_core.o(.text)
    DataStageIn                              0x08002ea5   Thumb Code   166  usb_core.o(.text)
    NoData_Setup0                            0x08002f4b   Thumb Code   302  usb_core.o(.text)
    Data_Setup0                              0x08003079   Thumb Code   676  usb_core.o(.text)
    .text                                    0x0800350c   Section        0  usb_init.o(.text)
    .text                                    0x08003548   Section        0  usb_int.o(.text)
    .text                                    0x0800391c   Section        0  usb_mem.o(.text)
    .text                                    0x08003978   Section        0  usb_regs.o(.text)
    .text                                    0x08004130   Section        0  memseta.o(.text)
    .text                                    0x08004154   Section       36  init.o(.text)
    .text                                    0x08004178   Section        0  __dczerorl2.o(.text)
    i.__scatterload_copy                     0x080041ce   Section       14  handlers.o(i.__scatterload_copy)
    i.__scatterload_null                     0x080041dc   Section        2  handlers.o(i.__scatterload_null)
    i.__scatterload_zeroinit                 0x080041de   Section       14  handlers.o(i.__scatterload_zeroinit)
    .constdata                               0x080041ec   Section      129  usb_desc.o(.constdata)
    .data                                    0x20000000   Section       20  system_stm32f10x.o(.data)
    .data                                    0x20000014   Section       20  stm32f10x_rcc.o(.data)
    APBAHBPrescTable                         0x20000014   Data          16  stm32f10x_rcc.o(.data)
    ADCPrescTable                            0x20000024   Data           4  stm32f10x_rcc.o(.data)
    .data                                    0x20000028   Section        5  main.o(.data)
    .data                                    0x2000002d   Section        1  hw_config.o(.data)
    .data                                    0x2000002e   Section       20  usb_desc.o(.data)
    .data                                    0x20000044   Section        8  usb_endp.o(.data)
    .data                                    0x2000004c   Section       60  usb_istr.o(.data)
    .data                                    0x20000088   Section      148  usb_prop.o(.data)
    .data                                    0x2000011c   Section        7  usb_pwr.o(.data)
    .data                                    0x20000124   Section        4  loadfalsh.o(.data)
    offset                                   0x20000124   Data           4  loadfalsh.o(.data)
    .data                                    0x20000128   Section        3  usb_core.o(.data)
    .data                                    0x2000012c   Section       20  usb_init.o(.data)
    .data                                    0x20000140   Section        4  usb_int.o(.data)
    .bss                                     0x20000144   Section       80  hw_config.o(.bss)
    .bss                                     0x20000194   Section       64  usb_endp.o(.bss)
    .bss                                     0x200001d4   Section       28  usb_init.o(.bss)
    STACK                                    0x200001f0   Section     1024  startup_stm32f10x_md.o(STACK)

    Global Symbols

    Symbol Name                              Value     Ov Type        Size  Object(Section)

    BuildAttributes$$THM_ISAv4$P$D$K$B$S$PE$A:L22UL41UL21$X:L11$S22US41US21$IEEE1$IW$USESV6$~STKCKD$USESV7$~SHL$OSPACE$EBA8$MICROLIB$REQ8$PRES8$EABIv2 0x00000000   Number         0  anon$$obj.o ABSOLUTE
    __ARM_use_no_argv                        0x00000000   Number         0  main.o ABSOLUTE
    __cpp_initialize__aeabi_                  - Undefined Weak Reference
    __cxa_finalize                            - Undefined Weak Reference
    _clock_init                               - Undefined Weak Reference
    _microlib_exit                            - Undefined Weak Reference
    __Vectors_Size                           0x000000ec   Number         0  startup_stm32f10x_md.o ABSOLUTE
    __Vectors                                0x08000000   Data           4  startup_stm32f10x_md.o(RESET)
    __Vectors_End                            0x080000ec   Data           0  startup_stm32f10x_md.o(RESET)
    __main                                   0x080000ed   Thumb Code     0  entry.o(.ARM.Collect$$$$00000000)
    _main_stk                                0x080000ed   Thumb Code     0  entry2.o(.ARM.Collect$$$$00000001)
    _main_scatterload                        0x080000f1   Thumb Code     0  entry5.o(.ARM.Collect$$$$00000004)
    __main_after_scatterload                 0x080000f5   Thumb Code     0  entry5.o(.ARM.Collect$$$$00000004)
    _main_clock                              0x080000f5   Thumb Code     0  entry7b.o(.ARM.Collect$$$$00000008)
    _main_cpp_init                           0x080000f5   Thumb Code     0  entry8b.o(.ARM.Collect$$$$0000000A)
    _main_init                               0x080000f5   Thumb Code     0  entry9a.o(.ARM.Collect$$$$0000000B)
    __rt_final_cpp                           0x080000fd   Thumb Code     0  entry10a.o(.ARM.Collect$$$$0000000D)
    __rt_final_exit                          0x080000fd   Thumb Code     0  entry11a.o(.ARM.Collect$$$$0000000F)
    __get_PSP                                0x08000101   Thumb Code     6  core_cm3.o(.emb_text)
    __set_PSP                                0x08000107   Thumb Code     6  core_cm3.o(.emb_text)
    __get_MSP                                0x0800010d   Thumb Code     6  core_cm3.o(.emb_text)
    __set_MSP                                0x08000113   Thumb Code     6  core_cm3.o(.emb_text)
    __REV16                                  0x08000119   Thumb Code     4  core_cm3.o(.emb_text)
    __REVSH                                  0x0800011d   Thumb Code     4  core_cm3.o(.emb_text)
    SystemInit                               0x080001ff   Thumb Code    78  system_stm32f10x.o(.text)
    SystemCoreClockUpdate                    0x0800024d   Thumb Code   142  system_stm32f10x.o(.text)
    Reset_Handler                            0x08000301   Thumb Code     8  startup_stm32f10x_md.o(.text)
    ADC1_2_IRQHandler                        0x0800031b   Thumb Code     0  startup_stm32f10x_md.o(.text)
    CAN1_RX1_IRQHandler                      0x0800031b   Thumb Code     0  startup_stm32f10x_md.o(.text)
    CAN1_SCE_IRQHandler                      0x0800031b   Thumb Code     0  startup_stm32f10x_md.o(.text)
    DMA1_Channel1_IRQHandler                 0x0800031b   Thumb Code     0  startup_stm32f10x_md.o(.text)
    DMA1_Channel2_IRQHandler                 0x0800031b   Thumb Code     0  startup_stm32f10x_md.o(.text)
    DMA1_Channel3_IRQHandler                 0x0800031b   Thumb Code     0  startup_stm32f10x_md.o(.text)
    DMA1_Channel4_IRQHandler                 0x0800031b   Thumb Code     0  startup_stm32f10x_md.o(.text)
    DMA1_Channel5_IRQHandler                 0x0800031b   Thumb Code     0  startup_stm32f10x_md.o(.text)
    DMA1_Channel6_IRQHandler                 0x0800031b   Thumb Code     0  startup_stm32f10x_md.o(.text)
    DMA1_Channel7_IRQHandler                 0x0800031b   Thumb Code     0  startup_stm32f10x_md.o(.text)
    EXTI0_IRQHandler                         0x0800031b   Thumb Code     0  startup_stm32f10x_md.o(.text)
    EXTI15_10_IRQHandler                     0x0800031b   Thumb Code     0  startup_stm32f10x_md.o(.text)
    EXTI1_IRQHandler                         0x0800031b   Thumb Code     0  startup_stm32f10x_md.o(.text)
    EXTI2_IRQHandler                         0x0800031b   Thumb Code     0  startup_stm32f10x_md.o(.text)
    EXTI3_IRQHandler                         0x0800031b   Thumb Code     0  startup_stm32f10x_md.o(.text)
    EXTI4_IRQHandler                         0x0800031b   Thumb Code     0  startup_stm32f10x_md.o(.text)
    EXTI9_5_IRQHandler                       0x0800031b   Thumb Code     0  startup_stm32f10x_md.o(.text)
    FLASH_IRQHandler                         0x0800031b   Thumb Code     0  startup_stm32f10x_md.o(.text)
    I2C1_ER_IRQHandler                       0x0800031b   Thumb Code     0  startup_stm32f10x_md.o(.text)
    I2C1_EV_IRQHandler                       0x0800031b   Thumb Code     0  startup_stm32f10x_md.o(.text)
    I2C2_ER_IRQHandler                       0x0800031b   Thumb Code     0  startup_stm32f10x_md.o(.text)
    I2C2_EV_IRQHandler                       0x0800031b   Thumb Code     0  startup_stm32f10x_md.o(.text)
    PVD_IRQHandler                           0x0800031b   Thumb Code     0  startup_stm32f10x_md.o(.text)
    RCC_IRQHandler                           0x0800031b   Thumb Code     0  startup_stm32f10x_md.o(.text)
    RTCAlarm_IRQHandler                      0x0800031b   Thumb Code     0  startup_stm32f10x_md.o(.text)
    RTC_IRQHandler                           0x0800031b   Thumb Code     0  startup_stm32f10x_md.o(.text)
    SPI1_IRQHandler                          0x0800031b   Thumb Code     0  startup_stm32f10x_md.o(.text)
    SPI2_IRQHandler                          0x0800031b   Thumb Code     0  startup_stm32f10x_md.o(.text)
    TAMPER_IRQHandler                        0x0800031b   Thumb Code     0  startup_stm32f10x_md.o(.text)
    TIM1_BRK_IRQHandler                      0x0800031b   Thumb Code     0  startup_stm32f10x_md.o(.text)
    TIM1_CC_IRQHandler                       0x0800031b   Thumb Code     0  startup_stm32f10x_md.o(.text)
    TIM1_TRG_COM_IRQHandler                  0x0800031b   Thumb Code     0  startup_stm32f10x_md.o(.text)
    TIM1_UP_IRQHandler                       0x0800031b   Thumb Code     0  startup_stm32f10x_md.o(.text)
    TIM2_IRQHandler                          0x0800031b   Thumb Code     0  startup_stm32f10x_md.o(.text)
    TIM3_IRQHandler                          0x0800031b   Thumb Code     0  startup_stm32f10x_md.o(.text)
    TIM4_IRQHandler                          0x0800031b   Thumb Code     0  startup_stm32f10x_md.o(.text)
    USART2_IRQHandler                        0x0800031b   Thumb Code     0  startup_stm32f10x_md.o(.text)
    USART3_IRQHandler                        0x0800031b   Thumb Code     0  startup_stm32f10x_md.o(.text)
    USBWakeUp_IRQHandler                     0x0800031b   Thumb Code     0  startup_stm32f10x_md.o(.text)
    USB_HP_CAN1_TX_IRQHandler                0x0800031b   Thumb Code     0  startup_stm32f10x_md.o(.text)
    WWDG_IRQHandler                          0x0800031b   Thumb Code     0  startup_stm32f10x_md.o(.text)
    NVIC_PriorityGroupConfig                 0x08000325   Thumb Code    10  misc.o(.text)
    NVIC_Init                                0x0800032f   Thumb Code   100  misc.o(.text)
    NVIC_SetVectorTable                      0x08000393   Thumb Code    14  misc.o(.text)
    NVIC_SystemLPConfig                      0x080003a1   Thumb Code    34  misc.o(.text)
    SysTick_CLKSourceConfig                  0x080003c3   Thumb Code    40  misc.o(.text)
    FLASH_SetLatency                         0x08000401   Thumb Code    18  stm32f10x_flash.o(.text)
    FLASH_HalfCycleAccessCmd                 0x08000413   Thumb Code    22  stm32f10x_flash.o(.text)
    FLASH_PrefetchBufferCmd                  0x08000429   Thumb Code    22  stm32f10x_flash.o(.text)
    FLASH_Unlock                             0x0800043f   Thumb Code    12  stm32f10x_flash.o(.text)
    FLASH_UnlockBank1                        0x0800044b   Thumb Code    12  stm32f10x_flash.o(.text)
    FLASH_Lock                               0x08000457   Thumb Code    14  stm32f10x_flash.o(.text)
    FLASH_LockBank1                          0x08000465   Thumb Code    14  stm32f10x_flash.o(.text)
    FLASH_GetBank1Status                     0x08000473   Thumb Code    48  stm32f10x_flash.o(.text)
    FLASH_WaitForLastOperation               0x080004a3   Thumb Code    38  stm32f10x_flash.o(.text)
    FLASH_ErasePage                          0x080004c9   Thumb Code    72  stm32f10x_flash.o(.text)
    FLASH_EraseAllPages                      0x08000511   Thumb Code    68  stm32f10x_flash.o(.text)
    FLASH_WaitForLastBank1Operation          0x08000555   Thumb Code    38  stm32f10x_flash.o(.text)
    FLASH_EraseAllBank1Pages                 0x0800057b   Thumb Code    68  stm32f10x_flash.o(.text)
    FLASH_GetReadOutProtectionStatus         0x080005bf   Thumb Code    20  stm32f10x_flash.o(.text)
    FLASH_EraseOptionBytes                   0x080005d3   Thumb Code   150  stm32f10x_flash.o(.text)
    FLASH_ProgramWord                        0x08000669   Thumb Code   102  stm32f10x_flash.o(.text)
    FLASH_ProgramHalfWord                    0x080006cf   Thumb Code    60  stm32f10x_flash.o(.text)
    FLASH_ProgramOptionByteData              0x0800070b   Thumb Code    72  stm32f10x_flash.o(.text)
    FLASH_EnableWriteProtection              0x08000753   Thumb Code   200  stm32f10x_flash.o(.text)
    FLASH_ReadOutProtection                  0x0800081b   Thumb Code   156  stm32f10x_flash.o(.text)
    FLASH_UserOptionByteConfig               0x080008b7   Thumb Code    88  stm32f10x_flash.o(.text)
    FLASH_GetUserOptionByte                  0x0800090f   Thumb Code     8  stm32f10x_flash.o(.text)
    FLASH_GetWriteProtectionOptionByte       0x08000917   Thumb Code     6  stm32f10x_flash.o(.text)
    FLASH_GetPrefetchBufferStatus            0x0800091d   Thumb Code    20  stm32f10x_flash.o(.text)
    FLASH_ITConfig                           0x08000931   Thumb Code    26  stm32f10x_flash.o(.text)
    FLASH_GetFlagStatus                      0x0800094b   Thumb Code    42  stm32f10x_flash.o(.text)
    FLASH_ClearFlag                          0x08000975   Thumb Code     6  stm32f10x_flash.o(.text)
    FLASH_GetStatus                          0x0800097b   Thumb Code    48  stm32f10x_flash.o(.text)
    GPIO_DeInit                              0x080009bd   Thumb Code   172  stm32f10x_gpio.o(.text)
    GPIO_AFIODeInit                          0x08000a69   Thumb Code    20  stm32f10x_gpio.o(.text)
    GPIO_Init                                0x08000a7d   Thumb Code   278  stm32f10x_gpio.o(.text)
    GPIO_StructInit                          0x08000b93   Thumb Code    16  stm32f10x_gpio.o(.text)
    GPIO_ReadInputDataBit                    0x08000ba3   Thumb Code    18  stm32f10x_gpio.o(.text)
    GPIO_ReadInputData                       0x08000bb5   Thumb Code     8  stm32f10x_gpio.o(.text)
    GPIO_ReadOutputDataBit                   0x08000bbd   Thumb Code    18  stm32f10x_gpio.o(.text)
    GPIO_ReadOutputData                      0x08000bcf   Thumb Code     8  stm32f10x_gpio.o(.text)
    GPIO_SetBits                             0x08000bd7   Thumb Code     4  stm32f10x_gpio.o(.text)
    GPIO_ResetBits                           0x08000bdb   Thumb Code     4  stm32f10x_gpio.o(.text)
    GPIO_WriteBit                            0x08000bdf   Thumb Code    10  stm32f10x_gpio.o(.text)
    GPIO_Write                               0x08000be9   Thumb Code     4  stm32f10x_gpio.o(.text)
    GPIO_PinLockConfig                       0x08000bed   Thumb Code    18  stm32f10x_gpio.o(.text)
    GPIO_EventOutputConfig                   0x08000bff   Thumb Code    26  stm32f10x_gpio.o(.text)
    GPIO_EventOutputCmd                      0x08000c19   Thumb Code     6  stm32f10x_gpio.o(.text)
    GPIO_PinRemapConfig                      0x08000c1f   Thumb Code   138  stm32f10x_gpio.o(.text)
    GPIO_EXTILineConfig                      0x08000ca9   Thumb Code    66  stm32f10x_gpio.o(.text)
    GPIO_ETH_MediaInterfaceConfig            0x08000ceb   Thumb Code     8  stm32f10x_gpio.o(.text)
    RCC_DeInit                               0x08000d19   Thumb Code    64  stm32f10x_rcc.o(.text)
    RCC_HSEConfig                            0x08000d59   Thumb Code    70  stm32f10x_rcc.o(.text)
    RCC_GetFlagStatus                        0x08000d9f   Thumb Code    56  stm32f10x_rcc.o(.text)
    RCC_WaitForHSEStartUp                    0x08000dd7   Thumb Code    56  stm32f10x_rcc.o(.text)
    RCC_AdjustHSICalibrationValue            0x08000e0f   Thumb Code    20  stm32f10x_rcc.o(.text)
    RCC_HSICmd                               0x08000e23   Thumb Code     6  stm32f10x_rcc.o(.text)
    RCC_PLLConfig                            0x08000e29   Thumb Code    24  stm32f10x_rcc.o(.text)
    RCC_PLLCmd                               0x08000e41   Thumb Code     6  stm32f10x_rcc.o(.text)
    RCC_SYSCLKConfig                         0x08000e47   Thumb Code    18  stm32f10x_rcc.o(.text)
    RCC_GetSYSCLKSource                      0x08000e59   Thumb Code    10  stm32f10x_rcc.o(.text)
    RCC_HCLKConfig                           0x08000e63   Thumb Code    18  stm32f10x_rcc.o(.text)
    RCC_PCLK1Config                          0x08000e75   Thumb Code    18  stm32f10x_rcc.o(.text)
    RCC_PCLK2Config                          0x08000e87   Thumb Code    20  stm32f10x_rcc.o(.text)
    RCC_ITConfig                             0x08000e9b   Thumb Code    26  stm32f10x_rcc.o(.text)
    RCC_USBCLKConfig                         0x08000eb5   Thumb Code     8  stm32f10x_rcc.o(.text)
    RCC_ADCCLKConfig                         0x08000ebd   Thumb Code    18  stm32f10x_rcc.o(.text)
    RCC_LSEConfig                            0x08000ecf   Thumb Code    50  stm32f10x_rcc.o(.text)
    RCC_LSICmd                               0x08000f01   Thumb Code     6  stm32f10x_rcc.o(.text)
    RCC_RTCCLKConfig                         0x08000f07   Thumb Code    12  stm32f10x_rcc.o(.text)
    RCC_RTCCLKCmd                            0x08000f13   Thumb Code     8  stm32f10x_rcc.o(.text)
    RCC_GetClocksFreq                        0x08000f1b   Thumb Code   192  stm32f10x_rcc.o(.text)
    RCC_AHBPeriphClockCmd                    0x08000fdb   Thumb Code    26  stm32f10x_rcc.o(.text)
    RCC_APB2PeriphClockCmd                   0x08000ff5   Thumb Code    26  stm32f10x_rcc.o(.text)
    RCC_APB1PeriphClockCmd                   0x0800100f   Thumb Code    26  stm32f10x_rcc.o(.text)
    RCC_APB2PeriphResetCmd                   0x08001029   Thumb Code    26  stm32f10x_rcc.o(.text)
    RCC_APB1PeriphResetCmd                   0x08001043   Thumb Code    26  stm32f10x_rcc.o(.text)
    RCC_BackupResetCmd                       0x0800105d   Thumb Code     8  stm32f10x_rcc.o(.text)
    RCC_ClockSecuritySystemCmd               0x08001065   Thumb Code     6  stm32f10x_rcc.o(.text)
    RCC_MCOConfig                            0x0800106b   Thumb Code     6  stm32f10x_rcc.o(.text)
    RCC_ClearFlag                            0x08001071   Thumb Code    14  stm32f10x_rcc.o(.text)
    RCC_GetITStatus                          0x0800107f   Thumb Code    20  stm32f10x_rcc.o(.text)
    RCC_ClearITPendingBit                    0x08001093   Thumb Code     6  stm32f10x_rcc.o(.text)
    USART_DeInit                             0x080010bd   Thumb Code   134  stm32f10x_usart.o(.text)
    USART_Init                               0x08001143   Thumb Code   210  stm32f10x_usart.o(.text)
    USART_StructInit                         0x08001215   Thumb Code    24  stm32f10x_usart.o(.text)
    USART_ClockInit                          0x0800122d   Thumb Code    34  stm32f10x_usart.o(.text)
    USART_ClockStructInit                    0x0800124f   Thumb Code    12  stm32f10x_usart.o(.text)
    USART_Cmd                                0x0800125b   Thumb Code    24  stm32f10x_usart.o(.text)
    USART_ITConfig                           0x08001273   Thumb Code    74  stm32f10x_usart.o(.text)
    USART_DMACmd                             0x080012bd   Thumb Code    18  stm32f10x_usart.o(.text)
    USART_SetAddress                         0x080012cf   Thumb Code    18  stm32f10x_usart.o(.text)
    USART_WakeUpConfig                       0x080012e1   Thumb Code    18  stm32f10x_usart.o(.text)
    USART_ReceiverWakeUpCmd                  0x080012f3   Thumb Code    24  stm32f10x_usart.o(.text)
    USART_LINBreakDetectLengthConfig         0x0800130b   Thumb Code    18  stm32f10x_usart.o(.text)
    USART_LINCmd                             0x0800131d   Thumb Code    24  stm32f10x_usart.o(.text)
    USART_SendData                           0x08001335   Thumb Code     8  stm32f10x_usart.o(.text)
    USART_ReceiveData                        0x0800133d   Thumb Code    10  stm32f10x_usart.o(.text)
    USART_SendBreak                          0x08001347   Thumb Code    10  stm32f10x_usart.o(.text)
    USART_SetGuardTime                       0x08001351   Thumb Code    16  stm32f10x_usart.o(.text)
    USART_SetPrescaler                       0x08001361   Thumb Code    16  stm32f10x_usart.o(.text)
    USART_SmartCardCmd                       0x08001371   Thumb Code    24  stm32f10x_usart.o(.text)
    USART_SmartCardNACKCmd                   0x08001389   Thumb Code    24  stm32f10x_usart.o(.text)
    USART_HalfDuplexCmd                      0x080013a1   Thumb Code    24  stm32f10x_usart.o(.text)
    USART_OverSampling8Cmd                   0x080013b9   Thumb Code    22  stm32f10x_usart.o(.text)
    USART_OneBitMethodCmd                    0x080013cf   Thumb Code    24  stm32f10x_usart.o(.text)
    USART_IrDAConfig                         0x080013e7   Thumb Code    18  stm32f10x_usart.o(.text)
    USART_IrDACmd                            0x080013f9   Thumb Code    24  stm32f10x_usart.o(.text)
    USART_GetFlagStatus                      0x08001411   Thumb Code    26  stm32f10x_usart.o(.text)
    USART_ClearFlag                          0x0800142b   Thumb Code    18  stm32f10x_usart.o(.text)
    USART_GetITStatus                        0x0800143d   Thumb Code    84  stm32f10x_usart.o(.text)
    USART_ClearITPendingBit                  0x08001491   Thumb Code    52  stm32f10x_usart.o(.text)
    CAN_DeInit                               0x080014c5   Thumb Code    50  stm32f10x_can.o(.text)
    CAN_Init                                 0x080014f7   Thumb Code   276  stm32f10x_can.o(.text)
    CAN_FilterInit                           0x0800160b   Thumb Code   258  stm32f10x_can.o(.text)
    CAN_StructInit                           0x0800170d   Thumb Code    32  stm32f10x_can.o(.text)
    CAN_SlaveStartBank                       0x0800172d   Thumb Code    48  stm32f10x_can.o(.text)
    CAN_DBGFreeze                            0x0800175d   Thumb Code    22  stm32f10x_can.o(.text)
    CAN_TTComModeCmd                         0x08001773   Thumb Code   118  stm32f10x_can.o(.text)
    CAN_Transmit                             0x080017e9   Thumb Code   304  stm32f10x_can.o(.text)
    CAN_TransmitStatus                       0x08001919   Thumb Code   138  stm32f10x_can.o(.text)
    CAN_CancelTransmit                       0x080019a3   Thumb Code    48  stm32f10x_can.o(.text)
    CAN_Receive                              0x080019d3   Thumb Code   240  stm32f10x_can.o(.text)
    CAN_FIFORelease                          0x08001ac3   Thumb Code    22  stm32f10x_can.o(.text)
    CAN_MessagePending                       0x08001ad9   Thumb Code    30  stm32f10x_can.o(.text)
    CAN_OperatingModeRequest                 0x08001af7   Thumb Code   162  stm32f10x_can.o(.text)
    CAN_Sleep                                0x08001b99   Thumb Code    30  stm32f10x_can.o(.text)
    CAN_WakeUp                               0x08001bb7   Thumb Code    48  stm32f10x_can.o(.text)
    CAN_GetLastErrorCode                     0x08001be7   Thumb Code    12  stm32f10x_can.o(.text)
    CAN_GetReceiveErrorCounter               0x08001bf3   Thumb Code    10  stm32f10x_can.o(.text)
    CAN_GetLSBTransmitErrorCounter           0x08001bfd   Thumb Code    12  stm32f10x_can.o(.text)
    CAN_ITConfig                             0x08001c09   Thumb Code    18  stm32f10x_can.o(.text)
    CAN_GetFlagStatus                        0x08001c1b   Thumb Code   120  stm32f10x_can.o(.text)
    CAN_ClearFlag                            0x08001c93   Thumb Code    52  stm32f10x_can.o(.text)
    CAN_GetITStatus                          0x08001cd9   Thumb Code   310  stm32f10x_can.o(.text)
    CAN_ClearITPendingBit                    0x08001e0f   Thumb Code   162  stm32f10x_can.o(.text)
    LED_IO_Config                            0x08001eb5   Thumb Code    40  main.o(.text)
    main                                     0x08001edd   Thumb Code   100  main.o(.text)
    ModBus_CRC16                             0x08001f41   Thumb Code    54  main.o(.text)
    USB_Send_Data                            0x08001f77   Thumb Code    72  main.o(.text)
    NMI_Handler                              0x08001fdd   Thumb Code     2  stm32f10x_it.o(.text)
    HardFault_Handler                        0x08001fdf   Thumb Code     4  stm32f10x_it.o(.text)
    MemManage_Handler                        0x08001fe3   Thumb Code     4  stm32f10x_it.o(.text)
    BusFault_Handler                         0x08001fe7   Thumb Code     4  stm32f10x_it.o(.text)
    UsageFault_Handler                       0x08001feb   Thumb Code     4  stm32f10x_it.o(.text)
    SVC_Handler                              0x08001fef   Thumb Code     2  stm32f10x_it.o(.text)
    DebugMon_Handler                         0x08001ff1   Thumb Code     2  stm32f10x_it.o(.text)
    PendSV_Handler                           0x08001ff3   Thumb Code     2  stm32f10x_it.o(.text)
    SysTick_Handler                          0x08001ff5   Thumb Code     2  stm32f10x_it.o(.text)
    USART1_IRQHandler                        0x08001ff7   Thumb Code    14  stm32f10x_it.o(.text)
    USB_LP_CAN1_RX0_IRQHandler               0x08002005   Thumb Code     8  stm32f10x_it.o(.text)
    Set_System                               0x08002011   Thumb Code   218  hw_config.o(.text)
    Set_USBClock                             0x080020eb   Thumb Code    18  hw_config.o(.text)
    Enter_LowPowerMode                       0x080020fd   Thumb Code     8  hw_config.o(.text)
    Leave_LowPowerMode                       0x08002105   Thumb Code    22  hw_config.o(.text)
    USB_Interrupts_Config                    0x0800211b   Thumb Code    50  hw_config.o(.text)
    USB_Cable_Config                         0x0800214d   Thumb Code    26  hw_config.o(.text)
    USART_Config_Default                     0x08002167   Thumb Code    50  hw_config.o(.text)
    USART_Config                             0x08002199   Thumb Code   200  hw_config.o(.text)
    USB_To_USART_Send_Data                   0x08002261   Thumb Code    40  hw_config.o(.text)
    USART_To_USB_Send_Data                   0x08002289   Thumb Code    98  hw_config.o(.text)
    Get_SerialNum                            0x080022eb   Thumb Code    50  hw_config.o(.text)
    EP3_OUT_Callback                         0x0800234d   Thumb Code    36  usb_endp.o(.text)
    EP1_IN_Callback                          0x08002371   Thumb Code     8  usb_endp.o(.text)
    USB_Istr                                 0x08002385   Thumb Code    96  usb_istr.o(.text)
    Virtual_Com_Port_init                    0x080023f9   Thumb Code    54  usb_prop.o(.text)
    Virtual_Com_Port_Reset                   0x0800242f   Thumb Code   216  usb_prop.o(.text)
    Virtual_Com_Port_SetConfiguration        0x08002507   Thumb Code    14  usb_prop.o(.text)
    Virtual_Com_Port_SetDeviceAddress        0x08002515   Thumb Code     8  usb_prop.o(.text)
    Virtual_Com_Port_Status_In               0x0800251d   Thumb Code    22  usb_prop.o(.text)
    Virtual_Com_Port_Status_Out              0x08002533   Thumb Code     2  usb_prop.o(.text)
    Virtual_Com_Port_SetLineCoding           0x08002535   Thumb Code    20  usb_prop.o(.text)
    Virtual_Com_Port_GetLineCoding           0x08002549   Thumb Code    20  usb_prop.o(.text)
    Virtual_Com_Port_Data_Setup              0x0800255d   Thumb Code    86  usb_prop.o(.text)
    Virtual_Com_Port_NoData_Setup            0x080025b3   Thumb Code    36  usb_prop.o(.text)
    Virtual_Com_Port_GetDeviceDescriptor     0x080025d7   Thumb Code    14  usb_prop.o(.text)
    Virtual_Com_Port_GetConfigDescriptor     0x080025e5   Thumb Code    14  usb_prop.o(.text)
    Virtual_Com_Port_GetStringDescriptor     0x080025f3   Thumb Code    32  usb_prop.o(.text)
    Virtual_Com_Port_Get_Interface_Setting   0x08002613   Thumb Code    22  usb_prop.o(.text)
    PowerOn                                  0x08002659   Thumb Code    54  usb_pwr.o(.text)
    PowerOff                                 0x0800268f   Thumb Code    28  usb_pwr.o(.text)
    Suspend                                  0x080026ab   Thumb Code    34  usb_pwr.o(.text)
    Resume_Init                              0x080026cd   Thumb Code    30  usb_pwr.o(.text)
    Resume                                   0x080026eb   Thumb Code   168  usb_pwr.o(.text)
    EraseOnePage                             0x080027a1   Thumb Code    18  loadfalsh.o(.text)
    ErasePageRange                           0x080027b3   Thumb Code    84  loadfalsh.o(.text)
    JumpToApplication                        0x08002807   Thumb Code    42  loadfalsh.o(.text)
    ProcessMsg                               0x08002903   Thumb Code   214  loadfalsh.o(.text)
    Standard_GetConfiguration                0x080029ed   Thumb Code    34  usb_core.o(.text)
    Standard_SetConfiguration                0x08002a0f   Thumb Code    60  usb_core.o(.text)
    Standard_GetInterface                    0x08002a4b   Thumb Code    34  usb_core.o(.text)
    Standard_SetInterface                    0x08002a6d   Thumb Code    96  usb_core.o(.text)
    Standard_GetStatus                       0x08002acd   Thumb Code   224  usb_core.o(.text)
    Standard_ClearFeature                    0x08002bad   Thumb Code   326  usb_core.o(.text)
    Standard_SetEndPointFeature              0x08002cf3   Thumb Code   176  usb_core.o(.text)
    Standard_SetDeviceFeature                0x08002da3   Thumb Code    30  usb_core.o(.text)
    Standard_GetDescriptorData               0x08002dc1   Thumb Code    62  usb_core.o(.text)
    Post0_Process                            0x0800331d   Thumb Code    54  usb_core.o(.text)
    Setup0_Process                           0x08003353   Thumb Code   162  usb_core.o(.text)
    SetDeviceAddress                         0x080033f5   Thumb Code    64  usb_core.o(.text)
    In0_Process                              0x08003435   Thumb Code    98  usb_core.o(.text)
    Out0_Process                             0x08003497   Thumb Code    70  usb_core.o(.text)
    NOP_Process                              0x080034dd   Thumb Code     2  usb_core.o(.text)
    USB_Init                                 0x0800350d   Thumb Code    36  usb_init.o(.text)
    CTR_LP                                   0x08003549   Thumb Code   774  usb_int.o(.text)
    CTR_HP                                   0x0800384f   Thumb Code   174  usb_int.o(.text)
    UserToPMABufferCopy                      0x0800391d   Thumb Code    52  usb_mem.o(.text)
    PMAToUserBufferCopy                      0x08003951   Thumb Code    34  usb_mem.o(.text)
    SetCNTR                                  0x08003979   Thumb Code     6  usb_regs.o(.text)
    GetCNTR                                  0x0800397f   Thumb Code     8  usb_regs.o(.text)
    SetISTR                                  0x08003987   Thumb Code     8  usb_regs.o(.text)
    GetISTR                                  0x0800398f   Thumb Code    10  usb_regs.o(.text)
    GetFNR                                   0x08003999   Thumb Code    10  usb_regs.o(.text)
    SetDADDR                                 0x080039a3   Thumb Code     8  usb_regs.o(.text)
    GetDADDR                                 0x080039ab   Thumb Code    10  usb_regs.o(.text)
    SetBTABLE                                0x080039b5   Thumb Code    14  usb_regs.o(.text)
    GetBTABLE                                0x080039c3   Thumb Code    10  usb_regs.o(.text)
    SetENDPOINT                              0x080039cd   Thumb Code    12  usb_regs.o(.text)
    GetENDPOINT                              0x080039d9   Thumb Code    16  usb_regs.o(.text)
    SetEPType                                0x080039e9   Thumb Code    32  usb_regs.o(.text)
    GetEPType                                0x08003a09   Thumb Code    18  usb_regs.o(.text)
    SetEPTxStatus                            0x08003a1b   Thumb Code    52  usb_regs.o(.text)
    SetEPRxStatus                            0x08003a4f   Thumb Code    52  usb_regs.o(.text)
    SetDouBleBuffEPStall                     0x08003a83   Thumb Code    54  usb_regs.o(.text)
    GetEPTxStatus                            0x08003ab9   Thumb Code    18  usb_regs.o(.text)
    GetEPRxStatus                            0x08003acb   Thumb Code    18  usb_regs.o(.text)
    SetEPTxValid                             0x08003add   Thumb Code    38  usb_regs.o(.text)
    SetEPRxValid                             0x08003b03   Thumb Code    38  usb_regs.o(.text)
    SetEP_KIND                               0x08003b29   Thumb Code    32  usb_regs.o(.text)
    ClearEP_KIND                             0x08003b49   Thumb Code    28  usb_regs.o(.text)
    Clear_Status_Out                         0x08003b65   Thumb Code    28  usb_regs.o(.text)
    Set_Status_Out                           0x08003b81   Thumb Code    32  usb_regs.o(.text)
    SetEPDoubleBuff                          0x08003ba1   Thumb Code    32  usb_regs.o(.text)
    ClearEPDoubleBuff                        0x08003bc1   Thumb Code    28  usb_regs.o(.text)
    GetTxStallStatus                         0x08003bdd   Thumb Code    28  usb_regs.o(.text)
    GetRxStallStatus                         0x08003bf9   Thumb Code    30  usb_regs.o(.text)
    ClearEP_CTR_RX                           0x08003c17   Thumb Code    32  usb_regs.o(.text)
    ClearEP_CTR_TX                           0x08003c37   Thumb Code    28  usb_regs.o(.text)
    ToggleDTOG_RX                            0x08003c53   Thumb Code    32  usb_regs.o(.text)
    ToggleDTOG_TX                            0x08003c73   Thumb Code    32  usb_regs.o(.text)
    ClearDTOG_RX                             0x08003c93   Thumb Code    46  usb_regs.o(.text)
    ClearDTOG_TX                             0x08003cc1   Thumb Code    46  usb_regs.o(.text)
    SetEPAddress                             0x08003cef   Thumb Code    32  usb_regs.o(.text)
    GetEPAddress                             0x08003d0f   Thumb Code    18  usb_regs.o(.text)
    SetEPTxAddr                              0x08003d21   Thumb Code    26  usb_regs.o(.text)
    SetEPRxAddr                              0x08003d3b   Thumb Code    42  usb_regs.o(.text)
    GetEPTxAddr                              0x08003d65   Thumb Code    22  usb_regs.o(.text)
    GetEPRxAddr                              0x08003d7b   Thumb Code    24  usb_regs.o(.text)
    SetEPTxCount                             0x08003d93   Thumb Code    20  usb_regs.o(.text)
    SetEPCountRxReg                          0x08003da7   Thumb Code    48  usb_regs.o(.text)
    SetEPRxCount                             0x08003dd7   Thumb Code    68  usb_regs.o(.text)
    GetEPTxCount                             0x08003e1b   Thumb Code    26  usb_regs.o(.text)
    GetEPRxCount                             0x08003e35   Thumb Code    26  usb_regs.o(.text)
    SetEPDblBuffAddr                         0x08003e4f   Thumb Code    44  usb_regs.o(.text)
    SetEPDblBuf0Addr                         0x08003e7b   Thumb Code    24  usb_regs.o(.text)
    SetEPDblBuf1Addr                         0x08003e93   Thumb Code    26  usb_regs.o(.text)
    GetEPDblBuf0Addr                         0x08003ead   Thumb Code    22  usb_regs.o(.text)
    GetEPDblBuf1Addr                         0x08003ec3   Thumb Code    24  usb_regs.o(.text)
    SetEPDblBuffCount                        0x08003edb   Thumb Code   186  usb_regs.o(.text)
    SetEPDblBuf0Count                        0x08003f95   Thumb Code    96  usb_regs.o(.text)
    SetEPDblBuf1Count                        0x08003ff5   Thumb Code    96  usb_regs.o(.text)
    GetEPDblBuf0Count                        0x08004055   Thumb Code    26  usb_regs.o(.text)
    GetEPDblBuf1Count                        0x0800406f   Thumb Code    26  usb_regs.o(.text)
    GetEPDblBufDir                           0x08004089   Thumb Code    62  usb_regs.o(.text)
    FreeUserBuffer                           0x080040c7   Thumb Code    74  usb_regs.o(.text)
    ToWord                                   0x08004111   Thumb Code     8  usb_regs.o(.text)
    ByteSwap                                 0x08004119   Thumb Code    12  usb_regs.o(.text)
    __aeabi_memset                           0x08004131   Thumb Code    14  memseta.o(.text)
    __aeabi_memset4                          0x08004131   Thumb Code     0  memseta.o(.text)
    __aeabi_memset8                          0x08004131   Thumb Code     0  memseta.o(.text)
    __aeabi_memclr                           0x0800413f   Thumb Code     4  memseta.o(.text)
    __aeabi_memclr4                          0x0800413f   Thumb Code     0  memseta.o(.text)
    __aeabi_memclr8                          0x0800413f   Thumb Code     0  memseta.o(.text)
    _memset$wrapper                          0x08004143   Thumb Code    18  memseta.o(.text)
    __scatterload                            0x08004155   Thumb Code    28  init.o(.text)
    __scatterload_rt2                        0x08004155   Thumb Code     0  init.o(.text)
    __decompress                             0x08004179   Thumb Code     0  __dczerorl2.o(.text)
    __decompress1                            0x08004179   Thumb Code    86  __dczerorl2.o(.text)
    __scatterload_copy                       0x080041cf   Thumb Code    14  handlers.o(i.__scatterload_copy)
    __scatterload_null                       0x080041dd   Thumb Code     2  handlers.o(i.__scatterload_null)
    __scatterload_zeroinit                   0x080041df   Thumb Code    14  handlers.o(i.__scatterload_zeroinit)
    Virtual_Com_Port_DeviceDescriptor        0x080041ec   Data          18  usb_desc.o(.constdata)
    Virtual_Com_Port_ConfigDescriptor        0x080041fe   Data          67  usb_desc.o(.constdata)
    Virtual_Com_Port_StringLangID            0x08004241   Data           4  usb_desc.o(.constdata)
    Virtual_Com_Port_StringVendor            0x08004245   Data          20  usb_desc.o(.constdata)
    Virtual_Com_Port_StringProduct           0x08004259   Data          20  usb_desc.o(.constdata)
    Region$$Table$$Base                      0x08004270   Number         0  anon$$obj.o(Region$$Table)
    Region$$Table$$Limit                     0x08004290   Number         0  anon$$obj.o(Region$$Table)
    SystemCoreClock                          0x20000000   Data           4  system_stm32f10x.o(.data)
    AHBPrescTable                            0x20000004   Data          16  system_stm32f10x.o(.data)
    BinFileSize                              0x20000028   Data           4  main.o(.data)
    LED_Status                               0x2000002c   Data           1  main.o(.data)
    HSEStartUpStatus                         0x2000002d   Data           1  hw_config.o(.data)
    Virtual_Com_Port_StringSerial            0x2000002e   Data          20  usb_desc.o(.data)
    count_out                                0x20000044   Data           4  usb_endp.o(.data)
    count_in                                 0x20000048   Data           4  usb_endp.o(.data)
    wIstr                                    0x2000004c   Data           2  usb_istr.o(.data)
    bIntPackSOF                              0x2000004e   Data           1  usb_istr.o(.data)
    pEpInt_IN                                0x20000050   Data          28  usb_istr.o(.data)
    pEpInt_OUT                               0x2000006c   Data          28  usb_istr.o(.data)
    Request                                  0x20000088   Data           1  usb_prop.o(.data)
    linecoding                               0x2000008c   Data           8  usb_prop.o(.data)
    Device_Table                             0x20000094   Data           2  usb_prop.o(.data)
    Device_Property                          0x20000098   Data          48  usb_prop.o(.data)
    User_Standard_Requests                   0x200000c8   Data          36  usb_prop.o(.data)
    Device_Descriptor                        0x200000ec   Data           8  usb_prop.o(.data)
    Config_Descriptor                        0x200000f4   Data           8  usb_prop.o(.data)
    String_Descriptor                        0x200000fc   Data          32  usb_prop.o(.data)
    bDeviceState                             0x2000011c   Data           4  usb_pwr.o(.data)
    fSuspendEnabled                          0x20000120   Data           1  usb_pwr.o(.data)
    ResumeS                                  0x20000121   Data           2  usb_pwr.o(.data)
    StatusInfo                               0x20000128   Data           2  usb_core.o(.data)
    Data_Mul_MaxPacketSize                   0x2000012a   Data           1  usb_core.o(.data)
    EPindex                                  0x2000012c   Data           1  usb_init.o(.data)
    pInformation                             0x20000130   Data           4  usb_init.o(.data)
    pProperty                                0x20000134   Data           4  usb_init.o(.data)
    SaveState                                0x20000138   Data           2  usb_init.o(.data)
    wInterrupt_Mask                          0x2000013a   Data           2  usb_init.o(.data)
    pUser_Standard_Requests                  0x2000013c   Data           4  usb_init.o(.data)
    SaveRState                               0x20000140   Data           2  usb_int.o(.data)
    SaveTState                               0x20000142   Data           2  usb_int.o(.data)
    USART_InitStructure                      0x20000144   Data          16  hw_config.o(.bss)
    buffer_in                                0x20000154   Data          64  hw_config.o(.bss)
    buffer_out                               0x20000194   Data          64  usb_endp.o(.bss)
    Device_Info                              0x200001d4   Data          28  usb_init.o(.bss)
    __initial_sp                             0x200005f0   Data           0  startup_stm32f10x_md.o(STACK)



==============================================================================

Memory Map of the image

  Image Entry point : 0x080000ed

  Load Region LR_IROM1 (Base: 0x08000000, Size: 0x000043d4, Max: 0x00005000, ABSOLUTE, COMPRESSED[0x00004328])

    Execution Region ER_IROM1 (Base: 0x08000000, Size: 0x00004290, Max: 0x00005000, ABSOLUTE)

    Base Addr    Size         Type   Attr      Idx    E Section Name        Object

    0x08000000   0x000000ec   Data   RO          116    RESET               startup_stm32f10x_md.o
    0x080000ec   0x00000000   Code   RO          632  * .ARM.Collect$$$$00000000  mc_w.l(entry.o)
    0x080000ec   0x00000004   Code   RO          637    .ARM.Collect$$$$00000001  mc_w.l(entry2.o)
    0x080000f0   0x00000004   Code   RO          640    .ARM.Collect$$$$00000004  mc_w.l(entry5.o)
    0x080000f4   0x00000000   Code   RO          642    .ARM.Collect$$$$00000008  mc_w.l(entry7b.o)
    0x080000f4   0x00000000   Code   RO          644    .ARM.Collect$$$$0000000A  mc_w.l(entry8b.o)
    0x080000f4   0x00000008   Code   RO          645    .ARM.Collect$$$$0000000B  mc_w.l(entry9a.o)
    0x080000fc   0x00000000   Code   RO          647    .ARM.Collect$$$$0000000D  mc_w.l(entry10a.o)
    0x080000fc   0x00000000   Code   RO          649    .ARM.Collect$$$$0000000F  mc_w.l(entry11a.o)
    0x080000fc   0x00000004   Code   RO          638    .ARM.Collect$$$$00002712  mc_w.l(entry2.o)
    0x08000100   0x00000020   Code   RO            1    .emb_text           core_cm3.o
    0x08000120   0x000001e0   Code   RO           17    .text               system_stm32f10x.o
    0x08000300   0x00000024   Code   RO          117    .text               startup_stm32f10x_md.o
    0x08000324   0x000000dc   Code   RO          121    .text               misc.o
    0x08000400   0x000005bc   Code   RO          209    .text               stm32f10x_flash.o
    0x080009bc   0x0000035c   Code   RO          221    .text               stm32f10x_gpio.o
    0x08000d18   0x000003a4   Code   RO          245    .text               stm32f10x_rcc.o
    0x080010bc   0x00000408   Code   RO          307    .text               stm32f10x_usart.o
    0x080014c4   0x000009f0   Code   RO          331    .text               stm32f10x_can.o
    0x08001eb4   0x00000128   Code   RO          343    .text               main.o
    0x08001fdc   0x00000034   Code   RO          403    .text               stm32f10x_it.o
    0x08002010   0x0000033c   Code   RO          421    .text               hw_config.o
    0x0800234c   0x00000038   Code   RO          454    .text               usb_endp.o
    0x08002384   0x00000074   Code   RO          470    .text               usb_istr.o
    0x080023f8   0x00000260   Code   RO          488    .text               usb_prop.o
    0x08002658   0x00000148   Code   RO          511    .text               usb_pwr.o
    0x080027a0   0x0000024c   Code   RO          529    .text               loadfalsh.o
    0x080029ec   0x00000b20   Code   RO          546    .text               usb_core.o
    0x0800350c   0x0000003c   Code   RO          561    .text               usb_init.o
    0x08003548   0x000003d4   Code   RO          584    .text               usb_int.o
    0x0800391c   0x0000005c   Code   RO          608    .text               usb_mem.o
    0x08003978   0x000007b8   Code   RO          620    .text               usb_regs.o
    0x08004130   0x00000024   Code   RO          635    .text               mc_w.l(memseta.o)
    0x08004154   0x00000024   Code   RO          651    .text               mc_w.l(init.o)
    0x08004178   0x00000056   Code   RO          661    .text               mc_w.l(__dczerorl2.o)
    0x080041ce   0x0000000e   Code   RO          655    i.__scatterload_copy  mc_w.l(handlers.o)
    0x080041dc   0x00000002   Code   RO          656    i.__scatterload_null  mc_w.l(handlers.o)
    0x080041de   0x0000000e   Code   RO          657    i.__scatterload_zeroinit  mc_w.l(handlers.o)
    0x080041ec   0x00000081   Data   RO          441    .constdata          usb_desc.o
    0x0800426d   0x00000003   PAD
    0x08004270   0x00000020   Data   RO          653    Region$$Table       anon$$obj.o


    Execution Region RW_IRAM1 (Base: 0x20000000, Size: 0x000005f0, Max: 0x00005000, ABSOLUTE, COMPRESSED[0x00000098])

    Base Addr    Size         Type   Attr      Idx    E Section Name        Object

    0x20000000   0x00000014   Data   RW           18    .data               system_stm32f10x.o
    0x20000014   0x00000014   Data   RW          246    .data               stm32f10x_rcc.o
    0x20000028   0x00000005   Data   RW          344    .data               main.o
    0x2000002d   0x00000001   Data   RW          423    .data               hw_config.o
    0x2000002e   0x00000014   Data   RW          442    .data               usb_desc.o
    0x20000042   0x00000002   PAD
    0x20000044   0x00000008   Data   RW          456    .data               usb_endp.o
    0x2000004c   0x0000003c   Data   RW          471    .data               usb_istr.o
    0x20000088   0x00000094   Data   RW          489    .data               usb_prop.o
    0x2000011c   0x00000007   Data   RW          512    .data               usb_pwr.o
    0x20000123   0x00000001   PAD
    0x20000124   0x00000004   Data   RW          530    .data               loadfalsh.o
    0x20000128   0x00000003   Data   RW          547    .data               usb_core.o
    0x2000012b   0x00000001   PAD
    0x2000012c   0x00000014   Data   RW          563    .data               usb_init.o
    0x20000140   0x00000004   Data   RW          585    .data               usb_int.o
    0x20000144   0x00000050   Zero   RW          422    .bss                hw_config.o
    0x20000194   0x00000040   Zero   RW          455    .bss                usb_endp.o
    0x200001d4   0x0000001c   Zero   RW          562    .bss                usb_init.o
    0x200001f0   0x00000400   Zero   RW          114    STACK               startup_stm32f10x_md.o


==============================================================================

Image component sizes


      Code (inc. data)   RO Data    RW Data    ZI Data      Debug   Object Name

        32          0          0          0          0       4808   core_cm3.o
       828         48          0          1         80       4420   hw_config.o
       588         26          0          4          0       3417   loadfalsh.o
       296         30          0          5          0      13551   main.o
       220         22          0          0          0       1693   misc.o
        36          8        236          0       1024        780   startup_stm32f10x_md.o
      2544         38          0          0          0       7748   stm32f10x_can.o
      1468         34          0          0          0       7930   stm32f10x_flash.o
       860         38          0          0          0       5541   stm32f10x_gpio.o
        52          4          0          0          0       1495   stm32f10x_it.o
       932         36          0         20          0       8668   stm32f10x_rcc.o
      1032         22          0          0          0       8264   stm32f10x_usart.o
       480         38          0         20          0     242523   system_stm32f10x.o
      2848        112          0          3          0       7919   usb_core.o
         0          0        129         20          0        983   usb_desc.o
        56         12          0          8         64       1203   usb_endp.o
        60         24          0         20         28       3854   usb_init.o
       980         32          0          4          0       1744   usb_int.o
       116         20          0         60          0       1120   usb_istr.o
        92          6          0          0          0       1274   usb_mem.o
       608         48          0        148          0       7107   usb_prop.o
       328         22          0          7          0       2377   usb_pwr.o
      1976         26          0          0          0      11517   usb_regs.o

    ----------------------------------------------------------------------
     16432        646        400        324       1196     349936   Object Totals
         0          0         32          0          0          0   (incl. Generated)
         0          0          3          4          0          0   (incl. Padding)

    ----------------------------------------------------------------------

      Code (inc. data)   RO Data    RW Data    ZI Data      Debug   Library Member Name

        86          0          0          0          0          0   __dczerorl2.o
         0          0          0          0          0          0   entry.o
         0          0          0          0          0          0   entry10a.o
         0          0          0          0          0          0   entry11a.o
         8          4          0          0          0          0   entry2.o
         4          0          0          0          0          0   entry5.o
         0          0          0          0          0          0   entry7b.o
         0          0          0          0          0          0   entry8b.o
         8          4          0          0          0          0   entry9a.o
        30          0          0          0          0          0   handlers.o
        36          8          0          0          0         68   init.o
        36          0          0          0          0        108   memseta.o

    ----------------------------------------------------------------------
       208         16          0          0          0        176   Library Totals
         0          0          0          0          0          0   (incl. Padding)

    ----------------------------------------------------------------------

      Code (inc. data)   RO Data    RW Data    ZI Data      Debug   Library Name

       208         16          0          0          0        176   mc_w.l

    ----------------------------------------------------------------------
       208         16          0          0          0        176   Library Totals

    ----------------------------------------------------------------------

==============================================================================


      Code (inc. data)   RO Data    RW Data    ZI Data      Debug   

     16640        662        400        324       1196     348264   Grand Totals
     16640        662        400        152       1196     348264   ELF Image Totals (compressed)
     16640        662        400        152          0          0   ROM Totals

==============================================================================

    Total RO  Size (Code + RO Data)                17040 (  16.64kB)
    Total RW  Size (RW Data + ZI Data)              1520 (   1.48kB)
    Total ROM Size (Code + RO Data + RW Data)      17192 (  16.79kB)

==============================================================================

